Component: ARM Compiler 5.05 update 1 (build 106) Tool: armlink [4d0efa]

==============================================================================

Section Cross References

    system_stm32f4xx.o(i.SystemCoreClockUpdate) refers to system_stm32f4xx.o(.data) for SystemCoreClock
    system_stm32f4xx.o(i.SystemInit) refers to system_stm32f4xx.o(i.SetSysClock) for SetSysClock
    stm32f4xx_it.o(i.CAN1_RX0_IRQHandler) refers to stm32f4xx_can.o(i.CAN_GetITStatus) for CAN_GetITStatus
    stm32f4xx_it.o(i.CAN1_RX0_IRQHandler) refers to stm32f4xx_can.o(i.CAN_ClearITPendingBit) for CAN_ClearITPendingBit
    stm32f4xx_it.o(i.CAN1_RX0_IRQHandler) refers to stm32f4xx_can.o(i.CAN_ClearFlag) for CAN_ClearFlag
    stm32f4xx_it.o(i.CAN1_RX0_IRQHandler) refers to stm32f4xx_can.o(i.CAN_Receive) for CAN_Receive
    stm32f4xx_it.o(i.CAN1_RX0_IRQHandler) refers to bsp_esc.o(i.C620_GetMotorInfo) for C620_GetMotorInfo
    stm32f4xx_it.o(i.CAN1_TX_IRQHandler) refers to stm32f4xx_can.o(i.CAN_GetITStatus) for CAN_GetITStatus
    stm32f4xx_it.o(i.CAN1_TX_IRQHandler) refers to stm32f4xx_can.o(i.CAN_ClearITPendingBit) for CAN_ClearITPendingBit
    stm32f4xx_it.o(i.TIM2_IRQHandler) refers to stm32f4xx_tim.o(i.TIM_GetITStatus) for TIM_GetITStatus
    stm32f4xx_it.o(i.TIM2_IRQHandler) refers to stm32f4xx_tim.o(i.TIM_ClearITPendingBit) for TIM_ClearITPendingBit
    stm32f4xx_it.o(i.TIM2_IRQHandler) refers to bsp_led.o(i.LED_Task) for LED_Task
    stm32f4xx_it.o(i.TIM3_IRQHandler) refers to stm32f4xx_tim.o(i.TIM_GetITStatus) for TIM_GetITStatus
    stm32f4xx_it.o(i.TIM3_IRQHandler) refers to stm32f4xx_tim.o(i.TIM_ClearITPendingBit) for TIM_ClearITPendingBit
    stm32f4xx_it.o(i.USART1_IRQHandler) refers to stm32f4xx_usart.o(i.USART_GetFlagStatus) for USART_GetFlagStatus
    stm32f4xx_it.o(i.USART1_IRQHandler) refers to stm32f4xx_usart.o(i.USART_ClearITPendingBit) for USART_ClearITPendingBit
    stm32f4xx_it.o(i.USART2_IRQHandler) refers to bsp_joystick.o(i.RemoteAnalyzeTask) for RemoteAnalyzeTask
    stm32f4xx_it.o(i.USART3_IRQHandler) refers to stm32f4xx_usart.o(i.USART_GetFlagStatus) for USART_GetFlagStatus
    stm32f4xx_it.o(i.USART3_IRQHandler) refers to stm32f4xx_usart.o(i.USART_ClearITPendingBit) for USART_ClearITPendingBit
    stm32f4xx_it.o(i.USART6_IRQHandler) refers to stm32f4xx_usart.o(i.USART_GetFlagStatus) for USART_GetFlagStatus
    stm32f4xx_it.o(i.USART6_IRQHandler) refers to stm32f4xx_usart.o(i.USART_ClearITPendingBit) for USART_ClearITPendingBit
    main.o(i.main) refers to init.o(i.System_Init) for System_Init
    main.o(i.main) refers to demo_moto.o(i.Moto_Init) for Moto_Init
    main.o(i.main) refers to drv_systick.o(i.delay_ms) for delay_ms
    main.o(i.main) refers to demo_moto.o(i.Moto_1ms_task) for Moto_1ms_task
    main.o(i.main) refers to demo_moto.o(.data) for g_set_position
    init.o(i.System_Init) refers to system_stm32f4xx.o(i.SystemInit) for SystemInit
    init.o(i.System_Init) refers to misc.o(i.NVIC_PriorityGroupConfig) for NVIC_PriorityGroupConfig
    init.o(i.System_Init) refers to drv_systick.o(i.delay_init) for delay_init
    init.o(i.System_Init) refers to drv_uart.o(i.USART1_Init) for USART1_Init
    init.o(i.System_Init) refers to drv_uart.o(i.USART2_Init) for USART2_Init
    init.o(i.System_Init) refers to drv_can.o(i.CAN1_Init) for CAN1_Init
    init.o(i.System_Init) refers to drv_uart.o(i.Serial_Send) for Serial_Send
    init.o(i.System_Init) refers to bsp_led.o(i.LED_Init) for LED_Init
    free_rtos_test.o(i.Float_task) refers to f2d.o(x$fpl$f2d) for __aeabi_f2d
    free_rtos_test.o(i.Float_task) refers to drv_uart.o(i.my_printf) for my_printf
    free_rtos_test.o(i.Float_task) refers to tasks.o(i.vTaskDelay) for vTaskDelay
    free_rtos_test.o(i.Float_task) refers to free_rtos_test.o(.data) for x
    free_rtos_test.o(i.LED0_task) refers to stm32f4xx_gpio.o(i.GPIO_ResetBits) for GPIO_ResetBits
    free_rtos_test.o(i.LED0_task) refers to tasks.o(i.vTaskDelay) for vTaskDelay
    free_rtos_test.o(i.LED0_task) refers to stm32f4xx_gpio.o(i.GPIO_SetBits) for GPIO_SetBits
    free_rtos_test.o(i.LED1_task) refers to stm32f4xx_gpio.o(i.GPIO_ResetBits) for GPIO_ResetBits
    free_rtos_test.o(i.LED1_task) refers to tasks.o(i.vTaskDelay) for vTaskDelay
    free_rtos_test.o(i.LED1_task) refers to stm32f4xx_gpio.o(i.GPIO_SetBits) for GPIO_SetBits
    free_rtos_test.o(i.Print_task) refers to drv_uart.o(i.my_printf) for my_printf
    free_rtos_test.o(i.Print_task) refers to tasks.o(i.vTaskDelay) for vTaskDelay
    free_rtos_test.o(i.Start_task) refers to port.o(i.vPortEnterCritical) for vPortEnterCritical
    free_rtos_test.o(i.Start_task) refers to port.o(i.vPortExitCritical) for vPortExitCritical
    free_rtos_test.o(i.free_rtos) refers to tasks.o(i.xTaskCreate) for xTaskCreate
    free_rtos_test.o(i.free_rtos) refers to tasks.o(i.vTaskStartScheduler) for vTaskStartScheduler
    free_rtos_test.o(i.free_rtos) refers to free_rtos_test.o(.data) for t0
[...]
    .text                                    0x08001484   Section      128  strcmpv7m.o(.text)
    .text                                    0x08001504   Section        0  sys_exit.o(.text)
    .text                                    0x08001510   Section        2  use_no_semi.o(.text)
    .text                                    0x08001512   Section        0  indicate_semi.o(.text)
    CL$$btod_d2e                             0x08001512   Section       62  btod.o(CL$$btod_d2e)
    CL$$btod_d2e_denorm_low                  0x08001550   Section       70  btod.o(CL$$btod_d2e_denorm_low)
    CL$$btod_d2e_norm_op1                    0x08001596   Section       96  btod.o(CL$$btod_d2e_norm_op1)
    CL$$btod_div_common                      0x080015f6   Section      824  btod.o(CL$$btod_div_common)
    CL$$btod_e2e                             0x0800192e   Section      198  btod.o(CL$$btod_e2e)
    CL$$btod_ediv                            0x080019f4   Section       40  btod.o(CL$$btod_ediv)
    CL$$btod_emul                            0x08001a1c   Section       40  btod.o(CL$$btod_emul)
    CL$$btod_mult_common                     0x08001a44   Section      580  btod.o(CL$$btod_mult_common)
    i.BusFault_Handler                       0x08001c88   Section        0  stm32f4xx_it.o(i.BusFault_Handler)
    i.C620_GetMotorInfo                      0x08001c8c   Section        0  bsp_esc.o(i.C620_GetMotorInfo)
    i.C620_SendCurrentVal                    0x08001d70   Section        0  bsp_esc.o(i.C620_SendCurrentVal)
    i.CAN1_Init                              0x08001df0   Section        0  drv_can.o(i.CAN1_Init)
    i.CAN1_RX0_IRQHandler                    0x08001eec   Section        0  stm32f4xx_it.o(i.CAN1_RX0_IRQHandler)
    i.CAN1_TX_IRQHandler                     0x08001f24   Section        0  stm32f4xx_it.o(i.CAN1_TX_IRQHandler)
    i.CAN_ClearFlag                          0x08001f40   Section        0  stm32f4xx_can.o(i.CAN_ClearFlag)
    i.CAN_ClearITPendingBit                  0x08001f78   Section        0  stm32f4xx_can.o(i.CAN_ClearITPendingBit)
    i.CAN_FilterInit                         0x08002020   Section        0  stm32f4xx_can.o(i.CAN_FilterInit)
    i.CAN_GetITStatus                        0x08002128   Section        0  stm32f4xx_can.o(i.CAN_GetITStatus)
    i.CAN_ITConfig                           0x08002248   Section        0  stm32f4xx_can.o(i.CAN_ITConfig)
    i.CAN_Init                               0x0800225a   Section        0  stm32f4xx_can.o(i.CAN_Init)
    i.CAN_Receive                            0x0800236e   Section        0  stm32f4xx_can.o(i.CAN_Receive)
    i.CAN_Transmit                           0x0800245e   Section        0  stm32f4xx_can.o(i.CAN_Transmit)
    i.CheckITStatus                          0x08002584   Section        0  stm32f4xx_can.o(i.CheckITStatus)
    CheckITStatus                            0x08002585   Thumb Code    18  stm32f4xx_can.o(i.CheckITStatus)
    i.DebugMon_Handler                       0x08002596   Section        0  stm32f4xx_it.o(i.DebugMon_Handler)
    i.GPIO_Format_Init                       0x08002598   Section        0  drv_gpio.o(i.GPIO_Format_Init)
    i.GPIO_Init                              0x080027b8   Section        0  stm32f4xx_gpio.o(i.GPIO_Init)
    i.GPIO_PinAFConfig                       0x08002848   Section        0  stm32f4xx_gpio.o(i.GPIO_PinAFConfig)
    i.GPIO_ResetBits                         0x0800288e   Section        0  stm32f4xx_gpio.o(i.GPIO_ResetBits)
    i.GPIO_SetBits                           0x08002892   Section        0  stm32f4xx_gpio.o(i.GPIO_SetBits)
    i.HardFault_Handler                      0x08002896   Section        0  stm32f4xx_it.o(i.HardFault_Handler)
    i.LED_Init                               0x0800289c   Section        0  bsp_led.o(i.LED_Init)
    i.LED_Task                               0x080028c0   Section        0  bsp_led.o(i.LED_Task)
    i.MemManage_Handler                      0x08002910   Section        0  stm32f4xx_it.o(i.MemManage_Handler)
    i.Moto_1ms_task                          0x08002914   Section        0  demo_moto.o(i.Moto_1ms_task)
    i.Moto_API_Cal_GetCurrentVelocityMode    0x080029ac   Section        0  moto_control.o(i.Moto_API_Cal_GetCurrentVelocityMode)
    i.Moto_API_PID_Init                      0x080029f0   Section        0  moto_control.o(i.Moto_API_PID_Init)
    i.Moto_API_SetMotoInfo                   0x08002a80   Section        0  moto_control.o(i.Moto_API_SetMotoInfo)
    i.Moto_Init                              0x08002a8c   Section        0  demo_moto.o(i.Moto_Init)
    i.NMI_Handler                            0x08002a9c   Section        0  stm32f4xx_it.o(i.NMI_Handler)
    i.NVIC_Init                              0x08002aa0   Section        0  misc.o(i.NVIC_Init)
    i.NVIC_PriorityGroupConfig               0x08002b18   Section        0  misc.o(i.NVIC_PriorityGroupConfig)
    i.PID_API_inputData_getOutputPosition    0x08002b2c   Section        0  pid.o(i.PID_API_inputData_getOutputPosition)
    i.PID_API_set_parameter                  0x08002b46   Section        0  pid.o(i.PID_API_set_parameter)
    i.PID_API_set_reference                  0x08002baa   Section        0  pid.o(i.PID_API_set_reference)
    i.PID_cal_positon_err                    0x08002bb0   Section        0  pid.o(i.PID_cal_positon_err)
    i.PID_cal_positon_output                 0x08002c1c   Section        0  pid.o(i.PID_cal_positon_output)
    i.PID_t_data_clear                       0x08002cc4   Section        0  pid.o(i.PID_t_data_clear)
    i.RCC_AHB1PeriphClockCmd                 0x08002d04   Section        0  stm32f4xx_rcc.o(i.RCC_AHB1PeriphClockCmd)
    i.RCC_APB1PeriphClockCmd                 0x08002d24   Section        0  stm32f4xx_rcc.o(i.RCC_APB1PeriphClockCmd)
    i.RCC_APB2PeriphClockCmd                 0x08002d44   Section        0  stm32f4xx_rcc.o(i.RCC_APB2PeriphClockCmd)
    i.RCC_GetClocksFreq                      0x08002d64   Section        0  stm32f4xx_rcc.o(i.RCC_GetClocksFreq)
    i.RemoteAnalyzeTask                      0x08002e4c   Section        0  bsp_joystick.o(i.RemoteAnalyzeTask)
    i.Serial_Send                            0x08002f80   Section        0  drv_uart.o(i.Serial_Send)
    i.Serial_SendByte                        0x08003128   Section        0  drv_uart.o(i.Serial_SendByte)
    i.SetSysClock                            0x08003148   Section        0  system_stm32f4xx.o(i.SetSysClock)
    SetSysClock                              0x08003149   Thumb Code   220  system_stm32f4xx.o(i.SetSysClock)
    i.SysTick_CLKSourceConfig                0x08003234   Section        0  misc.o(i.SysTick_CLKSourceConfig)
    i.SysTick_Handler                        0x0800325c   Section        0  drv_systick.o(i.SysTick_Handler)
    i.SystemInit                             0x0800326c   Section        0  system_stm32f4xx.o(i.SystemInit)
    i.System_Init                            0x080032d4   Section        0  init.o(i.System_Init)
    i.TIM2_IRQHandler                        0x08003340   Section        0  stm32f4xx_it.o(i.TIM2_IRQHandler)
    i.TIM3_IRQHandler                        0x08003360   Section        0  stm32f4xx_it.o(i.TIM3_IRQHandler)
    i.TIM_ClearITPendingBit                  0x0800337c   Section        0  stm32f4xx_tim.o(i.TIM_ClearITPendingBit)
    i.TIM_GetITStatus                        0x08003382   Section        0  stm32f4xx_tim.o(i.TIM_GetITStatus)
    i.USART1_IRQHandler                      0x080033a4   Section        0  stm32f4xx_it.o(i.USART1_IRQHandler)
    i.USART1_Init                            0x080033c0   Section        0  drv_uart.o(i.USART1_Init)
    i.USART2_IRQHandler                      0x08003474   Section        0  stm32f4xx_it.o(i.USART2_IRQHandler)
    i.USART2_Init                            0x0800347c   Section        0  drv_uart.o(i.USART2_Init)
    i.USART3_IRQHandler                      0x0800352c   Section        0  stm32f4xx_it.o(i.USART3_IRQHandler)
    i.USART6_IRQHandler                      0x08003548   Section        0  stm32f4xx_it.o(i.USART6_IRQHandler)
    i.USART_ClearITPendingBit                0x08003564   Section        0  stm32f4xx_usart.o(i.USART_ClearITPendingBit)
    i.USART_Cmd                              0x08003582   Section        0  stm32f4xx_usart.o(i.USART_Cmd)
    i.USART_GetFlagStatus                    0x0800359a   Section        0  stm32f4xx_usart.o(i.USART_GetFlagStatus)
    i.USART_ITConfig                         0x080035b4   Section        0  stm32f4xx_usart.o(i.USART_ITConfig)
    i.USART_Init                             0x08003600   Section        0  stm32f4xx_usart.o(i.USART_Init)
    i.USART_ReceiveData                      0x080036d4   Section        0  stm32f4xx_usart.o(i.USART_ReceiveData)
    i.USART_SendData                         0x080036de   Section        0  stm32f4xx_usart.o(i.USART_SendData)
    i.UnPack                                 0x080036e8   Section        0  bsp_joystick.o(i.UnPack)
    i.UpdateRemoteInfo                       0x080037c4   Section        0  bsp_joystick.o(i.UpdateRemoteInfo)
    i.UsageFault_Handler                     0x08003868   Section        0  stm32f4xx_it.o(i.UsageFault_Handler)
    i.__ARM_fpclassify                       0x0800386c   Section        0  fpclassify.o(i.__ARM_fpclassify)
    i._is_digit                              0x0800389c   Section        0  __printf_wp.o(i._is_digit)
    i.absLimit                               0x080038aa   Section        0  user_math.o(i.absLimit)
    i.absLimit_int16                         0x080038d8   Section        0  user_math.o(i.absLimit_int16)
    i.delay_init                             0x080038f4   Section        0  drv_systick.o(i.delay_init)
    i.delay_ms                               0x08003938   Section        0  drv_systick.o(i.delay_ms)
    i.delay_us                               0x0800397c   Section        0  drv_systick.o(i.delay_us)
    i.itoa                                   0x080039c4   Section        0  drv_uart.o(i.itoa)
    i.main                                   0x08003a2c   Section        0  main.o(i.main)
    i.my_printf                              0x08003a60   Section        0  drv_uart.o(i.my_printf)
    i.prvAddCurrentTaskToDelayedList         0x08003ab0   Section        0  tasks.o(i.prvAddCurrentTaskToDelayedList)
    prvAddCurrentTaskToDelayedList           0x08003ab1   Thumb Code   124  tasks.o(i.prvAddCurrentTaskToDelayedList)
    i.prvResetNextTaskUnblockTime            0x08003b48   Section        0  tasks.o(i.prvResetNextTaskUnblockTime)
    prvResetNextTaskUnblockTime              0x08003b49   Thumb Code    42  tasks.o(i.prvResetNextTaskUnblockTime)
    i.uxListRemove                           0x08003b7c   Section        0  list.o(i.uxListRemove)
    i.vListInsert                            0x08003ba4   Section        0  list.o(i.vListInsert)
    i.vListInsertEnd                         0x08003bd8   Section        0  list.o(i.vListInsertEnd)
    i.vPortEnterCritical                     0x08003bf0   Section        0  port.o(i.vPortEnterCritical)
    i.vPortExitCritical                      0x08003c44   Section        0  port.o(i.vPortExitCritical)
    i.vTaskDelay                             0x08003c80   Section        0  tasks.o(i.vTaskDelay)
    i.vTaskSuspendAll                        0x08003cdc   Section        0  tasks.o(i.vTaskSuspendAll)
    i.vTaskSwitchContext                     0x08003cec   Section        0  tasks.o(i.vTaskSwitchContext)
    i.xPortSysTickHandler                    0x08003d78   Section        0  port.o(i.xPortSysTickHandler)
    i.xTaskGetSchedulerState                 0x08003dac   Section        0  tasks.o(i.xTaskGetSchedulerState)
    i.xTaskIncrementTick                     0x08003dcc   Section        0  tasks.o(i.xTaskIncrementTick)
    i.xTaskResumeAll                         0x08003f14   Section        0  tasks.o(i.xTaskResumeAll)
    locale$$code                             0x08004018   Section       44  lc_numeric_c.o(locale$$code)
    locale$$code                             0x08004044   Section       44  lc_ctype_c.o(locale$$code)
    x$fpl$fpinit                             0x08004070   Section       10  fpinit.o(x$fpl$fpinit)
    $v0                                      0x08004070   Number         0  fpinit.o(x$fpl$fpinit)
    x$fpl$printf1                            0x0800407a   Section        4  printf1.o(x$fpl$printf1)
    $v0                                      0x0800407a   Number         0  printf1.o(x$fpl$printf1)
    x$fpl$printf2                            0x0800407e   Section        4  printf2.o(x$fpl$printf2)
    $v0                                      0x0800407e   Number         0  printf2.o(x$fpl$printf2)
    .constdata                               0x08004082   Section       40  _printf_hex_int_ll_ptr.o(.constdata)
    x$fpl$usenofp                            0x08004082   Section        0  usenofp.o(x$fpl$usenofp)
    uc_hextab                                0x08004082   Data          20  _printf_hex_int_ll_ptr.o(.constdata)
    lc_hextab                                0x08004096   Data          20  _printf_hex_int_ll_ptr.o(.constdata)
    .constdata                               0x080040aa   Section       17  __printf_flags_ss_wp.o(.constdata)
    maptable                                 0x080040aa   Data          17  __printf_flags_ss_wp.o(.constdata)
    .constdata                               0x080040bc   Section        8  _printf_wctomb.o(.constdata)
    initial_mbstate                          0x080040bc   Data           8  _printf_wctomb.o(.constdata)
    .constdata                               0x080040c4   Section       38  _printf_fp_hex.o(.constdata)
    lc_hextab                                0x080040c4   Data          19  _printf_fp_hex.o(.constdata)
    uc_hextab                                0x080040d7   Data          19  _printf_fp_hex.o(.constdata)
    .constdata                               0x080040ec   Section      148  bigflt0.o(.constdata)
    tenpwrs_x                                0x080040ec   Data          60  bigflt0.o(.constdata)
    tenpwrs_i                                0x08004128   Data          64  bigflt0.o(.constdata)
    locale$$data                             0x080041a0   Section       28  lc_numeric_c.o(locale$$data)
    __lcnum_c_name                           0x080041a4   Data           2  lc_numeric_c.o(locale$$data)
    __lcnum_c_start                          0x080041ac   Data           0  lc_numeric_c.o(locale$$data)
    __lcnum_c_point                          0x080041b8   Data           0  lc_numeric_c.o(locale$$data)
    __lcnum_c_thousands                      0x080041ba   Data           0  lc_numeric_c.o(locale$$data)
    __lcnum_c_grouping                       0x080041bb   Data           0  lc_numeric_c.o(locale$$data)
    locale$$data                             0x080041bc   Section      272  lc_ctype_c.o(locale$$data)
    __lcnum_c_end                            0x080041bc   Data           0  lc_numeric_c.o(locale$$data)
    __lcctype_c_name                         0x080041c0   Data           2  lc_ctype_c.o(locale$$data)
    __lcctype_c_start                        0x080041c8   Data           0  lc_ctype_c.o(locale$$data)
    __lcctype_c_end                          0x080042cc   Data           0  lc_ctype_c.o(locale$$data)
    .data                                    0x20000000   Section        4  drv_systick.o(.data)
    fac_us                                   0x20000000   Data           1  drv_systick.o(.data)
    fac_ms                                   0x20000002   Data           2  drv_systick.o(.data)
    .data                                    0x20000004   Section        4  bsp_led.o(.data)
    i                                        0x20000004   Data           2  bsp_led.o(.data)
    Flag                                     0x20000006   Data           2  bsp_led.o(.data)
    .data                                    0x20000008   Section        7  bsp_joystick.o(.data)
    RxData                                   0x2000000b   Data           1  bsp_joystick.o(.data)
    Counter                                  0x2000000c   Data           1  bsp_joystick.o(.data)
    i                                        0x2000000d   Data           1  bsp_joystick.o(.data)
    i                                        0x2000000e   Data           1  bsp_joystick.o(.data)
    .data                                    0x2000000f   Section       16  stm32f4xx_rcc.o(.data)
    APBAHBPrescTable                         0x2000000f   Data          16  stm32f4xx_rcc.o(.data)
    .data                                    0x20000020   Section       60  tasks.o(.data)
    pxDelayedTaskList                        0x20000024   Data           4  tasks.o(.data)
    pxOverflowDelayedTaskList                0x20000028   Data           4  tasks.o(.data)
    uxDeletedTasksWaitingCleanUp             0x2000002c   Data           4  tasks.o(.data)
    uxCurrentNumberOfTasks                   0x20000030   Data           4  tasks.o(.data)
    xTickCount                               0x20000034   Data           4  tasks.o(.data)
    uxTopReadyPriority                       0x20000038   Data           4  tasks.o(.data)
    xSchedulerRunning                        0x2000003c   Data           4  tasks.o(.data)
    uxPendedTicks                            0x20000040   Data           4  tasks.o(.data)
    xYieldPending                            0x20000044   Data           4  tasks.o(.data)
    xNumOfOverflows                          0x20000048   Data           4  tasks.o(.data)
    uxTaskNumber                             0x2000004c   Data           4  tasks.o(.data)
    xNextTaskUnblockTime                     0x20000050   Data           4  tasks.o(.data)
    xIdleTaskHandle                          0x20000054   Data           4  tasks.o(.data)
    uxSchedulerSuspended                     0x20000058   Data           4  tasks.o(.data)
    .data                                    0x2000005c   Section       12  port.o(.data)
    uxCriticalNesting                        0x2000005c   Data           4  port.o(.data)
    ucMaxSysCallPriority                     0x20000060   Data           1  port.o(.data)
    ulMaxPRIGROUPValue                       0x20000064   Data           4  port.o(.data)
    .data                                    0x20000068   Section       12  demo_moto.o(.data)
    i                                        0x20000070   Data           4  demo_moto.o(.data)
    .bss                                     0x20000074   Section       96  bsp_esc.o(.bss)
    .bss                                     0x200000d4   Section       76  bsp_joystick.o(.bss)
    .bss                                     0x20000120   Section      300  tasks.o(.bss)
    pxReadyTasksLists                        0x20000120   Data         200  tasks.o(.bss)
    xDelayedTaskList1                        0x200001e8   Data          20  tasks.o(.bss)
    xDelayedTaskList2                        0x200001fc   Data          20  tasks.o(.bss)
    xPendingReadyList                        0x20000210   Data          20  tasks.o(.bss)
    xTasksWaitingTermination                 0x20000224   Data          20  tasks.o(.bss)
    xSuspendedTaskList                       0x20000238   Data          20  tasks.o(.bss)
    .bss                                     0x2000024c   Section      196  demo_moto.o(.bss)
    .bss                                     0x20000310   Section       96  libspace.o(.bss)
    HEAP                                     0x20000370   Section      512  startup_stm32f40_41xxx.o(HEAP)
    Heap_Mem                                 0x20000370   Data         512  startup_stm32f40_41xxx.o(HEAP)
    STACK                                    0x20000570   Section     1024  startup_stm32f40_41xxx.o(STACK)
    Stack_Mem                                0x20000570   Data        1024  startup_stm32f40_41xxx.o(STACK)
    __initial_sp                             0x20000970   Data           0  startup_stm32f40_41xxx.o(STACK)

    Global Symbols

    Symbol Name                              Value     Ov Type        Size  Object(Section)

    BuildAttributes$$THM_ISAv4$E$P$D$K$B$S$7EM$VFPi3$EXTD16$VFPS$VFMA$PE$A:L22UL41UL21$X:L11$S22US41US21$IEEE1$IW$USESV6$~STKCKD$USESV7$~SHL$OTIME$ROPI$IEEEX$EBA8$UX$STANDARDLIB$REQ8$PRES8$EABIv2 0x00000000   Number         0  anon$$obj.o ABSOLUTE
    __ARM_use_no_argv                        0x00000000   Number         0  main.o ABSOLUTE
    _printf_flags                            0x00000000   Number         0  printf_stubs.o ABSOLUTE
    _printf_return_value                     0x00000000   Number         0  printf_stubs.o ABSOLUTE
    _printf_sizespec                         0x00000000   Number         0  printf_stubs.o ABSOLUTE
    _printf_widthprec                        0x00000000   Number         0  printf_stubs.o ABSOLUTE
    __ARM_exceptions_init                     - Undefined Weak Reference
    __alloca_initialize                       - Undefined Weak Reference
    __arm_preinit_                            - Undefined Weak Reference
    __cpp_initialize__aeabi_                  - Undefined Weak Reference
    __cxa_finalize                            - Undefined Weak Reference
    __sigvec_lookup                           - Undefined Weak Reference
    _atexit_init                              - Undefined Weak Reference
    _call_atexit_fns                          - Undefined Weak Reference
    _clock_init                               - Undefined Weak Reference
    _fp_trap_init                             - Undefined Weak Reference
    _fp_trap_shutdown                         - Undefined Weak Reference
    _get_lc_collate                           - Undefined Weak Reference
    _get_lc_monetary                          - Undefined Weak Reference
    _get_lc_time                              - Undefined Weak Reference
    _getenv_init                              - Undefined Weak Reference
    _handle_redirection                       - Undefined Weak Reference
    _init_alloc                               - Undefined Weak Reference
    _init_user_alloc                          - Undefined Weak Reference
    _initio                                   - Undefined Weak Reference
    _printf_mbtowc                            - Undefined Weak Reference
    _printf_wc                                - Undefined Weak Reference
    _rand_init                                - Undefined Weak Reference
    _signal_finish                            - Undefined Weak Reference
    _signal_init                              - Undefined Weak Reference
    _terminate_alloc                          - Undefined Weak Reference
    _terminate_user_alloc                     - Undefined Weak Reference
    _terminateio                              - Undefined Weak Reference
    __Vectors_Size                           0x00000188   Number         0  startup_stm32f40_41xxx.o ABSOLUTE
    __Vectors                                0x08000000   Data           4  startup_stm32f40_41xxx.o(RESET)
    __Vectors_End                            0x08000188   Data           0  startup_stm32f40_41xxx.o(RESET)
    __main                                   0x08000189   Thumb Code     8  __main.o(!!!main)
    __scatterload                            0x08000191   Thumb Code     0  __scatter.o(!!!scatter)
    __scatterload_rt2                        0x08000191   Thumb Code    44  __scatter.o(!!!scatter)
    __scatterload_rt2_thumb_only             0x08000191   Thumb Code     0  __scatter.o(!!!scatter)
    __scatterload_null                       0x0800019f   Thumb Code     0  __scatter.o(!!!scatter)
    __scatterload_copy                       0x080001c5   Thumb Code    26  __scatter_copy.o(!!handler_copy)
    __scatterload_zeroinit                   0x080001e1   Thumb Code    28  __scatter_zi.o(!!handler_zi)
    _printf_n                                0x080001fd   Thumb Code     0  _printf_n.o(.ARM.Collect$$_printf_percent$$00000001)
    _printf_percent                          0x080001fd   Thumb Code     0  _printf_percent.o(.ARM.Collect$$_printf_percent$$00000000)
    _printf_p                                0x08000203   Thumb Code     0  _printf_p.o(.ARM.Collect$$_printf_percent$$00000002)
    _printf_f                                0x08000209   Thumb Code     0  _printf_f.o(.ARM.Collect$$_printf_percent$$00000003)
    _printf_e                                0x0800020f   Thumb Code     0  _printf_e.o(.ARM.Collect$$_printf_percent$$00000004)
    _printf_g                                0x08000215   Thumb Code     0  _printf_g.o(.ARM.Collect$$_printf_percent$$00000005)
    _printf_a                                0x0800021b   Thumb Code     0  _printf_a.o(.ARM.Collect$$_printf_percent$$00000006)
    _printf_ll                               0x08000221   Thumb Code     0  _printf_ll.o(.ARM.Collect$$_printf_percent$$00000007)
    _printf_i                                0x0800022b   Thumb Code     0  _printf_i.o(.ARM.Collect$$_printf_percent$$00000008)
    _printf_d                                0x08000231   Thumb Code     0  _printf_d.o(.ARM.Collect$$_printf_percent$$00000009)
    _printf_u                                0x08000237   Thumb Code     0  _printf_u.o(.ARM.Collect$$_printf_percent$$0000000A)
    _printf_o                                0x0800023d   Thumb Code     0  _printf_o.o(.ARM.Collect$$_printf_percent$$0000000B)
    _printf_x                                0x08000243   Thumb Code     0  _printf_x.o(.ARM.Collect$$_printf_percent$$0000000C)
    _printf_lli                              0x08000249   Thumb Code     0  _printf_lli.o(.ARM.Collect$$_printf_percent$$0000000D)
    _printf_lld                              0x0800024f   Thumb Code     0  _printf_lld.o(.ARM.Collect$$_printf_percent$$0000000E)
    _printf_llu                              0x08000255   Thumb Code     0  _printf_llu.o(.ARM.Collect$$_printf_percent$$0000000F)
    _printf_llo                              0x0800025b   Thumb Code     0  _printf_llo.o(.ARM.Collect$$_printf_percent$$00000010)
    _printf_llx                              0x08000261   Thumb Code     0  _printf_llx.o(.ARM.Collect$$_printf_percent$$00000011)
    _printf_l                                0x08000267   Thumb Code     0  _printf_l.o(.ARM.Collect$$_printf_percent$$00000012)
    _printf_c                                0x08000271   Thumb Code     0  _printf_c.o(.ARM.Collect$$_printf_percent$$00000013)
    _printf_s                                0x08000277   Thumb Code     0  _printf_s.o(.ARM.Collect$$_printf_percent$$00000014)
    _printf_lc                               0x0800027d   Thumb Code     0  _printf_lc.o(.ARM.Collect$$_printf_percent$$00000015)
    _printf_ls                               0x08000283   Thumb Code     0  _printf_ls.o(.ARM.Collect$$_printf_percent$$00000016)
    _printf_percent_end                      0x08000289   Thumb Code     0  _printf_percent_end.o(.ARM.Collect$$_printf_percent$$00000017)
    __rt_lib_init                            0x0800028d   Thumb Code     0  libinit.o(.ARM.Collect$$libinit$$00000000)
    __rt_lib_init_fp_1                       0x0800028f   Thumb Code     0  libinit2.o(.ARM.Collect$$libinit$$00000001)
    __rt_lib_init_heap_1                     0x08000293   Thumb Code     0  libinit2.o(.ARM.Collect$$libinit$$0000000A)
    __rt_lib_init_lc_common                  0x08000293   Thumb Code     0  libinit2.o(.ARM.Collect$$libinit$$0000000F)
    __rt_lib_init_preinit_1                  0x08000293   Thumb Code     0  libinit2.o(.ARM.Collect$$libinit$$00000004)
    __rt_lib_init_rand_1                     0x08000293   Thumb Code     0  libinit2.o(.ARM.Collect$$libinit$$0000000E)
    __rt_lib_init_user_alloc_1               0x08000293   Thumb Code     0  libinit2.o(.ARM.Collect$$libinit$$0000000C)
    __rt_lib_init_lc_collate_1               0x08000299   Thumb Code     0  libinit2.o(.ARM.Collect$$libinit$$00000011)
    __rt_lib_init_lc_ctype_2                 0x08000299   Thumb Code     0  libinit2.o(.ARM.Collect$$libinit$$00000012)
    __rt_lib_init_lc_ctype_1                 0x080002a5   Thumb Code     0  libinit2.o(.ARM.Collect$$libinit$$00000013)
    __rt_lib_init_lc_monetary_1              0x080002a5   Thumb Code     0  libinit2.o(.ARM.Collect$$libinit$$00000015)
    __rt_lib_init_lc_numeric_2               0x080002a5   Thumb Code     0  libinit2.o(.ARM.Collect$$libinit$$00000016)
    __rt_lib_init_alloca_1                   0x080002af   Thumb Code     0  libinit2.o(.ARM.Collect$$libinit$$0000002E)
    __rt_lib_init_argv_1                     0x080002af   Thumb Code     0  libinit2.o(.ARM.Collect$$libinit$$0000002C)
    __rt_lib_init_atexit_1                   0x080002af   Thumb Code     0  libinit2.o(.ARM.Collect$$libinit$$0000001B)
    __rt_lib_init_clock_1                    0x080002af   Thumb Code     0  libinit2.o(.ARM.Collect$$libinit$$00000021)
    __rt_lib_init_cpp_1                      0x080002af   Thumb Code     0  libinit2.o(.ARM.Collect$$libinit$$00000032)
    __rt_lib_init_exceptions_1               0x080002af   Thumb Code     0  libinit2.o(.ARM.Collect$$libinit$$00000030)
    __rt_lib_init_fp_trap_1                  0x080002af   Thumb Code     0  libinit2.o(.ARM.Collect$$libinit$$0000001F)
    __rt_lib_init_getenv_1                   0x080002af   Thumb Code     0  libinit2.o(.ARM.Collect$$libinit$$00000023)
    __rt_lib_init_lc_numeric_1               0x080002af   Thumb Code     0  libinit2.o(.ARM.Collect$$libinit$$00000017)
    __rt_lib_init_lc_time_1                  0x080002af   Thumb Code     0  libinit2.o(.ARM.Collect$$libinit$$00000019)
    __rt_lib_init_return                     0x080002af   Thumb Code     0  libinit2.o(.ARM.Collect$$libinit$$00000033)
    __rt_lib_init_signal_1                   0x080002af   Thumb Code     0  libinit2.o(.ARM.Collect$$libinit$$0000001D)
    __rt_lib_init_stdio_1                    0x080002af   Thumb Code     0  libinit2.o(.ARM.Collect$$libinit$$00000025)
    __rt_lib_shutdown                        0x080002b1   Thumb Code     0  libshutdown.o(.ARM.Collect$$libshutdown$$00000000)
    __rt_lib_shutdown_fp_trap_1              0x080002b3   Thumb Code     0  libshutdown2.o(.ARM.Collect$$libshutdown$$00000006)
    __rt_lib_shutdown_heap_1                 0x080002b3   Thumb Code     0  libshutdown2.o(.ARM.Collect$$libshutdown$$0000000E)
    __rt_lib_shutdown_return                 0x080002b3   Thumb Code     0  libshutdown2.o(.ARM.Collect$$libshutdown$$0000000F)
    __rt_lib_shutdown_signal_1               0x080002b3   Thumb Code     0  libshutdown2.o(.ARM.Collect$$libshutdown$$00000009)
    __rt_lib_shutdown_stdio_1                0x080002b3   Thumb Code     0  libshutdown2.o(.ARM.Collect$$libshutdown$$00000003)
    __rt_lib_shutdown_user_alloc_1           0x080002b3   Thumb Code     0  libshutdown2.o(.ARM.Collect$$libshutdown$$0000000B)
    __rt_entry                               0x080002b5   Thumb Code     0  __rtentry.o(.ARM.Collect$$rtentry$$00000000)
    __rt_entry_presh_1                       0x080002b5   Thumb Code     0  __rtentry2.o(.ARM.Collect$$rtentry$$00000002)
    __rt_entry_sh                            0x080002b5   Thumb Code     0  __rtentry4.o(.ARM.Collect$$rtentry$$00000004)
    __rt_entry_li                            0x080002bb   Thumb Code     0  __rtentry2.o(.ARM.Collect$$rtentry$$0000000A)
    __rt_entry_postsh_1                      0x080002bb   Thumb Code     0  __rtentry2.o(.ARM.Collect$$rtentry$$00000009)
    __rt_entry_main                          0x080002bf   Thumb Code     0  __rtentry2.o(.ARM.Collect$$rtentry$$0000000D)
    __rt_entry_postli_1                      0x080002bf   Thumb Code     0  __rtentry2.o(.ARM.Collect$$rtentry$$0000000C)
    __rt_exit                                0x080002c7   Thumb Code     0  rtexit.o(.ARM.Collect$$rtexit$$00000000)
    __rt_exit_ls                             0x080002c9   Thumb Code     0  rtexit2.o(.ARM.Collect$$rtexit$$00000003)
    __rt_exit_prels_1                        0x080002c9   Thumb Code     0  rtexit2.o(.ARM.Collect$$rtexit$$00000002)
    __rt_exit_exit                           0x080002cd   Thumb Code     0  rtexit2.o(.ARM.Collect$$rtexit$$00000004)
    SVC_Handler                              0x080002d5   Thumb Code    28  port.o(.emb_text)
    __asm___6_port_c_39a90d8d__prvStartFirstTask 0x080002f5   Thumb Code    28  port.o(.emb_text)
    __asm___6_port_c_39a90d8d__prvEnableVFP  0x08000315   Thumb Code    16  port.o(.emb_text)
    PendSV_Handler                           0x08000329   Thumb Code    88  port.o(.emb_text)
    vPortGetIPSR                             0x08000385   Thumb Code     6  port.o(.emb_text)
    Reset_Handler                            0x0800038d   Thumb Code     8  startup_stm32f40_41xxx.o(.text)
    ADC_IRQHandler                           0x080003a7   Thumb Code     0  startup_stm32f40_41xxx.o(.text)
    CAN1_RX1_IRQHandler                      0x080003a7   Thumb Code     0  startup_stm32f40_41xxx.o(.text)
    CAN1_SCE_IRQHandler                      0x080003a7   Thumb Code     0  startup_stm32f40_41xxx.o(.text)
    CAN2_RX0_IRQHandler                      0x080003a7   Thumb Code     0  startup_stm32f40_41xxx.o(.text)
    CAN2_RX1_IRQHandler                      0x080003a7   Thumb Code     0  startup_stm32f40_41xxx.o(.text)
    CAN2_SCE_IRQHandler                      0x080003a7   Thumb Code     0  startup_stm32f40_41xxx.o(.text)
    CAN2_TX_IRQHandler                       0x080003a7   Thumb Code     0  startup_stm32f40_41xxx.o(.text)
    CRYP_IRQHandler                          0x080003a7   Thumb Code     0  startup_stm32f40_41xxx.o(.text)
    DCMI_IRQHandler                          0x080003a7   Thumb Code     0  startup_stm32f40_41xxx.o(.text)
    DMA1_Stream0_IRQHandler                  0x080003a7   Thumb Code     0  startup_stm32f40_41xxx.o(.text)
    DMA1_Stream1_IRQHandler                  0x080003a7   Thumb Code     0  startup_stm32f40_41xxx.o(.text)
    DMA1_Stream2_IRQHandler                  0x080003a7   Thumb Code     0  startup_stm32f40_41xxx.o(.text)
    DMA1_Stream3_IRQHandler                  0x080003a7   Thumb Code     0  startup_stm32f40_41xxx.o(.text)
    DMA1_Stream4_IRQHandler                  0x080003a7   Thumb Code     0  startup_stm32f40_41xxx.o(.text)
    DMA1_Stream5_IRQHandler                  0x080003a7   Thumb Code     0  startup_stm32f40_41xxx.o(.text)
    DMA1_Stream6_IRQHandler                  0x080003a7   Thumb Code     0  startup_stm32f40_41xxx.o(.text)
    DMA1_Stream7_IRQHandler                  0x080003a7   Thumb Code     0  startup_stm32f40_41xxx.o(.text)
    DMA2_Stream0_IRQHandler                  0x080003a7   Thumb Code     0  startup_stm32f40_41xxx.o(.text)
    DMA2_Stream1_IRQHandler                  0x080003a7   Thumb Code     0  startup_stm32f40_41xxx.o(.text)
    DMA2_Stream2_IRQHandler                  0x080003a7   Thumb Code     0  startup_stm32f40_41xxx.o(.text)
    DMA2_Stream3_IRQHandler                  0x080003a7   Thumb Code     0  startup_stm32f40_41xxx.o(.text)
    DMA2_Stream4_IRQHandler                  0x080003a7   Thumb Code     0  startup_stm32f40_41xxx.o(.text)
    DMA2_Stream5_IRQHandler                  0x080003a7   Thumb Code     0  startup_stm32f40_41xxx.o(.text)
    DMA2_Stream6_IRQHandler                  0x080003a7   Thumb Code     0  startup_stm32f40_41xxx.o(.text)
    DMA2_Stream7_IRQHandler                  0x080003a7   Thumb Code     0  startup_stm32f40_41xxx.o(.text)
    ETH_IRQHandler                           0x080003a7   Thumb Code     0  startup_stm32f40_41xxx.o(.text)
    ETH_WKUP_IRQHandler                      0x080003a7   Thumb Code     0  startup_stm32f40_41xxx.o(.text)
    EXTI0_IRQHandler                         0x080003a7   Thumb Code     0  startup_stm32f40_41xxx.o(.text)
    EXTI15_10_IRQHandler                     0x080003a7   Thumb Code     0  startup_stm32f40_41xxx.o(.text)
    EXTI1_IRQHandler                         0x080003a7   Thumb Code     0  startup_stm32f40_41xxx.o(.text)
    EXTI2_IRQHandler                         0x080003a7   Thumb Code     0  startup_stm32f40_41xxx.o(.text)
    EXTI3_IRQHandler                         0x080003a7   Thumb Code     0  startup_stm32f40_41xxx.o(.text)
    EXTI4_IRQHandler                         0x080003a7   Thumb Code     0  startup_stm32f40_41xxx.o(.text)
    EXTI9_5_IRQHandler                       0x080003a7   Thumb Code     0  startup_stm32f40_41xxx.o(.text)
    FLASH_IRQHandler                         0x080003a7   Thumb Code     0  startup_stm32f40_41xxx.o(.text)
    FPU_IRQHandler                           0x080003a7   Thumb Code     0  startup_stm32f40_41xxx.o(.text)
    FSMC_IRQHandler                          0x080003a7   Thumb Code     0  startup_stm32f40_41xxx.o(.text)
    HASH_RNG_IRQHandler                      0x080003a7   Thumb Code     0  startup_stm32f40_41xxx.o(.text)
    I2C1_ER_IRQHandler                       0x080003a7   Thumb Code     0  startup_stm32f40_41xxx.o(.text)
    I2C1_EV_IRQHandler                       0x080003a7   Thumb Code     0  startup_stm32f40_41xxx.o(.text)
    I2C2_ER_IRQHandler                       0x080003a7   Thumb Code     0  startup_stm32f40_41xxx.o(.text)
    I2C2_EV_IRQHandler                       0x080003a7   Thumb Code     0  startup_stm32f40_41xxx.o(.text)
    I2C3_ER_IRQHandler                       0x080003a7   Thumb Code     0  startup_stm32f40_41xxx.o(.text)
    I2C3_EV_IRQHandler                       0x080003a7   Thumb Code     0  startup_stm32f40_41xxx.o(.text)
    OTG_FS_IRQHandler                        0x080003a7   Thumb Code     0  startup_stm32f40_41xxx.o(.text)
    OTG_FS_WKUP_IRQHandler                   0x080003a7   Thumb Code     0  startup_stm32f40_41xxx.o(.text)
    OTG_HS_EP1_IN_IRQHandler                 0x080003a7   Thumb Code     0  startup_stm32f40_41xxx.o(.text)
    OTG_HS_EP1_OUT_IRQHandler                0x080003a7   Thumb Code     0  startup_stm32f40_41xxx.o(.text)
    OTG_HS_IRQHandler                        0x080003a7   Thumb Code     0  startup_stm32f40_41xxx.o(.text)
    OTG_HS_WKUP_IRQHandler                   0x080003a7   Thumb Code     0  startup_stm32f40_41xxx.o(.text)
    PVD_IRQHandler                           0x080003a7   Thumb Code     0  startup_stm32f40_41xxx.o(.text)
    RCC_IRQHandler                           0x080003a7   Thumb Code     0  startup_stm32f40_41xxx.o(.text)
    RTC_Alarm_IRQHandler                     0x080003a7   Thumb Code     0  startup_stm32f40_41xxx.o(.text)
    RTC_WKUP_IRQHandler                      0x080003a7   Thumb Code     0  startup_stm32f40_41xxx.o(.text)
    SDIO_IRQHandler                          0x080003a7   Thumb Code     0  startup_stm32f40_41xxx.o(.text)
    SPI1_IRQHandler                          0x080003a7   Thumb Code     0  startup_stm32f40_41xxx.o(.text)
    SPI2_IRQHandler                          0x080003a7   Thumb Code     0  startup_stm32f40_41xxx.o(.text)
    SPI3_IRQHandler                          0x080003a7   Thumb Code     0  startup_stm32f40_41xxx.o(.text)
    TAMP_STAMP_IRQHandler                    0x080003a7   Thumb Code     0  startup_stm32f40_41xxx.o(.text)
    TIM1_BRK_TIM9_IRQHandler                 0x080003a7   Thumb Code     0  startup_stm32f40_41xxx.o(.text)
    TIM1_CC_IRQHandler                       0x080003a7   Thumb Code     0  startup_stm32f40_41xxx.o(.text)
    TIM1_TRG_COM_TIM11_IRQHandler            0x080003a7   Thumb Code     0  startup_stm32f40_41xxx.o(.text)
    TIM1_UP_TIM10_IRQHandler                 0x080003a7   Thumb Code     0  startup_stm32f40_41xxx.o(.text)
    TIM4_IRQHandler                          0x080003a7   Thumb Code     0  startup_stm32f40_41xxx.o(.text)
    TIM5_IRQHandler                          0x080003a7   Thumb Code     0  startup_stm32f40_41xxx.o(.text)
    TIM6_DAC_IRQHandler                      0x080003a7   Thumb Code     0  startup_stm32f40_41xxx.o(.text)
    TIM7_IRQHandler                          0x080003a7   Thumb Code     0  startup_stm32f40_41xxx.o(.text)
    TIM8_BRK_TIM12_IRQHandler                0x080003a7   Thumb Code     0  startup_stm32f40_41xxx.o(.text)
    TIM8_CC_IRQHandler                       0x080003a7   Thumb Code     0  startup_stm32f40_41xxx.o(.text)
    TIM8_TRG_COM_TIM14_IRQHandler            0x080003a7   Thumb Code     0  startup_stm32f40_41xxx.o(.text)
    TIM8_UP_TIM13_IRQHandler                 0x080003a7   Thumb Code     0  startup_stm32f40_41xxx.o(.text)
    UART4_IRQHandler                         0x080003a7   Thumb Code     0  startup_stm32f40_41xxx.o(.text)
    UART5_IRQHandler                         0x080003a7   Thumb Code     0  startup_stm32f40_41xxx.o(.text)
    WWDG_IRQHandler                          0x080003a7   Thumb Code     0  startup_stm32f40_41xxx.o(.text)
    __user_initial_stackheap                 0x080003a9   Thumb Code     0  startup_stm32f40_41xxx.o(.text)
    vsprintf                                 0x080003cd   Thumb Code    32  vsprintf.o(.text)
    __2sprintf                               0x080003f1   Thumb Code    38  __2sprintf.o(.text)
    _printf_int_dec                          0x0800041d   Thumb Code   104  _printf_dec.o(.text)
    _printf_longlong_hex                     0x08000495   Thumb Code    86  _printf_hex_int_ll_ptr.o(.text)
    _printf_int_hex                          0x080004eb   Thumb Code    28  _printf_hex_int_ll_ptr.o(.text)
    _printf_ll_hex                           0x08000507   Thumb Code    12  _printf_hex_int_ll_ptr.o(.text)
    _printf_hex_ptr                          0x08000513   Thumb Code    18  _printf_hex_int_ll_ptr.o(.text)
    __printf                                 0x08000529   Thumb Code   388  __printf_flags_ss_wp.o(.text)
    strlen                                   0x080006b1   Thumb Code    62  strlen.o(.text)
    __use_two_region_memory                  0x080006ef   Thumb Code     2  heapauxi.o(.text)
    __rt_heap_escrow$2region                 0x080006f1   Thumb Code     2  heapauxi.o(.text)
    __rt_heap_expand$2region                 0x080006f3   Thumb Code     2  heapauxi.o(.text)
    _printf_pre_padding                      0x080006f5   Thumb Code    44  _printf_pad.o(.text)
    _printf_post_padding                     0x08000721   Thumb Code    34  _printf_pad.o(.text)
    _printf_truncate_signed                  0x08000743   Thumb Code    18  _printf_truncate.o(.text)
    _printf_truncate_unsigned                0x08000755   Thumb Code    18  _printf_truncate.o(.text)
    _printf_str                              0x08000767   Thumb Code    82  _printf_str.o(.text)
    _printf_int_common                       0x080007b9   Thumb Code   178  _printf_intcommon.o(.text)
    _printf_charcount                        0x0800086b   Thumb Code    40  _printf_charcount.o(.text)
    __lib_sel_fp_printf                      0x08000893   Thumb Code     2  _printf_fp_dec.o(.text)
    _printf_fp_dec_real                      0x08000a41   Thumb Code   620  _printf_fp_dec.o(.text)
    _printf_char_common                      0x08000cb7   Thumb Code    32  _printf_char_common.o(.text)
    _sputc                                   0x08000cdd   Thumb Code    10  _sputc.o(.text)
    _printf_wctomb                           0x08000ce9   Thumb Code   182  _printf_wctomb.o(.text)
    _printf_longlong_dec                     0x08000da5   Thumb Code   108  _printf_longlong_dec.o(.text)
    _printf_longlong_oct                     0x08000e21   Thumb Code    68  _printf_oct_int_ll.o(.text)
    _printf_int_oct                          0x08000e65   Thumb Code    24  _printf_oct_int_ll.o(.text)
    _printf_ll_oct                           0x08000e7d   Thumb Code    12  _printf_oct_int_ll.o(.text)
    __rt_locale                              0x08000e91   Thumb Code     8  rt_locale_intlibspace.o(.text)
    _ll_udiv10                               0x08000e99   Thumb Code   138  lludiv10.o(.text)
    _printf_fp_hex_real                      0x08000f25   Thumb Code   754  _printf_fp_hex.o(.text)
    _printf_fp_infnan                        0x08001221   Thumb Code   112  _printf_fp_infnan.o(.text)
    _printf_cs_common                        0x080012a1   Thumb Code    20  _printf_char.o(.text)
    _printf_char                             0x080012b5   Thumb Code    16  _printf_char.o(.text)
    _printf_string                           0x080012c5   Thumb Code     8  _printf_char.o(.text)
    _printf_lcs_common                       0x080012cd   Thumb Code    20  _printf_wchar.o(.text)
    _printf_wchar                            0x080012e1   Thumb Code    16  _printf_wchar.o(.text)
    _printf_wstring                          0x080012f1   Thumb Code     8  _printf_wchar.o(.text)
    _btod_etento                             0x080012f9   Thumb Code   216  bigflt0.o(.text)
    _wcrtomb                                 0x080013d5   Thumb Code    64  _wcrtomb.o(.text)
    __user_libspace                          0x08001415   Thumb Code     8  libspace.o(.text)
    __user_perproc_libspace                  0x08001415   Thumb Code     0  libspace.o(.text)
    __user_perthread_libspace                0x08001415   Thumb Code     0  libspace.o(.text)
    __user_setup_stackheap                   0x0800141d   Thumb Code    74  sys_stackheap_outer.o(.text)
    __rt_ctype_table                         0x08001469   Thumb Code    16  rt_ctype_table.o(.text)
    exit                                     0x08001479   Thumb Code    12  exit.o(.text)
    strcmp                                   0x08001485   Thumb Code   128  strcmpv7m.o(.text)
    _sys_exit                                0x08001505   Thumb Code     8  sys_exit.o(.text)
    __I$use$semihosting                      0x08001511   Thumb Code     0  use_no_semi.o(.text)
    __use_no_semihosting_swi                 0x08001511   Thumb Code     2  use_no_semi.o(.text)
    __semihosting_library_function           0x08001513   Thumb Code     0  indicate_semi.o(.text)
    _btod_d2e                                0x08001513   Thumb Code    62  btod.o(CL$$btod_d2e)
    _d2e_denorm_low                          0x08001551   Thumb Code    70  btod.o(CL$$btod_d2e_denorm_low)
    _d2e_norm_op1                            0x08001597   Thumb Code    96  btod.o(CL$$btod_d2e_norm_op1)
    __btod_div_common                        0x080015f7   Thumb Code   696  btod.o(CL$$btod_div_common)
    _e2e                                     0x0800192f   Thumb Code   198  btod.o(CL$$btod_e2e)
    _btod_ediv                               0x080019f5   Thumb Code    40  btod.o(CL$$btod_ediv)
    _btod_emul                               0x08001a1d   Thumb Code    40  btod.o(CL$$btod_emul)
    __btod_mult_common                       0x08001a45   Thumb Code   580  btod.o(CL$$btod_mult_common)
    BusFault_Handler                         0x08001c89   Thumb Code     4  stm32f4xx_it.o(i.BusFault_Handler)
    C620_GetMotorInfo                        0x08001c8d   Thumb Code   180  bsp_esc.o(i.C620_GetMotorInfo)
    C620_SendCurrentVal                      0x08001d71   Thumb Code   124  bsp_esc.o(i.C620_SendCurrentVal)
    CAN1_Init                                0x08001df1   Thumb Code   244  drv_can.o(i.CAN1_Init)
    CAN1_RX0_IRQHandler                      0x08001eed   Thumb Code    50  stm32f4xx_it.o(i.CAN1_RX0_IRQHandler)
    CAN1_TX_IRQHandler                       0x08001f25   Thumb Code    22  stm32f4xx_it.o(i.CAN1_TX_IRQHandler)
    CAN_ClearFlag                            0x08001f41   Thumb Code    52  stm32f4xx_can.o(i.CAN_ClearFlag)
    CAN_ClearITPendingBit                    0x08001f79   Thumb Code   162  stm32f4xx_can.o(i.CAN_ClearITPendingBit)
    CAN_FilterInit                           0x08002021   Thumb Code   258  stm32f4xx_can.o(i.CAN_FilterInit)
    CAN_GetITStatus                          0x08002129   Thumb Code   284  stm32f4xx_can.o(i.CAN_GetITStatus)
    CAN_ITConfig                             0x08002249   Thumb Code    18  stm32f4xx_can.o(i.CAN_ITConfig)
    CAN_Init                                 0x0800225b   Thumb Code   276  stm32f4xx_can.o(i.CAN_Init)
    CAN_Receive                              0x0800236f   Thumb Code   240  stm32f4xx_can.o(i.CAN_Receive)
    CAN_Transmit                             0x0800245f   Thumb Code   294  stm32f4xx_can.o(i.CAN_Transmit)
    DebugMon_Handler                         0x08002597   Thumb Code     2  stm32f4xx_it.o(i.DebugMon_Handler)
    GPIO_Format_Init                         0x08002599   Thumb Code   412  drv_gpio.o(i.GPIO_Format_Init)
    GPIO_Init                                0x080027b9   Thumb Code   144  stm32f4xx_gpio.o(i.GPIO_Init)
    GPIO_PinAFConfig                         0x08002849   Thumb Code    70  stm32f4xx_gpio.o(i.GPIO_PinAFConfig)
    GPIO_ResetBits                           0x0800288f   Thumb Code     4  stm32f4xx_gpio.o(i.GPIO_ResetBits)
    GPIO_SetBits                             0x08002893   Thumb Code     4  stm32f4xx_gpio.o(i.GPIO_SetBits)
    HardFault_Handler                        0x08002897   Thumb Code     4  stm32f4xx_it.o(i.HardFault_Handler)
    LED_Init                                 0x0800289d   Thumb Code    32  bsp_led.o(i.LED_Init)
    LED_Task                                 0x080028c1   Thumb Code    68  bsp_led.o(i.LED_Task)
    MemManage_Handler                        0x08002911   Thumb Code     4  stm32f4xx_it.o(i.MemManage_Handler)
    Moto_1ms_task                            0x08002915   Thumb Code   120  demo_moto.o(i.Moto_1ms_task)
    Moto_API_Cal_GetCurrentVelocityMode      0x080029ad   Thumb Code    66  moto_control.o(i.Moto_API_Cal_GetCurrentVelocityMode)
    Moto_API_PID_Init                        0x080029f1   Thumb Code   106  moto_control.o(i.Moto_API_PID_Init)
    Moto_API_SetMotoInfo                     0x08002a81   Thumb Code    10  moto_control.o(i.Moto_API_SetMotoInfo)
    Moto_Init                                0x08002a8d   Thumb Code    10  demo_moto.o(i.Moto_Init)
    NMI_Handler                              0x08002a9d   Thumb Code     2  stm32f4xx_it.o(i.NMI_Handler)
    NVIC_Init                                0x08002aa1   Thumb Code   106  misc.o(i.NVIC_Init)
    NVIC_PriorityGroupConfig                 0x08002b19   Thumb Code    10  misc.o(i.NVIC_PriorityGroupConfig)
    PID_API_inputData_getOutputPosition      0x08002b2d   Thumb Code    26  pid.o(i.PID_API_inputData_getOutputPosition)
    PID_API_set_parameter                    0x08002b47   Thumb Code   100  pid.o(i.PID_API_set_parameter)
    PID_API_set_reference                    0x08002bab   Thumb Code     6  pid.o(i.PID_API_set_reference)
    PID_cal_positon_err                      0x08002bb1   Thumb Code   108  pid.o(i.PID_cal_positon_err)
    PID_cal_positon_output                   0x08002c1d   Thumb Code   164  pid.o(i.PID_cal_positon_output)
    PID_t_data_clear                         0x08002cc5   Thumb Code    58  pid.o(i.PID_t_data_clear)
    RCC_AHB1PeriphClockCmd                   0x08002d05   Thumb Code    26  stm32f4xx_rcc.o(i.RCC_AHB1PeriphClockCmd)
    RCC_APB1PeriphClockCmd                   0x08002d25   Thumb Code    26  stm32f4xx_rcc.o(i.RCC_APB1PeriphClockCmd)
    RCC_APB2PeriphClockCmd                   0x08002d45   Thumb Code    26  stm32f4xx_rcc.o(i.RCC_APB2PeriphClockCmd)
    RCC_GetClocksFreq                        0x08002d65   Thumb Code   214  stm32f4xx_rcc.o(i.RCC_GetClocksFreq)
    RemoteAnalyzeTask                        0x08002e4d   Thumb Code   282  bsp_joystick.o(i.RemoteAnalyzeTask)
    Serial_Send                              0x08002f81   Thumb Code   414  drv_uart.o(i.Serial_Send)
    Serial_SendByte                          0x08003129   Thumb Code    30  drv_uart.o(i.Serial_SendByte)
    SysTick_CLKSourceConfig                  0x08003235   Thumb Code    40  misc.o(i.SysTick_CLKSourceConfig)
    SysTick_Handler                          0x0800325d   Thumb Code    16  drv_systick.o(i.SysTick_Handler)
    SystemInit                               0x0800326d   Thumb Code    88  system_stm32f4xx.o(i.SystemInit)
    System_Init                              0x080032d5   Thumb Code    74  init.o(i.System_Init)
    TIM2_IRQHandler                          0x08003341   Thumb Code    32  stm32f4xx_it.o(i.TIM2_IRQHandler)
    TIM3_IRQHandler                          0x08003361   Thumb Code    22  stm32f4xx_it.o(i.TIM3_IRQHandler)
    TIM_ClearITPendingBit                    0x0800337d   Thumb Code     6  stm32f4xx_tim.o(i.TIM_ClearITPendingBit)
    TIM_GetITStatus                          0x08003383   Thumb Code    34  stm32f4xx_tim.o(i.TIM_GetITStatus)
    USART1_IRQHandler                        0x080033a5   Thumb Code    24  stm32f4xx_it.o(i.USART1_IRQHandler)
    USART1_Init                              0x080033c1   Thumb Code   170  drv_uart.o(i.USART1_Init)
    USART2_IRQHandler                        0x08003475   Thumb Code     8  stm32f4xx_it.o(i.USART2_IRQHandler)
    USART2_Init                              0x0800347d   Thumb Code   168  drv_uart.o(i.USART2_Init)
    USART3_IRQHandler                        0x0800352d   Thumb Code    24  stm32f4xx_it.o(i.USART3_IRQHandler)
    USART6_IRQHandler                        0x08003549   Thumb Code    24  stm32f4xx_it.o(i.USART6_IRQHandler)
    USART_ClearITPendingBit                  0x08003565   Thumb Code    30  stm32f4xx_usart.o(i.USART_ClearITPendingBit)
    USART_Cmd                                0x08003583   Thumb Code    24  stm32f4xx_usart.o(i.USART_Cmd)
    USART_GetFlagStatus                      0x0800359b   Thumb Code    26  stm32f4xx_usart.o(i.USART_GetFlagStatus)
    USART_ITConfig                           0x080035b5   Thumb Code    74  stm32f4xx_usart.o(i.USART_ITConfig)
    USART_Init                               0x08003601   Thumb Code   204  stm32f4xx_usart.o(i.USART_Init)
    USART_ReceiveData                        0x080036d5   Thumb Code    10  stm32f4xx_usart.o(i.USART_ReceiveData)
    USART_SendData                           0x080036df   Thumb Code     8  stm32f4xx_usart.o(i.USART_SendData)
    UnPack                                   0x080036e9   Thumb Code   204  bsp_joystick.o(i.UnPack)
    UpdateRemoteInfo                         0x080037c5   Thumb Code   150  bsp_joystick.o(i.UpdateRemoteInfo)
    UsageFault_Handler                       0x08003869   Thumb Code     4  stm32f4xx_it.o(i.UsageFault_Handler)
    __ARM_fpclassify                         0x0800386d   Thumb Code    48  fpclassify.o(i.__ARM_fpclassify)
    _is_digit                                0x0800389d   Thumb Code    14  __printf_wp.o(i._is_digit)
    absLimit                                 0x080038ab   Thumb Code    46  user_math.o(i.absLimit)
    absLimit_int16                           0x080038d9   Thumb Code    28  user_math.o(i.absLimit_int16)
    delay_init                               0x080038f5   Thumb Code    60  drv_systick.o(i.delay_init)
    delay_ms                                 0x08003939   Thumb Code    62  drv_systick.o(i.delay_ms)
    delay_us                                 0x0800397d   Thumb Code    68  drv_systick.o(i.delay_us)
    itoa                                     0x080039c5   Thumb Code    98  drv_uart.o(i.itoa)
    main                                     0x08003a2d   Thumb Code    48  main.o(i.main)
    my_printf                                0x08003a61   Thumb Code    76  drv_uart.o(i.my_printf)
    uxListRemove                             0x08003b7d   Thumb Code    40  list.o(i.uxListRemove)
    vListInsert                              0x08003ba5   Thumb Code    52  list.o(i.vListInsert)
    vListInsertEnd                           0x08003bd9   Thumb Code    24  list.o(i.vListInsertEnd)
    vPortEnterCritical                       0x08003bf1   Thumb Code    76  port.o(i.vPortEnterCritical)
    vPortExitCritical                        0x08003c45   Thumb Code    56  port.o(i.vPortExitCritical)
    vTaskDelay                               0x08003c81   Thumb Code    82  tasks.o(i.vTaskDelay)
    vTaskSuspendAll                          0x08003cdd   Thumb Code    12  tasks.o(i.vTaskSuspendAll)
    vTaskSwitchContext                       0x08003ced   Thumb Code   118  tasks.o(i.vTaskSwitchContext)
    xPortSysTickHandler                      0x08003d79   Thumb Code    46  port.o(i.xPortSysTickHandler)
    xTaskGetSchedulerState                   0x08003dad   Thumb Code    24  tasks.o(i.xTaskGetSchedulerState)
    xTaskIncrementTick                       0x08003dcd   Thumb Code   282  tasks.o(i.xTaskIncrementTick)
    xTaskResumeAll                           0x08003f15   Thumb Code   224  tasks.o(i.xTaskResumeAll)
    _get_lc_numeric                          0x08004019   Thumb Code    44  lc_numeric_c.o(locale$$code)
    _get_lc_ctype                            0x08004045   Thumb Code    44  lc_ctype_c.o(locale$$code)
    _fp_init                                 0x08004071   Thumb Code    10  fpinit.o(x$fpl$fpinit)
    __fplib_config_fpu_vfp                   0x08004079   Thumb Code     0  fpinit.o(x$fpl$fpinit)
    __fplib_config_pureend_doubles           0x08004079   Thumb Code     0  fpinit.o(x$fpl$fpinit)
    _printf_fp_dec                           0x0800407b   Thumb Code     4  printf1.o(x$fpl$printf1)
    _printf_fp_hex                           0x0800407f   Thumb Code     4  printf2.o(x$fpl$printf2)
    __I$use$fp                               0x08004082   Number         0  usenofp.o(x$fpl$usenofp)
    Region$$Table$$Base                      0x08004180   Number         0  anon$$obj.o(Region$$Table)
    Region$$Table$$Limit                     0x080041a0   Number         0  anon$$obj.o(Region$$Table)
    __ctype                                  0x080041c9   Data           0  lc_ctype_c.o(locale$$data)
    RemoteUpdated                            0x20000008   Data           1  bsp_joystick.o(.data)
    Remote_Refresh                           0x20000009   Data           1  bsp_joystick.o(.data)
    Joystick_Connect_Flag                    0x2000000a   Data           1  bsp_joystick.o(.data)
    pxCurrentTCB                             0x20000020   Data           4  tasks.o(.data)
    flag                                     0x20000068   Data           1  demo_moto.o(.data)
    g_set_position                           0x2000006c   Data           4  demo_moto.o(.data)
    C620_MotorInfo                           0x20000074   Data          48  bsp_esc.o(.bss)
    C610_MotorInfo                           0x200000a4   Data          48  bsp_esc.o(.bss)
    Remote                                   0x200000d4   Data          30  bsp_joystick.o(.bss)
    KEY_G                                    0x200000f2   Data          16  bsp_joystick.o(.bss)
    ADC_Value_G                              0x20000102   Data          14  bsp_joystick.o(.bss)
    RX_Buffer                                0x20000110   Data          16  bsp_joystick.o(.bss)
    moto_1                                   0x2000024c   Data         148  demo_moto.o(.bss)
    g_MotorInfo_t                            0x200002e0   Data          48  demo_moto.o(.bss)
    __libspace_start                         0x20000310   Data          96  libspace.o(.bss)
    __temporary_stack_top$libspace           0x20000370   Data           0  libspace.o(.bss)



==============================================================================

Memory Map of the image

  Image Entry point : 0x08000189

  Load Region LR_IROM1 (Base: 0x08000000, Size: 0x00004340, Max: 0x00100000, ABSOLUTE)

    Execution Region ER_IROM1 (Base: 0x08000000, Size: 0x000042cc, Max: 0x00100000, ABSOLUTE)

    Base Addr    Size         Type   Attr      Idx    E Section Name        Object

    0x08000000   0x00000188   Data   RO         1534    RESET               startup_stm32f40_41xxx.o
    0x08000188   0x00000008   Code   RO         8072  * !!!main             c_w.l(__main.o)
    0x08000190   0x00000034   Code   RO         8437    !!!scatter          c_w.l(__scatter.o)
    0x080001c4   0x0000001a   Code   RO         8439    !!handler_copy      c_w.l(__scatter_copy.o)
    0x080001de   0x00000002   PAD
    0x080001e0   0x0000001c   Code   RO         8441    !!handler_zi        c_w.l(__scatter_zi.o)
    0x080001fc   0x00000000   Code   RO         8063    .ARM.Collect$$_printf_percent$$00000000  c_w.l(_printf_percent.o)
    0x080001fc   0x00000006   Code   RO         8134    .ARM.Collect$$_printf_percent$$00000001  c_w.l(_printf_n.o)
    0x08000202   0x00000006   Code   RO         8135    .ARM.Collect$$_printf_percent$$00000002  c_w.l(_printf_p.o)
    0x08000208   0x00000006   Code   RO         8062    .ARM.Collect$$_printf_percent$$00000003  c_w.l(_printf_f.o)
    0x0800020e   0x00000006   Code   RO         8139    .ARM.Collect$$_printf_percent$$00000004  c_w.l(_printf_e.o)
    0x08000214   0x00000006   Code   RO         8140    .ARM.Collect$$_printf_percent$$00000005  c_w.l(_printf_g.o)
    0x0800021a   0x00000006   Code   RO         8141    .ARM.Collect$$_printf_percent$$00000006  c_w.l(_printf_a.o)
    0x08000220   0x0000000a   Code   RO         8146    .ARM.Collect$$_printf_percent$$00000007  c_w.l(_printf_ll.o)
    0x0800022a   0x00000006   Code   RO         8137    .ARM.Collect$$_printf_percent$$00000008  c_w.l(_printf_i.o)
    0x08000230   0x00000006   Code   RO         8061    .ARM.Collect$$_printf_percent$$00000009  c_w.l(_printf_d.o)
    0x08000236   0x00000006   Code   RO         8138    .ARM.Collect$$_printf_percent$$0000000A  c_w.l(_printf_u.o)
    0x0800023c   0x00000006   Code   RO         8136    .ARM.Collect$$_printf_percent$$0000000B  c_w.l(_printf_o.o)
    0x08000242   0x00000006   Code   RO         8060    .ARM.Collect$$_printf_percent$$0000000C  c_w.l(_printf_x.o)
    0x08000248   0x00000006   Code   RO         8143    .ARM.Collect$$_printf_percent$$0000000D  c_w.l(_printf_lli.o)
    0x0800024e   0x00000006   Code   RO         8144    .ARM.Collect$$_printf_percent$$0000000E  c_w.l(_printf_lld.o)
    0x08000254   0x00000006   Code   RO         8145    .ARM.Collect$$_printf_percent$$0000000F  c_w.l(_printf_llu.o)
    0x0800025a   0x00000006   Code   RO         8150    .ARM.Collect$$_printf_percent$$00000010  c_w.l(_printf_llo.o)
    0x08000260   0x00000006   Code   RO         8151    .ARM.Collect$$_printf_percent$$00000011  c_w.l(_printf_llx.o)
    0x08000266   0x0000000a   Code   RO         8147    .ARM.Collect$$_printf_percent$$00000012  c_w.l(_printf_l.o)
    0x08000270   0x00000006   Code   RO         8132    .ARM.Collect$$_printf_percent$$00000013  c_w.l(_printf_c.o)
    0x08000276   0x00000006   Code   RO         8133    .ARM.Collect$$_printf_percent$$00000014  c_w.l(_printf_s.o)
    0x0800027c   0x00000006   Code   RO         8148    .ARM.Collect$$_printf_percent$$00000015  c_w.l(_printf_lc.o)
    0x08000282   0x00000006   Code   RO         8149    .ARM.Collect$$_printf_percent$$00000016  c_w.l(_printf_ls.o)
    0x08000288   0x00000004   Code   RO         8142    .ARM.Collect$$_printf_percent$$00000017  c_w.l(_printf_percent_end.o)
    0x0800028c   0x00000002   Code   RO         8308    .ARM.Collect$$libinit$$00000000  c_w.l(libinit.o)
    0x0800028e   0x00000004   Code   RO         8309    .ARM.Collect$$libinit$$00000001  c_w.l(libinit2.o)
    0x08000292   0x00000000   Code   RO         8312    .ARM.Collect$$libinit$$00000004  c_w.l(libinit2.o)
    0x08000292   0x00000000   Code   RO         8315    .ARM.Collect$$libinit$$0000000A  c_w.l(libinit2.o)
    0x08000292   0x00000000   Code   RO         8317    .ARM.Collect$$libinit$$0000000C  c_w.l(libinit2.o)
    0x08000292   0x00000000   Code   RO         8319    .ARM.Collect$$libinit$$0000000E  c_w.l(libinit2.o)
    0x08000292   0x00000006   Code   RO         8320    .ARM.Collect$$libinit$$0000000F  c_w.l(libinit2.o)
    0x08000298   0x00000000   Code   RO         8322    .ARM.Collect$$libinit$$00000011  c_w.l(libinit2.o)
    0x08000298   0x0000000c   Code   RO         8323    .ARM.Collect$$libinit$$00000012  c_w.l(libinit2.o)
    0x080002a4   0x00000000   Code   RO         8324    .ARM.Collect$$libinit$$00000013  c_w.l(libinit2.o)
    0x080002a4   0x00000000   Code   RO         8326    .ARM.Collect$$libinit$$00000015  c_w.l(libinit2.o)
    0x080002a4   0x0000000a   Code   RO         8327    .ARM.Collect$$libinit$$00000016  c_w.l(libinit2.o)
    0x080002ae   0x00000000   Code   RO         8328    .ARM.Collect$$libinit$$00000017  c_w.l(libinit2.o)
    0x080002ae   0x00000000   Code   RO         8330    .ARM.Collect$$libinit$$00000019  c_w.l(libinit2.o)
    0x080002ae   0x00000000   Code   RO         8332    .ARM.Collect$$libinit$$0000001B  c_w.l(libinit2.o)
    0x080002ae   0x00000000   Code   RO         8334    .ARM.Collect$$libinit$$0000001D  c_w.l(libinit2.o)
    0x080002ae   0x00000000   Code   RO         8336    .ARM.Collect$$libinit$$0000001F  c_w.l(libinit2.o)
    0x080002ae   0x00000000   Code   RO         8338    .ARM.Collect$$libinit$$00000021  c_w.l(libinit2.o)
    0x080002ae   0x00000000   Code   RO         8340    .ARM.Collect$$libinit$$00000023  c_w.l(libinit2.o)
    0x080002ae   0x00000000   Code   RO         8342    .ARM.Collect$$libinit$$00000025  c_w.l(libinit2.o)
    0x080002ae   0x00000000   Code   RO         8346    .ARM.Collect$$libinit$$0000002C  c_w.l(libinit2.o)
    0x080002ae   0x00000000   Code   RO         8348    .ARM.Collect$$libinit$$0000002E  c_w.l(libinit2.o)
    0x080002ae   0x00000000   Code   RO         8350    .ARM.Collect$$libinit$$00000030  c_w.l(libinit2.o)
    0x080002ae   0x00000000   Code   RO         8352    .ARM.Collect$$libinit$$00000032  c_w.l(libinit2.o)
    0x080002ae   0x00000002   Code   RO         8353    .ARM.Collect$$libinit$$00000033  c_w.l(libinit2.o)
    0x080002b0   0x00000002   Code   RO         8386    .ARM.Collect$$libshutdown$$00000000  c_w.l(libshutdown.o)
    0x080002b2   0x00000000   Code   RO         8398    .ARM.Collect$$libshutdown$$00000003  c_w.l(libshutdown2.o)
    0x080002b2   0x00000000   Code   RO         8401    .ARM.Collect$$libshutdown$$00000006  c_w.l(libshutdown2.o)
    0x080002b2   0x00000000   Code   RO         8404    .ARM.Collect$$libshutdown$$00000009  c_w.l(libshutdown2.o)
    0x080002b2   0x00000000   Code   RO         8406    .ARM.Collect$$libshutdown$$0000000B  c_w.l(libshutdown2.o)
    0x080002b2   0x00000000   Code   RO         8409    .ARM.Collect$$libshutdown$$0000000E  c_w.l(libshutdown2.o)
    0x080002b2   0x00000002   Code   RO         8410    .ARM.Collect$$libshutdown$$0000000F  c_w.l(libshutdown2.o)
    0x080002b4   0x00000000   Code   RO         8102    .ARM.Collect$$rtentry$$00000000  c_w.l(__rtentry.o)
    0x080002b4   0x00000000   Code   RO         8217    .ARM.Collect$$rtentry$$00000002  c_w.l(__rtentry2.o)
    0x080002b4   0x00000006   Code   RO         8229    .ARM.Collect$$rtentry$$00000004  c_w.l(__rtentry4.o)
    0x080002ba   0x00000000   Code   RO         8219    .ARM.Collect$$rtentry$$00000009  c_w.l(__rtentry2.o)
    0x080002ba   0x00000004   Code   RO         8220    .ARM.Collect$$rtentry$$0000000A  c_w.l(__rtentry2.o)
    0x080002be   0x00000000   Code   RO         8222    .ARM.Collect$$rtentry$$0000000C  c_w.l(__rtentry2.o)
    0x080002be   0x00000008   Code   RO         8223    .ARM.Collect$$rtentry$$0000000D  c_w.l(__rtentry2.o)
    0x080002c6   0x00000002   Code   RO         8354    .ARM.Collect$$rtexit$$00000000  c_w.l(rtexit.o)
    0x080002c8   0x00000000   Code   RO         8364    .ARM.Collect$$rtexit$$00000002  c_w.l(rtexit2.o)
    0x080002c8   0x00000004   Code   RO         8365    .ARM.Collect$$rtexit$$00000003  c_w.l(rtexit2.o)
    0x080002cc   0x00000006   Code   RO         8366    .ARM.Collect$$rtexit$$00000004  c_w.l(rtexit2.o)
    0x080002d2   0x00000002   PAD
    0x080002d4   0x000000b6   Code   RO         7050    .emb_text           port.o
    0x0800038a   0x00000002   PAD
    0x0800038c   0x00000040   Code   RO         1535    .text               startup_stm32f40_41xxx.o
    0x080003cc   0x00000024   Code   RO         8009    .text               c_w.l(vsprintf.o)
    0x080003f0   0x0000002c   Code   RO         8011    .text               c_w.l(__2sprintf.o)
    0x0800041c   0x00000078   Code   RO         8017    .text               c_w.l(_printf_dec.o)
    0x08000494   0x00000094   Code   RO         8037    .text               c_w.l(_printf_hex_int_ll_ptr.o)
    0x08000528   0x00000188   Code   RO         8057    .text               c_w.l(__printf_flags_ss_wp.o)
    0x080006b0   0x0000003e   Code   RO         8064    .text               c_w.l(strlen.o)
    0x080006ee   0x00000006   Code   RO         8070    .text               c_w.l(heapauxi.o)
    0x080006f4   0x0000004e   Code   RO         8105    .text               c_w.l(_printf_pad.o)
    0x08000742   0x00000024   Code   RO         8107    .text               c_w.l(_printf_truncate.o)
    0x08000766   0x00000052   Code   RO         8109    .text               c_w.l(_printf_str.o)
    0x080007b8   0x000000b2   Code   RO         8111    .text               c_w.l(_printf_intcommon.o)
    0x0800086a   0x00000028   Code   RO         8113    .text               c_w.l(_printf_charcount.o)
    0x08000892   0x0000041a   Code   RO         8115    .text               c_w.l(_printf_fp_dec.o)
    0x08000cac   0x00000030   Code   RO         8117    .text               c_w.l(_printf_char_common.o)
    0x08000cdc   0x0000000a   Code   RO         8119    .text               c_w.l(_sputc.o)
    0x08000ce6   0x00000002   PAD
    0x08000ce8   0x000000bc   Code   RO         8121    .text               c_w.l(_printf_wctomb.o)
    0x08000da4   0x0000007c   Code   RO         8124    .text               c_w.l(_printf_longlong_dec.o)
    0x08000e20   0x00000070   Code   RO         8130    .text               c_w.l(_printf_oct_int_ll.o)
    0x08000e90   0x00000008   Code   RO         8234    .text               c_w.l(rt_locale_intlibspace.o)
    0x08000e98   0x0000008a   Code   RO         8241    .text               c_w.l(lludiv10.o)
    0x08000f22   0x00000002   PAD
    0x08000f24   0x000002fc   Code   RO         8243    .text               c_w.l(_printf_fp_hex.o)
    0x08001220   0x00000080   Code   RO         8246    .text               c_w.l(_printf_fp_infnan.o)
    0x080012a0   0x0000002c   Code   RO         8250    .text               c_w.l(_printf_char.o)
    0x080012cc   0x0000002c   Code   RO         8252    .text               c_w.l(_printf_wchar.o)
    0x080012f8   0x000000dc   Code   RO         8254    .text               c_w.l(bigflt0.o)
    0x080013d4   0x00000040   Code   RO         8279    .text               c_w.l(_wcrtomb.o)
    0x08001414   0x00000008   Code   RO         8292    .text               c_w.l(libspace.o)
    0x0800141c   0x0000004a   Code   RO         8295    .text               c_w.l(sys_stackheap_outer.o)
    0x08001466   0x00000002   PAD
    0x08001468   0x00000010   Code   RO         8297    .text               c_w.l(rt_ctype_table.o)
    0x08001478   0x0000000c   Code   RO         8299    .text               c_w.l(exit.o)
    0x08001484   0x00000080   Code   RO         8301    .text               c_w.l(strcmpv7m.o)
    0x08001504   0x0000000c   Code   RO         8376    .text               c_w.l(sys_exit.o)
    0x08001510   0x00000002   Code   RO         8387    .text               c_w.l(use_no_semi.o)
    0x08001512   0x00000000   Code   RO         8389    .text               c_w.l(indicate_semi.o)
    0x08001512   0x0000003e   Code   RO         8257    CL$$btod_d2e        c_w.l(btod.o)
    0x08001550   0x00000046   Code   RO         8259    CL$$btod_d2e_denorm_low  c_w.l(btod.o)
    0x08001596   0x00000060   Code   RO         8258    CL$$btod_d2e_norm_op1  c_w.l(btod.o)
    0x080015f6   0x00000338   Code   RO         8267    CL$$btod_div_common  c_w.l(btod.o)
    0x0800192e   0x000000c6   Code   RO         8264    CL$$btod_e2e        c_w.l(btod.o)
    0x080019f4   0x00000028   Code   RO         8261    CL$$btod_ediv       c_w.l(btod.o)
    0x08001a1c   0x00000028   Code   RO         8260    CL$$btod_emul       c_w.l(btod.o)
    0x08001a44   0x00000244   Code   RO         8266    CL$$btod_mult_common  c_w.l(btod.o)
    0x08001c88   0x00000004   Code   RO          143    i.BusFault_Handler  stm32f4xx_it.o
    0x08001c8c   0x000000e4   Code   RO         1184    i.C620_GetMotorInfo  bsp_esc.o
    0x08001d70   0x00000080   Code   RO         1185    i.C620_SendCurrentVal  bsp_esc.o
    0x08001df0   0x000000fc   Code   RO          799    i.CAN1_Init         drv_can.o
    0x08001eec   0x00000038   Code   RO          144    i.CAN1_RX0_IRQHandler  stm32f4xx_it.o
    0x08001f24   0x0000001c   Code   RO          145    i.CAN1_TX_IRQHandler  stm32f4xx_it.o
    0x08001f40   0x00000038   Code   RO         1828    i.CAN_ClearFlag     stm32f4xx_can.o
    0x08001f78   0x000000a8   Code   RO         1829    i.CAN_ClearITPendingBit  stm32f4xx_can.o
    0x08002020   0x00000108   Code   RO         1833    i.CAN_FilterInit    stm32f4xx_can.o
    0x08002128   0x00000120   Code   RO         1835    i.CAN_GetITStatus   stm32f4xx_can.o
    0x08002248   0x00000012   Code   RO         1839    i.CAN_ITConfig      stm32f4xx_can.o
    0x0800225a   0x00000114   Code   RO         1840    i.CAN_Init          stm32f4xx_can.o
    0x0800236e   0x000000f0   Code   RO         1843    i.CAN_Receive       stm32f4xx_can.o
    0x0800245e   0x00000126   Code   RO         1848    i.CAN_Transmit      stm32f4xx_can.o
    0x08002584   0x00000012   Code   RO         1851    i.CheckITStatus     stm32f4xx_can.o
    0x08002596   0x00000002   Code   RO          146    i.DebugMon_Handler  stm32f4xx_it.o
    0x08002598   0x00000220   Code   RO          738    i.GPIO_Format_Init  drv_gpio.o
    0x080027b8   0x00000090   Code   RO         3264    i.GPIO_Init         stm32f4xx_gpio.o
    0x08002848   0x00000046   Code   RO         3265    i.GPIO_PinAFConfig  stm32f4xx_gpio.o
    0x0800288e   0x00000004   Code   RO         3271    i.GPIO_ResetBits    stm32f4xx_gpio.o
    0x08002892   0x00000004   Code   RO         3272    i.GPIO_SetBits      stm32f4xx_gpio.o
    0x08002896   0x00000004   Code   RO          147    i.HardFault_Handler  stm32f4xx_it.o
    0x0800289a   0x00000002   PAD
    0x0800289c   0x00000024   Code   RO         1005    i.LED_Init          bsp_led.o
    0x080028c0   0x00000050   Code   RO         1006    i.LED_Task          bsp_led.o
    0x08002910   0x00000004   Code   RO          148    i.MemManage_Handler  stm32f4xx_it.o
    0x08002914   0x00000098   Code   RO         7970    i.Moto_1ms_task     demo_moto.o
    0x080029ac   0x00000042   Code   RO         7648    i.Moto_API_Cal_GetCurrentVelocityMode  moto_control.o
    0x080029ee   0x00000002   PAD
    0x080029f0   0x00000090   Code   RO         7650    i.Moto_API_PID_Init  moto_control.o
    0x08002a80   0x0000000a   Code   RO         7653    i.Moto_API_SetMotoInfo  moto_control.o
    0x08002a8a   0x00000002   PAD
    0x08002a8c   0x00000010   Code   RO         7971    i.Moto_Init         demo_moto.o
    0x08002a9c   0x00000002   Code   RO          149    i.NMI_Handler       stm32f4xx_it.o
    0x08002a9e   0x00000002   PAD
    0x08002aa0   0x00000078   Code   RO         1541    i.NVIC_Init         misc.o
    0x08002b18   0x00000014   Code   RO         1542    i.NVIC_PriorityGroupConfig  misc.o
    0x08002b2c   0x0000001a   Code   RO         7775    i.PID_API_inputData_getOutputPosition  pid.o
    0x08002b46   0x00000064   Code   RO         7776    i.PID_API_set_parameter  pid.o
    0x08002baa   0x00000006   Code   RO         7777    i.PID_API_set_reference  pid.o
    0x08002bb0   0x0000006c   Code   RO         7780    i.PID_cal_positon_err  pid.o
    0x08002c1c   0x000000a8   Code   RO         7781    i.PID_cal_positon_output  pid.o
    0x08002cc4   0x00000040   Code   RO         7787    i.PID_t_data_clear  pid.o
    0x08002d04   0x00000020   Code   RO         4128    i.RCC_AHB1PeriphClockCmd  stm32f4xx_rcc.o
    0x08002d24   0x00000020   Code   RO         4137    i.RCC_APB1PeriphClockCmd  stm32f4xx_rcc.o
    0x08002d44   0x00000020   Code   RO         4140    i.RCC_APB2PeriphClockCmd  stm32f4xx_rcc.o
    0x08002d64   0x000000e8   Code   RO         4149    i.RCC_GetClocksFreq  stm32f4xx_rcc.o
    0x08002e4c   0x00000134   Code   RO         1238    i.RemoteAnalyzeTask  bsp_joystick.o
    0x08002f80   0x000001a8   Code   RO          581    i.Serial_Send       drv_uart.o
    0x08003128   0x0000001e   Code   RO          582    i.Serial_SendByte   drv_uart.o
    0x08003146   0x00000002   PAD
    0x08003148   0x000000ec   Code   RO            3    i.SetSysClock       system_stm32f4xx.o
    0x08003234   0x00000028   Code   RO         1545    i.SysTick_CLKSourceConfig  misc.o
    0x0800325c   0x00000010   Code   RO          535    i.SysTick_Handler   drv_systick.o
    0x0800326c   0x00000068   Code   RO            5    i.SystemInit        system_stm32f4xx.o
    0x080032d4   0x0000006c   Code   RO          375    i.System_Init       init.o
    0x08003340   0x00000020   Code   RO          150    i.TIM2_IRQHandler   stm32f4xx_it.o
    0x08003360   0x0000001c   Code   RO          151    i.TIM3_IRQHandler   stm32f4xx_it.o
    0x0800337c   0x00000006   Code   RO         5470    i.TIM_ClearITPendingBit  stm32f4xx_tim.o
    0x08003382   0x00000022   Code   RO         5496    i.TIM_GetITStatus   stm32f4xx_tim.o
    0x080033a4   0x0000001c   Code   RO          152    i.USART1_IRQHandler  stm32f4xx_it.o
    0x080033c0   0x000000b4   Code   RO          583    i.USART1_Init       drv_uart.o
    0x08003474   0x00000008   Code   RO          153    i.USART2_IRQHandler  stm32f4xx_it.o
    0x0800347c   0x000000b0   Code   RO          584    i.USART2_Init       drv_uart.o
    0x0800352c   0x0000001c   Code   RO          154    i.USART3_IRQHandler  stm32f4xx_it.o
    0x08003548   0x0000001c   Code   RO          155    i.USART6_IRQHandler  stm32f4xx_it.o
    0x08003564   0x0000001e   Code   RO         6022    i.USART_ClearITPendingBit  stm32f4xx_usart.o
    0x08003582   0x00000018   Code   RO         6025    i.USART_Cmd         stm32f4xx_usart.o
    0x0800359a   0x0000001a   Code   RO         6028    i.USART_GetFlagStatus  stm32f4xx_usart.o
    0x080035b4   0x0000004a   Code   RO         6031    i.USART_ITConfig    stm32f4xx_usart.o
    0x080035fe   0x00000002   PAD
    0x08003600   0x000000d4   Code   RO         6032    i.USART_Init        stm32f4xx_usart.o
    0x080036d4   0x0000000a   Code   RO         6039    i.USART_ReceiveData  stm32f4xx_usart.o
    0x080036de   0x00000008   Code   RO         6042    i.USART_SendData    stm32f4xx_usart.o
    0x080036e6   0x00000002   PAD
    0x080036e8   0x000000dc   Code   RO         1264    i.UnPack            bsp_joystick.o
    0x080037c4   0x000000a4   Code   RO         1265    i.UpdateRemoteInfo  bsp_joystick.o
    0x08003868   0x00000004   Code   RO          156    i.UsageFault_Handler  stm32f4xx_it.o
    0x0800386c   0x00000030   Code   RO         8288    i.__ARM_fpclassify  m_wm.l(fpclassify.o)
    0x0800389c   0x0000000e   Code   RO         8050    i._is_digit         c_w.l(__printf_wp.o)
    0x080038aa   0x0000002e   Code   RO         7888    i.absLimit          user_math.o
    0x080038d8   0x0000001c   Code   RO         7889    i.absLimit_int16    user_math.o
    0x080038f4   0x00000044   Code   RO          536    i.delay_init        drv_systick.o
    0x08003938   0x00000044   Code   RO          537    i.delay_ms          drv_systick.o
    0x0800397c   0x00000048   Code   RO          538    i.delay_us          drv_systick.o
    0x080039c4   0x00000068   Code   RO          587    i.itoa              drv_uart.o
    0x08003a2c   0x00000034   Code   RO          315    i.main              main.o
    0x08003a60   0x00000050   Code   RO          588    i.my_printf         drv_uart.o
    0x08003ab0   0x00000098   Code   RO         6689    i.prvAddCurrentTaskToDelayedList  tasks.o
    0x08003b48   0x00000034   Code   RO         6697    i.prvResetNextTaskUnblockTime  tasks.o
    0x08003b7c   0x00000028   Code   RO         6457    i.uxListRemove      list.o
    0x08003ba4   0x00000034   Code   RO         6460    i.vListInsert       list.o
    0x08003bd8   0x00000018   Code   RO         6461    i.vListInsertEnd    list.o
    0x08003bf0   0x00000054   Code   RO         7054    i.vPortEnterCritical  port.o
    0x08003c44   0x0000003c   Code   RO         7055    i.vPortExitCritical  port.o
    0x08003c80   0x0000005c   Code   RO         6707    i.vTaskDelay        tasks.o
    0x08003cdc   0x00000010   Code   RO         6722    i.vTaskSuspendAll   tasks.o
    0x08003cec   0x0000008c   Code   RO         6723    i.vTaskSwitchContext  tasks.o
    0x08003d78   0x00000034   Code   RO         7059    i.xPortSysTickHandler  port.o
    0x08003dac   0x00000020   Code   RO         6727    i.xTaskGetSchedulerState  tasks.o
    0x08003dcc   0x00000148   Code   RO         6730    i.xTaskIncrementTick  tasks.o
    0x08003f14   0x00000104   Code   RO         6734    i.xTaskResumeAll    tasks.o
    0x08004018   0x0000002c   Code   RO         8282    locale$$code        c_w.l(lc_numeric_c.o)
    0x08004044   0x0000002c   Code   RO         8357    locale$$code        c_w.l(lc_ctype_c.o)
    0x08004070   0x0000000a   Code   RO         8361    x$fpl$fpinit        fz_wm.l(fpinit.o)
    0x0800407a   0x00000004   Code   RO         8088    x$fpl$printf1       fz_wm.l(printf1.o)
    0x0800407e   0x00000004   Code   RO         8174    x$fpl$printf2       fz_wm.l(printf2.o)
    0x08004082   0x00000000   Code   RO         8180    x$fpl$usenofp       fz_wm.l(usenofp.o)
    0x08004082   0x00000028   Data   RO         8038    .constdata          c_w.l(_printf_hex_int_ll_ptr.o)
    0x080040aa   0x00000011   Data   RO         8058    .constdata          c_w.l(__printf_flags_ss_wp.o)
    0x080040bb   0x00000001   PAD
    0x080040bc   0x00000008   Data   RO         8122    .constdata          c_w.l(_printf_wctomb.o)
    0x080040c4   0x00000026   Data   RO         8244    .constdata          c_w.l(_printf_fp_hex.o)
    0x080040ea   0x00000002   PAD
    0x080040ec   0x00000094   Data   RO         8255    .constdata          c_w.l(bigflt0.o)
    0x08004180   0x00000020   Data   RO         8435    Region$$Table       anon$$obj.o
    0x080041a0   0x0000001c   Data   RO         8281    locale$$data        c_w.l(lc_numeric_c.o)
    0x080041bc   0x00000110   Data   RO         8356    locale$$data        c_w.l(lc_ctype_c.o)


    Execution Region RW_IRAM1 (Base: 0x20000000, Size: 0x00000970, Max: 0x00020000, ABSOLUTE)

    Base Addr    Size         Type   Attr      Idx    E Section Name        Object

    0x20000000   0x00000004   Data   RW          540    .data               drv_systick.o
    0x20000004   0x00000004   Data   RW         1007    .data               bsp_led.o
    0x20000008   0x00000007   Data   RW         1267    .data               bsp_joystick.o
    0x2000000f   0x00000010   Data   RW         4181    .data               stm32f4xx_rcc.o
    0x2000001f   0x00000001   PAD
    0x20000020   0x0000003c   Data   RW         6737    .data               tasks.o
    0x2000005c   0x0000000c   Data   RW         7060    .data               port.o
    0x20000068   0x0000000c   Data   RW         7974    .data               demo_moto.o
    0x20000074   0x00000060   Zero   RW         1188    .bss                bsp_esc.o
    0x200000d4   0x0000004c   Zero   RW         1266    .bss                bsp_joystick.o
    0x20000120   0x0000012c   Zero   RW         6736    .bss                tasks.o
    0x2000024c   0x000000c4   Zero   RW         7973    .bss                demo_moto.o
    0x20000310   0x00000060   Zero   RW         8293    .bss                c_w.l(libspace.o)
    0x20000370   0x00000200   Zero   RW         1533    HEAP                startup_stm32f40_41xxx.o
    0x20000570   0x00000400   Zero   RW         1532    STACK               startup_stm32f40_41xxx.o


==============================================================================

Image component sizes


      Code (inc. data)   RO Data    RW Data    ZI Data      Debug   Object Name

       356         52          0          0         96       3206   bsp_esc.o
       692         62          0          7         76       2856   bsp_joystick.o
       116         16          0          4          0       1118   bsp_led.o
       168         38          0         12        196       1919   demo_moto.o
       252          8          0          0          0        768   drv_can.o
       544        132          0          0          0       1427   drv_gpio.o
       224         18          0          4          0       2581   drv_systick.o
       994         38          0          0          0       5619   drv_uart.o
         0          0          0          0          0       7920   event_groups.o
         0          0          0          0          0     240520   free_rtos_test.o
       108         34          0          0          0        522   init.o
       116          0          0          0          0       2174   list.o
        52          4          0          0          0       5135   main.o
       180         24          0          0          0       2081   misc.o
       220         38          0          0          0       3409   moto_control.o
       472         10          0          0          0       3804   pid.o
       378         34          0         12          0       5479   port.o
        64         26        392          0       1536        848   startup_stm32f40_41xxx.o
      1622         20          0          0          0       7014   stm32f4xx_can.o
       222          0          0          0          0       2863   stm32f4xx_gpio.o
       256         30          0          0          0       8788   stm32f4xx_it.o
       328         36          0         16          0       4623   stm32f4xx_rcc.o
        40          0          0          0          0       1818   stm32f4xx_tim.o
       384          8          0          0          0       5295   stm32f4xx_usart.o
       340         32          0          0          0     289653   system_stm32f4xx.o
      1072        164          0         60        300       9406   tasks.o
        74          0          0          0          0       1428   user_math.o

    ----------------------------------------------------------------------
      9290        824        424        116       2204     622274   Object Totals
         0          0         32          0          0          0   (incl. Generated)
        16          0          0          1          0          0   (incl. Padding)

    ----------------------------------------------------------------------

      Code (inc. data)   RO Data    RW Data    ZI Data      Debug   Library Member Name

        44          6          0          0          0         84   __2sprintf.o
         8          0          0          0          0         68   __main.o
       392          4         17          0          0         92   __printf_flags_ss_wp.o
        14          0          0          0          0         68   __printf_wp.o
         0          0          0          0          0          0   __rtentry.o
        12          0          0          0          0          0   __rtentry2.o
         6          0          0          0          0          0   __rtentry4.o
        52          8          0          0          0          0   __scatter.o
        26          0          0          0          0          0   __scatter_copy.o
        28          0          0          0          0          0   __scatter_zi.o
         6          0          0          0          0          0   _printf_a.o
         6          0          0          0          0          0   _printf_c.o
        44          0          0          0          0        108   _printf_char.o
        48          6          0          0          0         96   _printf_char_common.o
        40          0          0          0          0         68   _printf_charcount.o
         6          0          0          0          0          0   _printf_d.o
       120         16          0          0          0         92   _printf_dec.o
         6          0          0          0          0          0   _printf_e.o
         6          0          0          0          0          0   _printf_f.o
      1050          0          0          0          0        216   _printf_fp_dec.o
       764         10         38          0          0        100   _printf_fp_hex.o
       128         16          0          0          0         84   _printf_fp_infnan.o
         6          0          0          0          0          0   _printf_g.o
       148          4         40          0          0        160   _printf_hex_int_ll_ptr.o
         6          0          0          0          0          0   _printf_i.o
       178          0          0          0          0         88   _printf_intcommon.o
        10          0          0          0          0          0   _printf_l.o
         6          0          0          0          0          0   _printf_lc.o
        10          0          0          0          0          0   _printf_ll.o
         6          0          0          0          0          0   _printf_lld.o
         6          0          0          0          0          0   _printf_lli.o
         6          0          0          0          0          0   _printf_llo.o
         6          0          0          0          0          0   _printf_llu.o
         6          0          0          0          0          0   _printf_llx.o
       124         16          0          0          0         92   _printf_longlong_dec.o
         6          0          0          0          0          0   _printf_ls.o
         6          0          0          0          0          0   _printf_n.o
         6          0          0          0          0          0   _printf_o.o
       112          8          0          0          0        124   _printf_oct_int_ll.o
         6          0          0          0          0          0   _printf_p.o
        78          0          0          0          0        108   _printf_pad.o
         0          0          0          0          0          0   _printf_percent.o
         4          0          0          0          0          0   _printf_percent_end.o
         6          0          0          0          0          0   _printf_s.o
        82          0          0          0          0         80   _printf_str.o
        36          0          0          0          0         84   _printf_truncate.o
         6          0          0          0          0          0   _printf_u.o
        44          0          0          0          0        108   _printf_wchar.o
       188          6          8          0          0         92   _printf_wctomb.o
         6          0          0          0          0          0   _printf_x.o
        10          0          0          0          0         68   _sputc.o
        64          0          0          0          0         92   _wcrtomb.o
       220          4        148          0          0         96   bigflt0.o
      1910        128          0          0          0        672   btod.o
        12          0          0          0          0         72   exit.o
         6          0          0          0          0        152   heapauxi.o
         0          0          0          0          0          0   indicate_semi.o
        44         10        272          0          0         76   lc_ctype_c.o
        44         10         28          0          0         76   lc_numeric_c.o
         2          0          0          0          0          0   libinit.o
        34          0          0          0          0          0   libinit2.o
         2          0          0          0          0          0   libshutdown.o
         2          0          0          0          0          0   libshutdown2.o
         8          4          0          0         96         68   libspace.o
       138          0          0          0          0         80   lludiv10.o
        16          4          0          0          0         76   rt_ctype_table.o
         8          4          0          0          0         68   rt_locale_intlibspace.o
         2          0          0          0          0          0   rtexit.o
        10          0          0          0          0          0   rtexit2.o
       128          0          0          0          0         68   strcmpv7m.o
        62          0          0          0          0         76   strlen.o
        12          4          0          0          0         68   sys_exit.o
        74          0          0          0          0         80   sys_stackheap_outer.o
         2          0          0          0          0         68   use_no_semi.o
        36          4          0          0          0         76   vsprintf.o
        10          0          0          0          0        116   fpinit.o
         4          0          0          0          0        116   printf1.o
         4          0          0          0          0        116   printf2.o
         0          0          0          0          0          0   usenofp.o
        48          0          0          0          0        124   fpclassify.o

    ----------------------------------------------------------------------
      6832        272        554          0         96       4516   Library Totals
        10          0          3          0          0          0   (incl. Padding)

    ----------------------------------------------------------------------

      Code (inc. data)   RO Data    RW Data    ZI Data      Debug   Library Name

      6756        272        551          0         96       4044   c_w.l
        18          0          0          0          0        348   fz_wm.l
        48          0          0          0          0        124   m_wm.l

    ----------------------------------------------------------------------
      6832        272        554          0         96       4516   Library Totals

    ----------------------------------------------------------------------

==============================================================================


      Code (inc. data)   RO Data    RW Data    ZI Data      Debug   

     16122       1096        978        116       2300     615806   Grand Totals
     16122       1096        978        116       2300     615806   ELF Image Totals
     16122       1096        978        116          0          0   ROM Totals

==============================================================================

    Total RO  Size (Code + RO Data)                17100 (  16.70kB)
    Total RW  Size (RW Data + ZI Data)              2416 (   2.36kB)
    Total ROM Size (Code + RO Data + RW Data)      17216 (  16.81kB)

==============================================================================

