Component: ARM Compiler 5.05 update 1 (build 106) Tool: armlink [4d0efa]

==============================================================================

Section Cross References

    system_stm32f4xx.o(i.SystemCoreClockUpdate) refers to system_stm32f4xx.o(.data) for SystemCoreClock
    system_stm32f4xx.o(i.SystemInit) refers to system_stm32f4xx.o(i.SetSysClock) for SetSysClock
    stm32f4xx_it.o(i.CAN1_RX0_IRQHandler) refers to stm32f4xx_can.o(i.CAN_GetITStatus) for CAN_GetITStatus
    stm32f4xx_it.o(i.CAN1_RX0_IRQHandler) refers to stm32f4xx_can.o(i.CAN_ClearITPendingBit) for CAN_ClearITPendingBit
    stm32f4xx_it.o(i.CAN1_RX0_IRQHandler) refers to stm32f4xx_can.o(i.CAN_ClearFlag) for CAN_ClearFlag
    stm32f4xx_it.o(i.CAN1_RX0_IRQHandler) refers to stm32f4xx_can.o(i.CAN_Receive) for CAN_Receive
    stm32f4xx_it.o(i.CAN1_RX0_IRQHandler) refers to bsp_esc.o(i.C620_GetMotorInfo) for C620_GetMotorInfo
    stm32f4xx_it.o(i.CAN1_TX_IRQHandler) refers to stm32f4xx_can.o(i.CAN_GetITStatus) for CAN_GetITStatus
    stm32f4xx_it.o(i.CAN1_TX_IRQHandler) refers to stm32f4xx_can.o(i.CAN_ClearITPendingBit) for CAN_ClearITPendingBit
    stm32f4xx_it.o(i.CAN2_RX0_IRQHandler) refers to stm32f4xx_can.o(i.CAN_GetITStatus) for CAN_GetITStatus
    stm32f4xx_it.o(i.CAN2_RX0_IRQHandler) refers to stm32f4xx_can.o(i.CAN_ClearITPendingBit) for CAN_ClearITPendingBit
    stm32f4xx_it.o(i.CAN2_RX0_IRQHandler) refers to stm32f4xx_can.o(i.CAN_ClearFlag) for CAN_ClearFlag
    stm32f4xx_it.o(i.CAN2_RX0_IRQHandler) refers to stm32f4xx_can.o(i.CAN_Receive) for CAN_Receive
    stm32f4xx_it.o(i.CAN2_TX_IRQHandler) refers to stm32f4xx_can.o(i.CAN_GetITStatus) for CAN_GetITStatus
    stm32f4xx_it.o(i.CAN2_TX_IRQHandler) refers to stm32f4xx_can.o(i.CAN_ClearITPendingBit) for CAN_ClearITPendingBit
    stm32f4xx_it.o(i.TIM2_IRQHandler) refers to stm32f4xx_tim.o(i.TIM_GetITStatus) for TIM_GetITStatus
    stm32f4xx_it.o(i.TIM2_IRQHandler) refers to stm32f4xx_tim.o(i.TIM_ClearITPendingBit) for TIM_ClearITPendingBit
    stm32f4xx_it.o(i.TIM2_IRQHandler) refers to bsp_led.o(i.LED_Task) for LED_Task
    stm32f4xx_it.o(i.TIM3_IRQHandler) refers to stm32f4xx_tim.o(i.TIM_GetITStatus) for TIM_GetITStatus
    stm32f4xx_it.o(i.TIM3_IRQHandler) refers to stm32f4xx_tim.o(i.TIM_ClearITPendingBit) for TIM_ClearITPendingBit
    stm32f4xx_it.o(i.USART1_IRQHandler) refers to stm32f4xx_usart.o(i.USART_GetFlagStatus) for USART_GetFlagStatus
    stm32f4xx_it.o(i.USART1_IRQHandler) refers to stm32f4xx_usart.o(i.USART_ClearITPendingBit) for USART_ClearITPendingBit
    stm32f4xx_it.o(i.USART2_IRQHandler) refers to bsp_joystick.o(i.RemoteAnalyzeTask) for RemoteAnalyzeTask
    stm32f4xx_it.o(i.USART3_IRQHandler) refers to stm32f4xx_usart.o(i.USART_GetFlagStatus) for USART_GetFlagStatus
    stm32f4xx_it.o(i.USART3_IRQHandler) refers to stm32f4xx_usart.o(i.USART_ClearITPendingBit) for USART_ClearITPendingBit
    stm32f4xx_it.o(i.USART6_IRQHandler) refers to stm32f4xx_usart.o(i.USART_GetFlagStatus) for USART_GetFlagStatus
    stm32f4xx_it.o(i.USART6_IRQHandler) refers to stm32f4xx_usart.o(i.USART_ClearITPendingBit) for USART_ClearITPendingBit
    main.o(i.main) refers to init.o(i.System_Init) for System_Init
    main.o(i.main) refers to demo_moto.o(i.Moto_Init) for Moto_Init
    main.o(i.main) refers to drv_systick.o(i.delay_ms) for delay_ms
    main.o(i.main) refers to bsp_joystick.o(i.Remote_GetV1) for Remote_GetV1
    main.o(i.main) refers to dflt_clz.o(x$fpl$dflt) for __aeabi_i2d
    main.o(i.main) refers to ddiv.o(x$fpl$ddiv) for __aeabi_ddiv
    main.o(i.main) refers to d2f.o(x$fpl$d2f) for __aeabi_d2f
    main.o(i.main) refers to bsp_joystick.o(i.Remote_GetV2) for Remote_GetV2
    main.o(i.main) refers to bsp_joystick.o(i.Remote_GetV3) for Remote_GetV3
    main.o(i.main) refers to demo_moto.o(i.Moto_Set_PID) for Moto_Set_PID
    main.o(i.main) refers to bsp_joystick.o(i.Remote_GetLX) for Remote_GetLX
    main.o(i.main) refers to demo_moto.o(i.Moto_1ms_task) for Moto_1ms_task
    main.o(i.main) refers to demo_moto.o(.data) for g_set_position
    init.o(i.System_Init) refers to system_stm32f4xx.o(i.SystemInit) for SystemInit
    init.o(i.System_Init) refers to misc.o(i.NVIC_PriorityGroupConfig) for NVIC_PriorityGroupConfig
    init.o(i.System_Init) refers to drv_systick.o(i.delay_init) for delay_init
    init.o(i.System_Init) refers to drv_uart.o(i.USART1_Init) for USART1_Init
    init.o(i.System_Init) refers to drv_uart.o(i.USART2_Init) for USART2_Init
    init.o(i.System_Init) refers to drv_can.o(i.CAN1_Init) for CAN1_Init
    init.o(i.System_Init) refers to drv_uart.o(i.Serial_Send) for Serial_Send
    init.o(i.System_Init) refers to bsp_led.o(i.LED_Init) for LED_Init
    drv_spi.o(i.drv_spi_init) refers to drv_gpio.o(i.GPIO_Format_Init) for GPIO_Format_Init
    drv_spi.o(i.drv_spi_init) refers to stm32f4xx_gpio.o(i.GPIO_PinAFConfig) for GPIO_PinAFConfig
    drv_spi.o(i.drv_spi_init) refers to stm32f4xx_gpio.o(i.GPIO_SetBits) for GPIO_SetBits
[...]
    Removing bsp_oled.o(i.OLED_ShowString), (60 bytes).
    Removing bsp_oled.o(i.OLED_Write), (156 bytes).
    Removing bsp_oled.o(i.SetCursor), (20 bytes).
    Removing bsp_oled.o(i.SetTextSize), (20 bytes).
    Removing bsp_oled.o(i.swap), (12 bytes).
    Removing bsp_oled.o(.bss), (1024 bytes).
    Removing bsp_oled.o(.data), (7 bytes).
    Removing oled_font.o(.constdata), (2328 bytes).
    Removing bsp_led.o(.rev16_text), (4 bytes).
    Removing bsp_led.o(.revsh_text), (4 bytes).
    Removing bsp_ad7190.o(.rev16_text), (4 bytes).
    Removing bsp_ad7190.o(.revsh_text), (4 bytes).
    Removing bsp_ad7190.o(i.AD7190_Calibrate), (58 bytes).
    Removing bsp_ad7190.o(i.AD7190_ChannelSelect), (44 bytes).
    Removing bsp_ad7190.o(i.AD7190_ChopSetting), (44 bytes).
    Removing bsp_ad7190.o(i.AD7190_Continuous_ReadData), (38 bytes).
    Removing bsp_ad7190.o(i.AD7190_GetRegisterValue), (76 bytes).
    Removing bsp_ad7190.o(i.AD7190_Init), (76 bytes).
    Removing bsp_ad7190.o(i.AD7190_MultiChannelSelect), (40 bytes).
    Removing bsp_ad7190.o(i.AD7190_RangeSetup), (54 bytes).
    Removing bsp_ad7190.o(i.AD7190_Reset), (52 bytes).
    Removing bsp_ad7190.o(i.AD7190_SetRegisterValue), (64 bytes).
    Removing bsp_ad7190.o(i.AD7190_Unipolar_Multichannel_Conf), (112 bytes).
    Removing bsp_ad7190.o(i.AD7190_WaitRdyGoLow), (32 bytes).
    Removing bsp_ad7190.o(i.Get_ADC_flag), (12 bytes).
    Removing bsp_ad7190.o(i.Get_ad7190_data), (8 bytes).
    Removing bsp_ad7190.o(i.Get_bias_data), (8 bytes).
    Removing bsp_ad7190.o(i.Get_number), (12 bytes).
    Removing bsp_ad7190.o(i.Get_voltage_data), (8 bytes).
    Removing bsp_ad7190.o(i.Set_ADC_flag), (12 bytes).
    Removing bsp_ad7190.o(i.Set_ad7190_data), (32 bytes).
    Removing bsp_ad7190.o(i.Set_bias_data), (32 bytes).
    Removing bsp_ad7190.o(i.Set_number), (12 bytes).
    Removing bsp_ad7190.o(i.Set_voltage_data), (40 bytes).
    Removing bsp_ad7190.o(.bss), (64 bytes).
    Removing bsp_ad7190.o(.data), (2 bytes).
    Removing bsp_esc.o(.rev16_text), (4 bytes).
    Removing bsp_esc.o(.revsh_text), (4 bytes).
    Removing bsp_esc.o(i.C610_GetMotorInfo), (216 bytes).
    Removing bsp_esc.o(i.C610_SendCurrentVal), (128 bytes).
    Removing bsp_esc.o(i.Get_C610_MotorInfo), (92 bytes).
    Removing bsp_esc.o(i.Get_C620_MotorInfo), (112 bytes).
    Removing bsp_joystick.o(.rev16_text), (4 bytes).
    Removing bsp_joystick.o(.revsh_text), (4 bytes).
    Removing bsp_joystick.o(i.RemoteInit), (56 bytes).
    Removing bsp_joystick.o(i.Remote_GetChanalVal), (48 bytes).
    Removing bsp_joystick.o(i.Remote_GetKEY1), (12 bytes).
    Removing bsp_joystick.o(i.Remote_GetKEY10), (12 bytes).
    Removing bsp_joystick.o(i.Remote_GetKEY11), (12 bytes).
    Removing bsp_joystick.o(i.Remote_GetKEY12), (12 bytes).
    Removing bsp_joystick.o(i.Remote_GetKEY13), (12 bytes).
    Removing bsp_joystick.o(i.Remote_GetKEY14), (12 bytes).
    Removing bsp_joystick.o(i.Remote_GetKEY15), (12 bytes).
    Removing bsp_joystick.o(i.Remote_GetKEY16), (12 bytes).
    Removing bsp_joystick.o(i.Remote_GetKEY2), (12 bytes).
    Removing bsp_joystick.o(i.Remote_GetKEY3), (12 bytes).
    Removing bsp_joystick.o(i.Remote_GetKEY4), (12 bytes).
    Removing bsp_joystick.o(i.Remote_GetKEY5), (12 bytes).
    Removing bsp_joystick.o(i.Remote_GetKEY6), (12 bytes).
    Removing bsp_joystick.o(i.Remote_GetKEY7), (12 bytes).
    Removing bsp_joystick.o(i.Remote_GetKEY8), (12 bytes).
    Removing bsp_joystick.o(i.Remote_GetKEY9), (12 bytes).
    Removing bsp_joystick.o(i.Remote_GetLY), (12 bytes).
    Removing bsp_joystick.o(i.Remote_GetRX), (12 bytes).
    Removing bsp_joystick.o(i.Remote_GetRY), (12 bytes).
    Removing bsp_robomodule.o(.rev16_text), (4 bytes).
    Removing bsp_robomodule.o(.revsh_text), (4 bytes).
    Removing bsp_robomodule.o(i.CAN1_RX0_Int), (544 bytes).
    Removing bsp_robomodule.o(i.CAN1_TX_Int), (36 bytes).
    Removing bsp_robomodule.o(i.CAN_Delay_Us), (26 bytes).
    Removing bsp_robomodule.o(i.CAN_RoboModule_DRV_Config), (168 bytes).
    Removing bsp_robomodule.o(i.CAN_RoboModule_DRV_Current_Mode), (212 bytes).
    Removing bsp_robomodule.o(i.CAN_RoboModule_DRV_Current_Position_Mode), (192 bytes).
    Removing bsp_robomodule.o(i.CAN_RoboModule_DRV_Current_Velocity_Mode), (188 bytes).
    Removing bsp_robomodule.o(i.CAN_RoboModule_DRV_Current_Velocity_Position_Mode), (216 bytes).
    Removing bsp_robomodule.o(i.CAN_RoboModule_DRV_Mode_Choice), (160 bytes).
    Removing bsp_robomodule.o(i.CAN_RoboModule_DRV_Online_Check), (160 bytes).
    Removing bsp_robomodule.o(i.CAN_RoboModule_DRV_OpenLoop_Mode), (188 bytes).
    Removing bsp_robomodule.o(i.CAN_RoboModule_DRV_Position_Mode), (216 bytes).
    Removing bsp_robomodule.o(i.CAN_RoboModule_DRV_Reset), (160 bytes).
    Removing bsp_robomodule.o(i.CAN_RoboModule_DRV_Velocity_Mode), (212 bytes).
    Removing bsp_robomodule.o(i.CAN_RoboModule_DRV_Velocity_Position_Mode), (240 bytes).
    Removing bsp_robomodule.o(.bss), (16 bytes).
    Removing bsp_robomodule.o(.data), (34 bytes).
    Removing misc.o(.rev16_text), (4 bytes).
    Removing misc.o(.revsh_text), (4 bytes).
    Removing misc.o(i.NVIC_SetVectorTable), (20 bytes).
    Removing misc.o(i.NVIC_SystemLPConfig), (32 bytes).
    Removing stm32f4xx_adc.o(.rev16_text), (4 bytes).
    Removing stm32f4xx_adc.o(.revsh_text), (4 bytes).
    Removing stm32f4xx_adc.o(i.ADC_AnalogWatchdogCmd), (20 bytes).
    Removing stm32f4xx_adc.o(i.ADC_AnalogWatchdogSingleChannelConfig), (16 bytes).
    Removing stm32f4xx_adc.o(i.ADC_AnalogWatchdogThresholdsConfig), (6 bytes).
    Removing stm32f4xx_adc.o(i.ADC_AutoInjectedConvCmd), (22 bytes).
    Removing stm32f4xx_adc.o(i.ADC_ClearFlag), (6 bytes).
    Removing stm32f4xx_adc.o(i.ADC_ClearITPendingBit), (10 bytes).
    Removing stm32f4xx_adc.o(i.ADC_Cmd), (22 bytes).
    Removing stm32f4xx_adc.o(i.ADC_CommonInit), (48 bytes).
    Removing stm32f4xx_adc.o(i.ADC_CommonStructInit), (12 bytes).
    Removing stm32f4xx_adc.o(i.ADC_ContinuousModeCmd), (22 bytes).
    Removing stm32f4xx_adc.o(i.ADC_DMACmd), (22 bytes).
    Removing stm32f4xx_adc.o(i.ADC_DMARequestAfterLastTransferCmd), (22 bytes).
    Removing stm32f4xx_adc.o(i.ADC_DeInit), (22 bytes).
    Removing stm32f4xx_adc.o(i.ADC_DiscModeChannelCountConfig), (24 bytes).
    Removing stm32f4xx_adc.o(i.ADC_DiscModeCmd), (22 bytes).
    Removing stm32f4xx_adc.o(i.ADC_EOCOnEachRegularChannelCmd), (22 bytes).
    Removing stm32f4xx_adc.o(i.ADC_ExternalTrigInjectedConvConfig), (16 bytes).
    Removing stm32f4xx_adc.o(i.ADC_ExternalTrigInjectedConvEdgeConfig), (16 bytes).
    Removing stm32f4xx_adc.o(i.ADC_GetConversionValue), (8 bytes).
    Removing stm32f4xx_adc.o(i.ADC_GetFlagStatus), (18 bytes).
    Removing stm32f4xx_adc.o(i.ADC_GetITStatus), (38 bytes).
    Removing stm32f4xx_adc.o(i.ADC_GetInjectedConversionValue), (28 bytes).
    Removing stm32f4xx_adc.o(i.ADC_GetMultiModeConversionValue), (12 bytes).
    Removing stm32f4xx_adc.o(i.ADC_GetSoftwareStartConvStatus), (20 bytes).
    Removing stm32f4xx_adc.o(i.ADC_GetSoftwareStartInjectedConvCmdStatus), (20 bytes).
    Removing stm32f4xx_adc.o(i.ADC_ITConfig), (32 bytes).
    Removing stm32f4xx_adc.o(i.ADC_Init), (84 bytes).
    Removing stm32f4xx_adc.o(i.ADC_InjectedChannelConfig), (130 bytes).
    Removing stm32f4xx_adc.o(i.ADC_InjectedDiscModeCmd), (22 bytes).
    Removing stm32f4xx_adc.o(i.ADC_InjectedSequencerLengthConfig), (24 bytes).
    Removing stm32f4xx_adc.o(i.ADC_MultiModeDMARequestAfterLastTransferCmd), (44 bytes).
    Removing stm32f4xx_adc.o(i.ADC_RegularChannelConfig), (184 bytes).
    Removing stm32f4xx_adc.o(i.ADC_SetInjectedOffset), (20 bytes).
    Removing stm32f4xx_adc.o(i.ADC_SoftwareStartConv), (10 bytes).
    Removing stm32f4xx_adc.o(i.ADC_SoftwareStartInjectedConv), (10 bytes).
    Removing stm32f4xx_adc.o(i.ADC_StructInit), (20 bytes).
    Removing stm32f4xx_adc.o(i.ADC_TempSensorVrefintCmd), (44 bytes).
    Removing stm32f4xx_adc.o(i.ADC_VBATCmd), (44 bytes).
    Removing stm32f4xx_can.o(.rev16_text), (4 bytes).
    Removing stm32f4xx_can.o(.revsh_text), (4 bytes).
    Removing stm32f4xx_can.o(i.CAN_CancelTransmit), (48 bytes).
    Removing stm32f4xx_can.o(i.CAN_DBGFreeze), (22 bytes).
    Removing stm32f4xx_can.o(i.CAN_DeInit), (56 bytes).
    Removing stm32f4xx_can.o(i.CAN_FIFORelease), (22 bytes).
    Removing stm32f4xx_can.o(i.CAN_GetFlagStatus), (120 bytes).
    Removing stm32f4xx_can.o(i.CAN_GetLSBTransmitErrorCounter), (12 bytes).
    Removing stm32f4xx_can.o(i.CAN_GetLastErrorCode), (12 bytes).
    Removing stm32f4xx_can.o(i.CAN_GetReceiveErrorCounter), (10 bytes).
    Removing stm32f4xx_can.o(i.CAN_MessagePending), (30 bytes).
    Removing stm32f4xx_can.o(i.CAN_OperatingModeRequest), (162 bytes).
    Removing stm32f4xx_can.o(i.CAN_SlaveStartBank), (52 bytes).
    Removing stm32f4xx_can.o(i.CAN_Sleep), (30 bytes).
    Removing stm32f4xx_can.o(i.CAN_StructInit), (32 bytes).
    Removing stm32f4xx_can.o(i.CAN_TTComModeCmd), (118 bytes).
    Removing stm32f4xx_can.o(i.CAN_TransmitStatus), (160 bytes).
    Removing stm32f4xx_can.o(i.CAN_WakeUp), (48 bytes).
    Removing stm32f4xx_crc.o(.rev16_text), (4 bytes).
    Removing stm32f4xx_crc.o(.revsh_text), (4 bytes).
    Removing stm32f4xx_crc.o(i.CRC_CalcBlockCRC), (36 bytes).
    Removing stm32f4xx_crc.o(i.CRC_CalcCRC), (16 bytes).
    Removing stm32f4xx_crc.o(i.CRC_GetCRC), (12 bytes).
    Removing stm32f4xx_crc.o(i.CRC_GetIDRegister), (12 bytes).
    Removing stm32f4xx_crc.o(i.CRC_ResetDR), (12 bytes).
    Removing stm32f4xx_crc.o(i.CRC_SetIDRegister), (12 bytes).
    Removing stm32f4xx_cryp.o(.rev16_text), (4 bytes).
    Removing stm32f4xx_cryp.o(.revsh_text), (4 bytes).
    Removing stm32f4xx_cryp.o(i.CRYP_Cmd), (36 bytes).
    Removing stm32f4xx_cryp.o(i.CRYP_DMACmd), (36 bytes).
    Removing stm32f4xx_cryp.o(i.CRYP_DataIn), (12 bytes).
    Removing stm32f4xx_cryp.o(i.CRYP_DataOut), (12 bytes).
    Removing stm32f4xx_cryp.o(i.CRYP_DeInit), (20 bytes).
    Removing stm32f4xx_cryp.o(i.CRYP_FIFOFlush), (20 bytes).
    Removing stm32f4xx_cryp.o(i.CRYP_GetCmdStatus), (24 bytes).
    Removing stm32f4xx_cryp.o(i.CRYP_GetFlagStatus), (40 bytes).
    Removing stm32f4xx_cryp.o(i.CRYP_GetITStatus), (24 bytes).
    Removing stm32f4xx_cryp.o(i.CRYP_ITConfig), (36 bytes).
    Removing stm32f4xx_cryp.o(i.CRYP_IVInit), (24 bytes).
    Removing stm32f4xx_cryp.o(i.CRYP_IVStructInit), (12 bytes).
    Removing stm32f4xx_cryp.o(i.CRYP_Init), (124 bytes).
    Removing stm32f4xx_cryp.o(i.CRYP_KeyInit), (40 bytes).
    Removing stm32f4xx_cryp.o(i.CRYP_KeyStructInit), (20 bytes).
    Removing stm32f4xx_cryp.o(i.CRYP_PhaseConfig), (24 bytes).
    Removing stm32f4xx_cryp.o(i.CRYP_RestoreContext), (148 bytes).
    Removing stm32f4xx_cryp.o(i.CRYP_SaveContext), (264 bytes).
    Removing stm32f4xx_cryp.o(i.CRYP_StructInit), (12 bytes).
    Removing stm32f4xx_cryp_aes.o(.rev16_text), (4 bytes).
    Removing stm32f4xx_cryp_aes.o(.revsh_text), (4 bytes).
    Removing stm32f4xx_cryp_aes.o(i.CRYP_AES_CBC), (540 bytes).
    Removing stm32f4xx_cryp_aes.o(i.CRYP_AES_CCM), (1778 bytes).
    Removing stm32f4xx_cryp_aes.o(i.CRYP_AES_CTR), (466 bytes).
    Removing stm32f4xx_cryp_aes.o(i.CRYP_AES_ECB), (494 bytes).
    Removing stm32f4xx_cryp_aes.o(i.CRYP_AES_GCM), (1308 bytes).
    Removing stm32f4xx_cryp_des.o(.rev16_text), (4 bytes).
    Removing stm32f4xx_cryp_des.o(.revsh_text), (4 bytes).
    Removing stm32f4xx_cryp_des.o(i.CRYP_DES_CBC), (248 bytes).
    Removing stm32f4xx_cryp_des.o(i.CRYP_DES_ECB), (224 bytes).
    Removing stm32f4xx_cryp_tdes.o(.rev16_text), (4 bytes).
    Removing stm32f4xx_cryp_tdes.o(.revsh_text), (4 bytes).
    Removing stm32f4xx_cryp_tdes.o(i.CRYP_TDES_CBC), (280 bytes).
    Removing stm32f4xx_cryp_tdes.o(i.CRYP_TDES_ECB), (256 bytes).
    Removing stm32f4xx_dac.o(.rev16_text), (4 bytes).
    Removing stm32f4xx_dac.o(.revsh_text), (4 bytes).
    Removing stm32f4xx_dac.o(i.DAC_ClearFlag), (16 bytes).
    Removing stm32f4xx_dac.o(i.DAC_ClearITPendingBit), (16 bytes).
    Removing stm32f4xx_dac.o(i.DAC_Cmd), (40 bytes).
    Removing stm32f4xx_dac.o(i.DAC_DMACmd), (44 bytes).
    Removing stm32f4xx_dac.o(i.DAC_DeInit), (22 bytes).
    Removing stm32f4xx_dac.o(i.DAC_DualSoftwareTriggerCmd), (36 bytes).
    Removing stm32f4xx_dac.o(i.DAC_GetDataOutputValue), (36 bytes).
    Removing stm32f4xx_dac.o(i.DAC_GetFlagStatus), (32 bytes).
    Removing stm32f4xx_dac.o(i.DAC_GetITStatus), (48 bytes).
    Removing stm32f4xx_dac.o(i.DAC_ITConfig), (40 bytes).
    Removing stm32f4xx_dac.o(i.DAC_Init), (52 bytes).
    Removing stm32f4xx_dac.o(i.DAC_SetChannel1Data), (32 bytes).
    Removing stm32f4xx_dac.o(i.DAC_SetChannel2Data), (32 bytes).
    Removing stm32f4xx_dac.o(i.DAC_SetDualChannelData), (36 bytes).
    Removing stm32f4xx_dac.o(i.DAC_SoftwareTriggerCmd), (44 bytes).
    Removing stm32f4xx_dac.o(i.DAC_StructInit), (12 bytes).
    Removing stm32f4xx_dac.o(i.DAC_WaveGenerationCmd), (40 bytes).
    Removing stm32f4xx_dbgmcu.o(.rev16_text), (4 bytes).
    Removing stm32f4xx_dbgmcu.o(.revsh_text), (4 bytes).
    Removing stm32f4xx_dbgmcu.o(i.DBGMCU_APB1PeriphConfig), (32 bytes).
    Removing stm32f4xx_dbgmcu.o(i.DBGMCU_APB2PeriphConfig), (32 bytes).
    Removing stm32f4xx_dbgmcu.o(i.DBGMCU_Config), (32 bytes).
    Removing stm32f4xx_dbgmcu.o(i.DBGMCU_GetDEVID), (16 bytes).
    Removing stm32f4xx_dbgmcu.o(i.DBGMCU_GetREVID), (12 bytes).
    Removing stm32f4xx_dcmi.o(.rev16_text), (4 bytes).
    Removing stm32f4xx_dcmi.o(.revsh_text), (4 bytes).
    Removing stm32f4xx_dcmi.o(i.DCMI_CROPCmd), (36 bytes).
    Removing stm32f4xx_dcmi.o(i.DCMI_CROPConfig), (32 bytes).
    Removing stm32f4xx_dcmi.o(i.DCMI_CaptureCmd), (36 bytes).
    Removing stm32f4xx_dcmi.o(i.DCMI_ClearFlag), (12 bytes).
    Removing stm32f4xx_dcmi.o(i.DCMI_ClearITPendingBit), (12 bytes).
    Removing stm32f4xx_dcmi.o(i.DCMI_Cmd), (36 bytes).
    Removing stm32f4xx_dcmi.o(i.DCMI_DeInit), (28 bytes).
    Removing stm32f4xx_dcmi.o(i.DCMI_GetFlagStatus), (52 bytes).
    Removing stm32f4xx_dcmi.o(i.DCMI_GetITStatus), (28 bytes).
    Removing stm32f4xx_dcmi.o(i.DCMI_ITConfig), (36 bytes).
    Removing stm32f4xx_dcmi.o(i.DCMI_Init), (64 bytes).
    Removing stm32f4xx_dcmi.o(i.DCMI_JPEGCmd), (36 bytes).
    Removing stm32f4xx_dcmi.o(i.DCMI_ReadData), (12 bytes).
    Removing stm32f4xx_dcmi.o(i.DCMI_SetEmbeddedSynchroCodes), (32 bytes).
    Removing stm32f4xx_dcmi.o(i.DCMI_StructInit), (18 bytes).
    Removing stm32f4xx_dma.o(.rev16_text), (4 bytes).
    Removing stm32f4xx_dma.o(.revsh_text), (4 bytes).
    Removing stm32f4xx_dma.o(i.DMA_ClearFlag), (52 bytes).
    Removing stm32f4xx_dma.o(i.DMA_ClearITPendingBit), (52 bytes).
    Removing stm32f4xx_dma.o(i.DMA_Cmd), (22 bytes).
    Removing stm32f4xx_dma.o(i.DMA_DeInit), (344 bytes).
    Removing stm32f4xx_dma.o(i.DMA_DoubleBufferModeCmd), (22 bytes).
    Removing stm32f4xx_dma.o(i.DMA_DoubleBufferModeConfig), (24 bytes).
    Removing stm32f4xx_dma.o(i.DMA_FlowControllerConfig), (22 bytes).
    Removing stm32f4xx_dma.o(i.DMA_GetCmdStatus), (20 bytes).
    Removing stm32f4xx_dma.o(i.DMA_GetCurrDataCounter), (8 bytes).
    Removing stm32f4xx_dma.o(i.DMA_GetCurrentMemoryTarget), (20 bytes).
    Removing stm32f4xx_dma.o(i.DMA_GetFIFOStatus), (12 bytes).
    Removing stm32f4xx_dma.o(i.DMA_GetFlagStatus), (68 bytes).
    Removing stm32f4xx_dma.o(i.DMA_GetITStatus), (100 bytes).
    Removing stm32f4xx_dma.o(i.DMA_ITConfig), (58 bytes).
    Removing stm32f4xx_dma.o(i.DMA_Init), (88 bytes).
    Removing stm32f4xx_dma.o(i.DMA_MemoryTargetConfig), (10 bytes).
    Removing stm32f4xx_dma.o(i.DMA_PeriphIncOffsetSizeConfig), (22 bytes).
    Removing stm32f4xx_dma.o(i.DMA_SetCurrDataCounter), (4 bytes).
    Removing stm32f4xx_dma.o(i.DMA_StructInit), (34 bytes).
    Removing stm32f4xx_dma2d.o(.rev16_text), (4 bytes).
    Removing stm32f4xx_dma2d.o(.revsh_text), (4 bytes).
    Removing stm32f4xx_dma2d.o(i.DMA2D_AbortTransfer), (20 bytes).
    Removing stm32f4xx_dma2d.o(i.DMA2D_BGConfig), (184 bytes).
    Removing stm32f4xx_dma2d.o(i.DMA2D_BGStart), (36 bytes).
    Removing stm32f4xx_dma2d.o(i.DMA2D_BG_StructInit), (26 bytes).
    Removing stm32f4xx_dma2d.o(i.DMA2D_ClearFlag), (12 bytes).
    Removing stm32f4xx_dma2d.o(i.DMA2D_ClearITPendingBit), (12 bytes).
    Removing stm32f4xx_dma2d.o(i.DMA2D_DeInit), (22 bytes).
    Removing stm32f4xx_dma2d.o(i.DMA2D_DeadTimeConfig), (56 bytes).
    Removing stm32f4xx_dma2d.o(i.DMA2D_FGConfig), (184 bytes).
    Removing stm32f4xx_dma2d.o(i.DMA2D_FGStart), (36 bytes).
    Removing stm32f4xx_dma2d.o(i.DMA2D_FG_StructInit), (26 bytes).
    Removing stm32f4xx_dma2d.o(i.DMA2D_GetFlagStatus), (24 bytes).
    Removing stm32f4xx_dma2d.o(i.DMA2D_GetITStatus), (44 bytes).
    Removing stm32f4xx_dma2d.o(i.DMA2D_ITConfig), (32 bytes).
    Removing stm32f4xx_dma2d.o(i.DMA2D_Init), (228 bytes).
    Removing stm32f4xx_dma2d.o(i.DMA2D_LineWatermarkConfig), (12 bytes).
    Removing stm32f4xx_dma2d.o(i.DMA2D_StartTransfer), (20 bytes).
    Removing stm32f4xx_dma2d.o(i.DMA2D_StructInit), (24 bytes).
    Removing stm32f4xx_dma2d.o(i.DMA2D_Suspend), (36 bytes).
    Removing stm32f4xx_exti.o(.rev16_text), (4 bytes).
    Removing stm32f4xx_exti.o(.revsh_text), (4 bytes).
    Removing stm32f4xx_exti.o(i.EXTI_ClearFlag), (12 bytes).
    Removing stm32f4xx_exti.o(i.EXTI_ClearITPendingBit), (12 bytes).
    Removing stm32f4xx_exti.o(i.EXTI_DeInit), (36 bytes).
    Removing stm32f4xx_exti.o(i.EXTI_GenerateSWInterrupt), (16 bytes).
    Removing stm32f4xx_exti.o(i.EXTI_GetFlagStatus), (24 bytes).
    Removing stm32f4xx_exti.o(i.EXTI_GetITStatus), (24 bytes).
    Removing stm32f4xx_exti.o(i.EXTI_Init), (148 bytes).
    Removing stm32f4xx_exti.o(i.EXTI_StructInit), (16 bytes).
    Removing stm32f4xx_flash.o(.rev16_text), (4 bytes).
    Removing stm32f4xx_flash.o(.revsh_text), (4 bytes).
    Removing stm32f4xx_flash.o(i.FLASH_ClearFlag), (12 bytes).
    Removing stm32f4xx_flash.o(i.FLASH_DataCacheCmd), (36 bytes).
    Removing stm32f4xx_flash.o(i.FLASH_DataCacheReset), (20 bytes).
    Removing stm32f4xx_flash.o(i.FLASH_EraseAllBank1Sectors), (108 bytes).
    Removing stm32f4xx_flash.o(i.FLASH_EraseAllBank2Sectors), (108 bytes).
    Removing stm32f4xx_flash.o(i.FLASH_EraseAllSectors), (108 bytes).
    Removing stm32f4xx_flash.o(i.FLASH_EraseSector), (136 bytes).
    Removing stm32f4xx_flash.o(i.FLASH_GetFlagStatus), (24 bytes).
    Removing stm32f4xx_flash.o(i.FLASH_GetStatus), (84 bytes).
    Removing stm32f4xx_flash.o(i.FLASH_ITConfig), (32 bytes).
    Removing stm32f4xx_flash.o(i.FLASH_InstructionCacheCmd), (36 bytes).
    Removing stm32f4xx_flash.o(i.FLASH_InstructionCacheReset), (20 bytes).
    Removing stm32f4xx_flash.o(i.FLASH_Lock), (20 bytes).
    Removing stm32f4xx_flash.o(i.FLASH_OB_BORConfig), (28 bytes).
    Removing stm32f4xx_flash.o(i.FLASH_OB_BootConfig), (28 bytes).
    Removing stm32f4xx_flash.o(i.FLASH_OB_GetBOR), (16 bytes).
    Removing stm32f4xx_flash.o(i.FLASH_OB_GetPCROP), (12 bytes).
    Removing stm32f4xx_flash.o(i.FLASH_OB_GetPCROP1), (12 bytes).
    Removing stm32f4xx_flash.o(i.FLASH_OB_GetRDP), (24 bytes).
    Removing stm32f4xx_flash.o(i.FLASH_OB_GetUser), (16 bytes).
    Removing stm32f4xx_flash.o(i.FLASH_OB_GetWRP), (12 bytes).
    Removing stm32f4xx_flash.o(i.FLASH_OB_GetWRP1), (12 bytes).
    Removing stm32f4xx_flash.o(i.FLASH_OB_Launch), (32 bytes).
    Removing stm32f4xx_flash.o(i.FLASH_OB_Lock), (20 bytes).
    Removing stm32f4xx_flash.o(i.FLASH_OB_PCROP1Config), (52 bytes).
    Removing stm32f4xx_flash.o(i.FLASH_OB_PCROPConfig), (52 bytes).
    Removing stm32f4xx_flash.o(i.FLASH_OB_PCROPSelectionConfig), (24 bytes).
    Removing stm32f4xx_flash.o(i.FLASH_OB_RDPConfig), (28 bytes).
    Removing stm32f4xx_flash.o(i.FLASH_OB_Unlock), (36 bytes).
    Removing stm32f4xx_flash.o(i.FLASH_OB_UserConfig), (48 bytes).
    Removing stm32f4xx_flash.o(i.FLASH_OB_WRP1Config), (52 bytes).
    Removing stm32f4xx_flash.o(i.FLASH_OB_WRPConfig), (52 bytes).
    Removing stm32f4xx_flash.o(i.FLASH_PrefetchBufferCmd), (36 bytes).
    Removing stm32f4xx_flash.o(i.FLASH_ProgramByte), (76 bytes).
    Removing stm32f4xx_flash.o(i.FLASH_ProgramDoubleWord), (84 bytes).
    Removing stm32f4xx_flash.o(i.FLASH_ProgramHalfWord), (80 bytes).
    Removing stm32f4xx_flash.o(i.FLASH_ProgramWord), (80 bytes).
    Removing stm32f4xx_flash.o(i.FLASH_SetLatency), (12 bytes).
    Removing stm32f4xx_flash.o(i.FLASH_Unlock), (36 bytes).
    Removing stm32f4xx_flash.o(i.FLASH_WaitForLastOperation), (34 bytes).
    Removing stm32f4xx_flash_ramfunc.o(.rev16_text), (4 bytes).
    Removing stm32f4xx_flash_ramfunc.o(.revsh_text), (4 bytes).
    Removing stm32f4xx_flash_ramfunc.o(i.FLASH_FlashInterfaceCmd), (36 bytes).
    Removing stm32f4xx_flash_ramfunc.o(i.FLASH_FlashSleepModeCmd), (36 bytes).
    Removing stm32f4xx_fsmc.o(.rev16_text), (4 bytes).
    Removing stm32f4xx_fsmc.o(.revsh_text), (4 bytes).
    Removing stm32f4xx_fsmc.o(i.FSMC_ClearFlag), (64 bytes).
    Removing stm32f4xx_fsmc.o(i.FSMC_ClearITPendingBit), (72 bytes).
    Removing stm32f4xx_fsmc.o(i.FSMC_GetECC), (28 bytes).
    Removing stm32f4xx_fsmc.o(i.FSMC_GetFlagStatus), (56 bytes).
    Removing stm32f4xx_fsmc.o(i.FSMC_GetITStatus), (68 bytes).
    Removing stm32f4xx_fsmc.o(i.FSMC_ITConfig), (128 bytes).
    Removing stm32f4xx_fsmc.o(i.FSMC_NANDCmd), (92 bytes).
    Removing stm32f4xx_fsmc.o(i.FSMC_NANDDeInit), (68 bytes).
    Removing stm32f4xx_fsmc.o(i.FSMC_NANDECCCmd), (92 bytes).
    Removing stm32f4xx_fsmc.o(i.FSMC_NANDInit), (136 bytes).
    Removing stm32f4xx_fsmc.o(i.FSMC_NANDStructInit), (54 bytes).
    Removing stm32f4xx_fsmc.o(i.FSMC_NORSRAMCmd), (52 bytes).
    Removing stm32f4xx_fsmc.o(i.FSMC_NORSRAMDeInit), (54 bytes).
    Removing stm32f4xx_fsmc.o(i.FSMC_NORSRAMInit), (230 bytes).
    Removing stm32f4xx_fsmc.o(i.FSMC_NORSRAMStructInit), (52 bytes).
    Removing stm32f4xx_fsmc.o(i.FSMC_PCCARDCmd), (48 bytes).
    Removing stm32f4xx_fsmc.o(i.FSMC_PCCARDDeInit), (40 bytes).
    Removing stm32f4xx_fsmc.o(i.FSMC_PCCARDInit), (132 bytes).
    Removing stm32f4xx_fsmc.o(i.FSMC_PCCARDStructInit), (60 bytes).
    Removing stm32f4xx_fsmc.o(.constdata), (28 bytes).
    Removing stm32f4xx_gpio.o(.rev16_text), (4 bytes).
    Removing stm32f4xx_gpio.o(.revsh_text), (4 bytes).
    Removing stm32f4xx_gpio.o(i.GPIO_DeInit), (312 bytes).
    Removing stm32f4xx_gpio.o(i.GPIO_PinLockConfig), (34 bytes).
    Removing stm32f4xx_gpio.o(i.GPIO_ReadInputData), (8 bytes).
    Removing stm32f4xx_gpio.o(i.GPIO_ReadInputDataBit), (18 bytes).
    Removing stm32f4xx_gpio.o(i.GPIO_ReadOutputData), (8 bytes).
    Removing stm32f4xx_gpio.o(i.GPIO_ReadOutputDataBit), (18 bytes).
    Removing stm32f4xx_gpio.o(i.GPIO_StructInit), (18 bytes).
    Removing stm32f4xx_gpio.o(i.GPIO_ToggleBits), (8 bytes).
    Removing stm32f4xx_gpio.o(i.GPIO_Write), (4 bytes).
    Removing stm32f4xx_gpio.o(i.GPIO_WriteBit), (10 bytes).
    Removing stm32f4xx_hash.o(.rev16_text), (4 bytes).
    Removing stm32f4xx_hash.o(.revsh_text), (4 bytes).
    Removing stm32f4xx_hash.o(i.HASH_AutoStartDigest), (36 bytes).
    Removing stm32f4xx_hash.o(i.HASH_ClearFlag), (12 bytes).
    Removing stm32f4xx_hash.o(i.HASH_ClearITPendingBit), (12 bytes).
    Removing stm32f4xx_hash.o(i.HASH_DMACmd), (36 bytes).
    Removing stm32f4xx_hash.o(i.HASH_DataIn), (12 bytes).
    Removing stm32f4xx_hash.o(i.HASH_DeInit), (20 bytes).
    Removing stm32f4xx_hash.o(i.HASH_GetDigest), (72 bytes).
    Removing stm32f4xx_hash.o(i.HASH_GetFlagStatus), (44 bytes).
    Removing stm32f4xx_hash.o(i.HASH_GetITStatus), (32 bytes).
    Removing stm32f4xx_hash.o(i.HASH_GetInFIFOWordsNbr), (16 bytes).
    Removing stm32f4xx_hash.o(i.HASH_ITConfig), (32 bytes).
    Removing stm32f4xx_hash.o(i.HASH_Init), (84 bytes).
    Removing stm32f4xx_hash.o(i.HASH_Reset), (20 bytes).
    Removing stm32f4xx_hash.o(i.HASH_RestoreContext), (68 bytes).
    Removing stm32f4xx_hash.o(i.HASH_SaveContext), (60 bytes).
    Removing stm32f4xx_hash.o(i.HASH_SetLastWordValidBitsNbr), (28 bytes).
    Removing stm32f4xx_hash.o(i.HASH_StartDigest), (20 bytes).
    Removing stm32f4xx_hash.o(i.HASH_StructInit), (12 bytes).
    Removing stm32f4xx_hash_md5.o(.rev16_text), (4 bytes).
    Removing stm32f4xx_hash_md5.o(.revsh_text), (4 bytes).
    Removing stm32f4xx_hash_md5.o(i.HASH_MD5), (180 bytes).
    Removing stm32f4xx_hash_md5.o(i.HMAC_MD5), (354 bytes).
    Removing stm32f4xx_hash_sha1.o(.rev16_text), (4 bytes).
    Removing stm32f4xx_hash_sha1.o(.revsh_text), (4 bytes).
    Removing stm32f4xx_hash_sha1.o(i.HASH_SHA1), (186 bytes).
    Removing stm32f4xx_hash_sha1.o(i.HMAC_SHA1), (362 bytes).
    Removing stm32f4xx_i2c.o(.rev16_text), (4 bytes).
    Removing stm32f4xx_i2c.o(.revsh_text), (4 bytes).
    Removing stm32f4xx_i2c.o(i.I2C_ARPCmd), (24 bytes).
    Removing stm32f4xx_i2c.o(i.I2C_AcknowledgeConfig), (24 bytes).
    Removing stm32f4xx_i2c.o(i.I2C_AnalogFilterCmd), (24 bytes).
    Removing stm32f4xx_i2c.o(i.I2C_CalculatePEC), (24 bytes).
    Removing stm32f4xx_i2c.o(i.I2C_CheckEvent), (42 bytes).
    Removing stm32f4xx_i2c.o(i.I2C_ClearFlag), (12 bytes).
    Removing stm32f4xx_i2c.o(i.I2C_ClearITPendingBit), (12 bytes).
    Removing stm32f4xx_i2c.o(i.I2C_Cmd), (24 bytes).
    Removing stm32f4xx_i2c.o(i.I2C_DMACmd), (24 bytes).
    Removing stm32f4xx_i2c.o(i.I2C_DMALastTransferCmd), (24 bytes).
    Removing stm32f4xx_i2c.o(i.I2C_DeInit), (96 bytes).
    Removing stm32f4xx_i2c.o(i.I2C_DigitalFilterConfig), (22 bytes).
    Removing stm32f4xx_i2c.o(i.I2C_DualAddressCmd), (24 bytes).
    Removing stm32f4xx_i2c.o(i.I2C_FastModeDutyCycleConfig), (28 bytes).
    Removing stm32f4xx_i2c.o(i.I2C_GeneralCallCmd), (24 bytes).
    Removing stm32f4xx_i2c.o(i.I2C_GenerateSTART), (24 bytes).
    Removing stm32f4xx_i2c.o(i.I2C_GenerateSTOP), (24 bytes).
    Removing stm32f4xx_i2c.o(i.I2C_GetFlagStatus), (58 bytes).
    Removing stm32f4xx_i2c.o(i.I2C_GetITStatus), (38 bytes).
    Removing stm32f4xx_i2c.o(i.I2C_GetLastEvent), (26 bytes).
    Removing stm32f4xx_i2c.o(i.I2C_GetPEC), (8 bytes).
    Removing stm32f4xx_i2c.o(i.I2C_ITConfig), (18 bytes).
    Removing stm32f4xx_i2c.o(i.I2C_Init), (232 bytes).
    Removing stm32f4xx_i2c.o(i.I2C_NACKPositionConfig), (28 bytes).
    Removing stm32f4xx_i2c.o(i.I2C_OwnAddress2Config), (22 bytes).
    Removing stm32f4xx_i2c.o(i.I2C_PECPositionConfig), (28 bytes).
    Removing stm32f4xx_i2c.o(i.I2C_ReadRegister), (22 bytes).
    Removing stm32f4xx_i2c.o(i.I2C_ReceiveData), (8 bytes).
    Removing stm32f4xx_i2c.o(i.I2C_SMBusAlertConfig), (28 bytes).
    Removing stm32f4xx_i2c.o(i.I2C_Send7bitAddress), (16 bytes).
    Removing stm32f4xx_i2c.o(i.I2C_SendData), (4 bytes).
    Removing stm32f4xx_i2c.o(i.I2C_SoftwareResetCmd), (22 bytes).
    Removing stm32f4xx_i2c.o(i.I2C_StretchClockCmd), (24 bytes).
    Removing stm32f4xx_i2c.o(i.I2C_StructInit), (30 bytes).
    Removing stm32f4xx_i2c.o(i.I2C_TransmitPEC), (24 bytes).
    Removing stm32f4xx_iwdg.o(.rev16_text), (4 bytes).
    Removing stm32f4xx_iwdg.o(.revsh_text), (4 bytes).
    Removing stm32f4xx_iwdg.o(i.IWDG_Enable), (16 bytes).
    Removing stm32f4xx_iwdg.o(i.IWDG_GetFlagStatus), (24 bytes).
    Removing stm32f4xx_iwdg.o(i.IWDG_ReloadCounter), (16 bytes).
    Removing stm32f4xx_iwdg.o(i.IWDG_SetPrescaler), (12 bytes).
    Removing stm32f4xx_iwdg.o(i.IWDG_SetReload), (12 bytes).
    Removing stm32f4xx_iwdg.o(i.IWDG_WriteAccessCmd), (12 bytes).
    Removing stm32f4xx_ltdc.o(.rev16_text), (4 bytes).
    Removing stm32f4xx_ltdc.o(.revsh_text), (4 bytes).
    Removing stm32f4xx_ltdc.o(i.LTDC_CLUTCmd), (32 bytes).
    Removing stm32f4xx_ltdc.o(i.LTDC_CLUTInit), (32 bytes).
    Removing stm32f4xx_ltdc.o(i.LTDC_CLUTStructInit), (12 bytes).
    Removing stm32f4xx_ltdc.o(i.LTDC_ClearFlag), (12 bytes).
    Removing stm32f4xx_ltdc.o(i.LTDC_ClearITPendingBit), (12 bytes).
    Removing stm32f4xx_ltdc.o(i.LTDC_Cmd), (36 bytes).
    Removing stm32f4xx_ltdc.o(i.LTDC_ColorKeyingConfig), (68 bytes).
    Removing stm32f4xx_ltdc.o(i.LTDC_ColorKeyingStructInit), (10 bytes).
    Removing stm32f4xx_ltdc.o(i.LTDC_DeInit), (22 bytes).
    Removing stm32f4xx_ltdc.o(i.LTDC_DitherCmd), (36 bytes).
    Removing stm32f4xx_ltdc.o(i.LTDC_GetCDStatus), (24 bytes).
    Removing stm32f4xx_ltdc.o(i.LTDC_GetFlagStatus), (24 bytes).
    Removing stm32f4xx_ltdc.o(i.LTDC_GetITStatus), (44 bytes).
    Removing stm32f4xx_ltdc.o(i.LTDC_GetPosStatus), (44 bytes).
    Removing stm32f4xx_ltdc.o(i.LTDC_GetRGBWidth), (64 bytes).
    Removing stm32f4xx_ltdc.o(i.LTDC_ITConfig), (32 bytes).
    Removing stm32f4xx_ltdc.o(i.LTDC_Init), (392 bytes).
    Removing stm32f4xx_ltdc.o(i.LTDC_LIPConfig), (12 bytes).
    Removing stm32f4xx_ltdc.o(i.LTDC_LayerAddress), (4 bytes).
    Removing stm32f4xx_ltdc.o(i.LTDC_LayerAlpha), (4 bytes).
    Removing stm32f4xx_ltdc.o(i.LTDC_LayerCmd), (22 bytes).
    Removing stm32f4xx_ltdc.o(i.LTDC_LayerInit), (276 bytes).
    Removing stm32f4xx_ltdc.o(i.LTDC_LayerPixelFormat), (106 bytes).
    Removing stm32f4xx_ltdc.o(i.LTDC_LayerPosition), (160 bytes).
    Removing stm32f4xx_ltdc.o(i.LTDC_LayerSize), (116 bytes).
    Removing stm32f4xx_ltdc.o(i.LTDC_LayerStructInit), (48 bytes).
    Removing stm32f4xx_ltdc.o(i.LTDC_PosStructInit), (8 bytes).
    Removing stm32f4xx_ltdc.o(i.LTDC_RGBStructInit), (10 bytes).
    Removing stm32f4xx_ltdc.o(i.LTDC_ReloadConfig), (12 bytes).
    Removing stm32f4xx_ltdc.o(i.LTDC_StructInit), (34 bytes).
    Removing stm32f4xx_pwr.o(.rev16_text), (4 bytes).
    Removing stm32f4xx_pwr.o(.revsh_text), (4 bytes).
    Removing stm32f4xx_pwr.o(i.PWR_BackupAccessCmd), (12 bytes).
    Removing stm32f4xx_pwr.o(i.PWR_BackupRegulatorCmd), (12 bytes).
    Removing stm32f4xx_pwr.o(i.PWR_ClearFlag), (20 bytes).
    Removing stm32f4xx_pwr.o(i.PWR_DeInit), (22 bytes).
    Removing stm32f4xx_pwr.o(i.PWR_EnterSTANDBYMode), (40 bytes).
    Removing stm32f4xx_pwr.o(i.PWR_EnterSTOPMode), (68 bytes).
    Removing stm32f4xx_pwr.o(i.PWR_EnterUnderDriveSTOPMode), (68 bytes).
    Removing stm32f4xx_pwr.o(i.PWR_FlashPowerDownCmd), (12 bytes).
    Removing stm32f4xx_pwr.o(i.PWR_GetFlagStatus), (24 bytes).
    Removing stm32f4xx_pwr.o(i.PWR_LowRegulatorLowVoltageCmd), (24 bytes).
    Removing stm32f4xx_pwr.o(i.PWR_MainRegulatorLowVoltageCmd), (24 bytes).
    Removing stm32f4xx_pwr.o(i.PWR_MainRegulatorModeConfig), (24 bytes).
    Removing stm32f4xx_pwr.o(i.PWR_OverDriveCmd), (12 bytes).
    Removing stm32f4xx_pwr.o(i.PWR_OverDriveSWCmd), (12 bytes).
    Removing stm32f4xx_pwr.o(i.PWR_PVDCmd), (12 bytes).
    Removing stm32f4xx_pwr.o(i.PWR_PVDLevelConfig), (24 bytes).
    Removing stm32f4xx_pwr.o(i.PWR_UnderDriveCmd), (36 bytes).
    Removing stm32f4xx_pwr.o(i.PWR_WakeUpPinCmd), (12 bytes).
    Removing stm32f4xx_rcc.o(.rev16_text), (4 bytes).
    Removing stm32f4xx_rcc.o(.revsh_text), (4 bytes).
    Removing stm32f4xx_rcc.o(i.RCC_AHB1PeriphClockLPModeCmd), (32 bytes).
    Removing stm32f4xx_rcc.o(i.RCC_AHB1PeriphResetCmd), (32 bytes).
    Removing stm32f4xx_rcc.o(i.RCC_AHB2PeriphClockCmd), (32 bytes).
    Removing stm32f4xx_rcc.o(i.RCC_AHB2PeriphClockLPModeCmd), (32 bytes).
    Removing stm32f4xx_rcc.o(i.RCC_AHB2PeriphResetCmd), (32 bytes).
    Removing stm32f4xx_rcc.o(i.RCC_AHB3PeriphClockCmd), (32 bytes).
    Removing stm32f4xx_rcc.o(i.RCC_AHB3PeriphClockLPModeCmd), (32 bytes).
    Removing stm32f4xx_rcc.o(i.RCC_AHB3PeriphResetCmd), (32 bytes).
    Removing stm32f4xx_rcc.o(i.RCC_APB1PeriphClockLPModeCmd), (32 bytes).
    Removing stm32f4xx_rcc.o(i.RCC_APB1PeriphResetCmd), (32 bytes).
    Removing stm32f4xx_rcc.o(i.RCC_APB2PeriphClockLPModeCmd), (32 bytes).
    Removing stm32f4xx_rcc.o(i.RCC_APB2PeriphResetCmd), (32 bytes).
    Removing stm32f4xx_rcc.o(i.RCC_AdjustHSICalibrationValue), (24 bytes).
    Removing stm32f4xx_rcc.o(i.RCC_BackupResetCmd), (12 bytes).
    Removing stm32f4xx_rcc.o(i.RCC_ClearFlag), (20 bytes).
    Removing stm32f4xx_rcc.o(i.RCC_ClearITPendingBit), (12 bytes).
    Removing stm32f4xx_rcc.o(i.RCC_ClockSecuritySystemCmd), (12 bytes).
    Removing stm32f4xx_rcc.o(i.RCC_DeInit), (100 bytes).
    Removing stm32f4xx_rcc.o(i.RCC_GetFlagStatus), (64 bytes).
    Removing stm32f4xx_rcc.o(i.RCC_GetITStatus), (24 bytes).
    Removing stm32f4xx_rcc.o(i.RCC_GetSYSCLKSource), (16 bytes).
    Removing stm32f4xx_rcc.o(i.RCC_HCLKConfig), (24 bytes).
    Removing stm32f4xx_rcc.o(i.RCC_HSEConfig), (16 bytes).
    Removing stm32f4xx_rcc.o(i.RCC_HSICmd), (12 bytes).
    Removing stm32f4xx_rcc.o(i.RCC_I2SCLKConfig), (12 bytes).
    Removing stm32f4xx_rcc.o(i.RCC_ITConfig), (32 bytes).
    Removing stm32f4xx_rcc.o(i.RCC_LSEConfig), (44 bytes).
    Removing stm32f4xx_rcc.o(i.RCC_LSEModeConfig), (36 bytes).
    Removing stm32f4xx_rcc.o(i.RCC_LSICmd), (12 bytes).
    Removing stm32f4xx_rcc.o(i.RCC_LTDCCLKDivConfig), (24 bytes).
    Removing stm32f4xx_rcc.o(i.RCC_MCO1Config), (28 bytes).
    Removing stm32f4xx_rcc.o(i.RCC_MCO2Config), (28 bytes).
    Removing stm32f4xx_rcc.o(i.RCC_PCLK1Config), (24 bytes).
    Removing stm32f4xx_rcc.o(i.RCC_PCLK2Config), (24 bytes).
    Removing stm32f4xx_rcc.o(i.RCC_PLLCmd), (12 bytes).
    Removing stm32f4xx_rcc.o(i.RCC_PLLConfig), (36 bytes).
    Removing stm32f4xx_rcc.o(i.RCC_PLLI2SCmd), (12 bytes).
    Removing stm32f4xx_rcc.o(i.RCC_PLLI2SConfig), (16 bytes).
    Removing stm32f4xx_rcc.o(i.RCC_PLLSAICmd), (12 bytes).
    Removing stm32f4xx_rcc.o(i.RCC_PLLSAIConfig), (24 bytes).
    Removing stm32f4xx_rcc.o(i.RCC_RTCCLKCmd), (12 bytes).
    Removing stm32f4xx_rcc.o(i.RCC_RTCCLKConfig), (60 bytes).
    Removing stm32f4xx_rcc.o(i.RCC_SAIBlockACLKConfig), (24 bytes).
    Removing stm32f4xx_rcc.o(i.RCC_SAIBlockBCLKConfig), (24 bytes).
    Removing stm32f4xx_rcc.o(i.RCC_SAIPLLI2SClkDivConfig), (28 bytes).
    Removing stm32f4xx_rcc.o(i.RCC_SAIPLLSAIClkDivConfig), (28 bytes).
    Removing stm32f4xx_rcc.o(i.RCC_SYSCLKConfig), (24 bytes).
    Removing stm32f4xx_rcc.o(i.RCC_TIMCLKPresConfig), (12 bytes).
    Removing stm32f4xx_rcc.o(i.RCC_WaitForHSEStartUp), (56 bytes).
    Removing stm32f4xx_rng.o(.rev16_text), (4 bytes).
    Removing stm32f4xx_rng.o(.revsh_text), (4 bytes).
    Removing stm32f4xx_rng.o(i.RNG_ClearFlag), (16 bytes).
    Removing stm32f4xx_rng.o(i.RNG_ClearITPendingBit), (16 bytes).
    Removing stm32f4xx_rng.o(i.RNG_Cmd), (36 bytes).
    Removing stm32f4xx_rng.o(i.RNG_DeInit), (20 bytes).
    Removing stm32f4xx_rng.o(i.RNG_GetFlagStatus), (24 bytes).
    Removing stm32f4xx_rng.o(i.RNG_GetITStatus), (24 bytes).
    Removing stm32f4xx_rng.o(i.RNG_GetRandomNumber), (12 bytes).
    Removing stm32f4xx_rng.o(i.RNG_ITConfig), (36 bytes).
    Removing stm32f4xx_rtc.o(.rev16_text), (4 bytes).
    Removing stm32f4xx_rtc.o(.revsh_text), (4 bytes).
    Removing stm32f4xx_rtc.o(i.RTC_AlarmCmd), (116 bytes).
    Removing stm32f4xx_rtc.o(i.RTC_AlarmStructInit), (22 bytes).
    Removing stm32f4xx_rtc.o(i.RTC_AlarmSubSecondConfig), (52 bytes).
    Removing stm32f4xx_rtc.o(i.RTC_Bcd2ToByte), (22 bytes).
    Removing stm32f4xx_rtc.o(i.RTC_BypassShadowCmd), (60 bytes).
    Removing stm32f4xx_rtc.o(i.RTC_ByteToBcd2), (28 bytes).
    Removing stm32f4xx_rtc.o(i.RTC_CalibOutputCmd), (60 bytes).
    Removing stm32f4xx_rtc.o(i.RTC_CalibOutputConfig), (48 bytes).
    Removing stm32f4xx_rtc.o(i.RTC_ClearFlag), (28 bytes).
    Removing stm32f4xx_rtc.o(i.RTC_ClearITPendingBit), (32 bytes).
    Removing stm32f4xx_rtc.o(i.RTC_CoarseCalibCmd), (80 bytes).
    Removing stm32f4xx_rtc.o(i.RTC_CoarseCalibConfig), (56 bytes).
    Removing stm32f4xx_rtc.o(i.RTC_DateStructInit), (14 bytes).
    Removing stm32f4xx_rtc.o(i.RTC_DayLightSavingConfig), (56 bytes).
    Removing stm32f4xx_rtc.o(i.RTC_DeInit), (212 bytes).
    Removing stm32f4xx_rtc.o(i.RTC_EnterInitMode), (80 bytes).
    Removing stm32f4xx_rtc.o(i.RTC_ExitInitMode), (20 bytes).
    Removing stm32f4xx_rtc.o(i.RTC_GetAlarm), (116 bytes).
    Removing stm32f4xx_rtc.o(i.RTC_GetAlarmSubSecond), (36 bytes).
    Removing stm32f4xx_rtc.o(i.RTC_GetDate), (76 bytes).
    Removing stm32f4xx_rtc.o(i.RTC_GetFlagStatus), (40 bytes).
    Removing stm32f4xx_rtc.o(i.RTC_GetITStatus), (64 bytes).
    Removing stm32f4xx_rtc.o(i.RTC_GetStoreOperation), (16 bytes).
    Removing stm32f4xx_rtc.o(i.RTC_GetSubSecond), (20 bytes).
    Removing stm32f4xx_rtc.o(i.RTC_GetTime), (80 bytes).
    Removing stm32f4xx_rtc.o(i.RTC_GetTimeStamp), (156 bytes).
    Removing stm32f4xx_rtc.o(i.RTC_GetTimeStampSubSecond), (12 bytes).
    Removing stm32f4xx_rtc.o(i.RTC_GetWakeUpCounter), (12 bytes).
    Removing stm32f4xx_rtc.o(i.RTC_ITConfig), (100 bytes).
    Removing stm32f4xx_rtc.o(i.RTC_Init), (100 bytes).
    Removing stm32f4xx_rtc.o(i.RTC_OutputConfig), (56 bytes).
    Removing stm32f4xx_rtc.o(i.RTC_OutputTypeConfig), (28 bytes).
    Removing stm32f4xx_rtc.o(i.RTC_ReadBackupRegister), (32 bytes).
    Removing stm32f4xx_rtc.o(i.RTC_RefClockCmd), (80 bytes).
    Removing stm32f4xx_rtc.o(i.RTC_SetAlarm), (236 bytes).
    Removing stm32f4xx_rtc.o(i.RTC_SetDate), (200 bytes).
    Removing stm32f4xx_rtc.o(i.RTC_SetTime), (208 bytes).
    Removing stm32f4xx_rtc.o(i.RTC_SetWakeUpCounter), (28 bytes).
    Removing stm32f4xx_rtc.o(i.RTC_SmoothCalibConfig), (96 bytes).
    Removing stm32f4xx_rtc.o(i.RTC_StructInit), (14 bytes).
    Removing stm32f4xx_rtc.o(i.RTC_SynchroShiftConfig), (124 bytes).
    Removing stm32f4xx_rtc.o(i.RTC_TamperCmd), (32 bytes).
    Removing stm32f4xx_rtc.o(i.RTC_TamperFilterConfig), (28 bytes).
    Removing stm32f4xx_rtc.o(i.RTC_TamperPinSelection), (28 bytes).
    Removing stm32f4xx_rtc.o(i.RTC_TamperPinsPrechargeDuration), (28 bytes).
    Removing stm32f4xx_rtc.o(i.RTC_TamperPullUpCmd), (36 bytes).
    Removing stm32f4xx_rtc.o(i.RTC_TamperSamplingFreqConfig), (28 bytes).
    Removing stm32f4xx_rtc.o(i.RTC_TamperTriggerConfig), (36 bytes).
    Removing stm32f4xx_rtc.o(i.RTC_TimeStampCmd), (56 bytes).
    Removing stm32f4xx_rtc.o(i.RTC_TimeStampOnTamperDetectionCmd), (36 bytes).
    Removing stm32f4xx_rtc.o(i.RTC_TimeStampPinSelection), (28 bytes).
    Removing stm32f4xx_rtc.o(i.RTC_TimeStructInit), (12 bytes).
    Removing stm32f4xx_rtc.o(i.RTC_WaitForSynchro), (96 bytes).
    Removing stm32f4xx_rtc.o(i.RTC_WakeUpClockConfig), (48 bytes).
    Removing stm32f4xx_rtc.o(i.RTC_WakeUpCmd), (120 bytes).
    Removing stm32f4xx_rtc.o(i.RTC_WriteBackupRegister), (28 bytes).
    Removing stm32f4xx_rtc.o(i.RTC_WriteProtectionCmd), (28 bytes).
    Removing stm32f4xx_sai.o(.rev16_text), (4 bytes).
    Removing stm32f4xx_sai.o(.revsh_text), (4 bytes).
    Removing stm32f4xx_sai.o(i.SAI_ClearFlag), (8 bytes).
    Removing stm32f4xx_sai.o(i.SAI_ClearITPendingBit), (8 bytes).
    Removing stm32f4xx_sai.o(i.SAI_Cmd), (22 bytes).
    Removing stm32f4xx_sai.o(i.SAI_CompandingModeConfig), (16 bytes).
    Removing stm32f4xx_sai.o(i.SAI_DMACmd), (22 bytes).
    Removing stm32f4xx_sai.o(i.SAI_DeInit), (24 bytes).
    Removing stm32f4xx_sai.o(i.SAI_FlushFIFO), (10 bytes).
    Removing stm32f4xx_sai.o(i.SAI_FrameInit), (44 bytes).
    Removing stm32f4xx_sai.o(i.SAI_FrameStructInit), (18 bytes).
    Removing stm32f4xx_sai.o(i.SAI_GetCmdStatus), (20 bytes).
    Removing stm32f4xx_sai.o(i.SAI_GetFIFOStatus), (12 bytes).
    Removing stm32f4xx_sai.o(i.SAI_GetFlagStatus), (18 bytes).
    Removing stm32f4xx_sai.o(i.SAI_GetITStatus), (30 bytes).
    Removing stm32f4xx_sai.o(i.SAI_ITConfig), (18 bytes).
    Removing stm32f4xx_sai.o(i.SAI_Init), (72 bytes).
    Removing stm32f4xx_sai.o(i.SAI_MonoModeConfig), (18 bytes).
    Removing stm32f4xx_sai.o(i.SAI_MuteFrameCounterConfig), (18 bytes).
    Removing stm32f4xx_sai.o(i.SAI_MuteModeCmd), (22 bytes).
    Removing stm32f4xx_sai.o(i.SAI_MuteValueConfig), (16 bytes).
    Removing stm32f4xx_sai.o(i.SAI_ReceiveData), (6 bytes).
    Removing stm32f4xx_sai.o(i.SAI_SendData), (4 bytes).
    Removing stm32f4xx_sai.o(i.SAI_SlotInit), (36 bytes).
    Removing stm32f4xx_sai.o(i.SAI_SlotStructInit), (16 bytes).
    Removing stm32f4xx_sai.o(i.SAI_StructInit), (28 bytes).
    Removing stm32f4xx_sai.o(i.SAI_TRIStateConfig), (18 bytes).
    Removing stm32f4xx_sdio.o(.rev16_text), (4 bytes).
    Removing stm32f4xx_sdio.o(.revsh_text), (4 bytes).
    Removing stm32f4xx_sdio.o(i.SDIO_CEATAITCmd), (16 bytes).
    Removing stm32f4xx_sdio.o(i.SDIO_ClearFlag), (12 bytes).
    Removing stm32f4xx_sdio.o(i.SDIO_ClearITPendingBit), (12 bytes).
    Removing stm32f4xx_sdio.o(i.SDIO_ClockCmd), (12 bytes).
    Removing stm32f4xx_sdio.o(i.SDIO_CmdStructInit), (14 bytes).
    Removing stm32f4xx_sdio.o(i.SDIO_CommandCompletionCmd), (12 bytes).
    Removing stm32f4xx_sdio.o(i.SDIO_DMACmd), (12 bytes).
    Removing stm32f4xx_sdio.o(i.SDIO_DataConfig), (52 bytes).
    Removing stm32f4xx_sdio.o(i.SDIO_DataStructInit), (20 bytes).
    Removing stm32f4xx_sdio.o(i.SDIO_DeInit), (22 bytes).
    Removing stm32f4xx_sdio.o(i.SDIO_GetCommandResponse), (12 bytes).
    Removing stm32f4xx_sdio.o(i.SDIO_GetDataCounter), (12 bytes).
    Removing stm32f4xx_sdio.o(i.SDIO_GetFIFOCount), (12 bytes).
    Removing stm32f4xx_sdio.o(i.SDIO_GetFlagStatus), (24 bytes).
    Removing stm32f4xx_sdio.o(i.SDIO_GetITStatus), (24 bytes).
    Removing stm32f4xx_sdio.o(i.SDIO_GetPowerState), (16 bytes).
    Removing stm32f4xx_sdio.o(i.SDIO_GetResponse), (24 bytes).
    Removing stm32f4xx_sdio.o(i.SDIO_ITConfig), (32 bytes).
    Removing stm32f4xx_sdio.o(i.SDIO_Init), (48 bytes).
    Removing stm32f4xx_sdio.o(i.SDIO_ReadData), (12 bytes).
    Removing stm32f4xx_sdio.o(i.SDIO_SendCEATACmd), (12 bytes).
    Removing stm32f4xx_sdio.o(i.SDIO_SendCommand), (44 bytes).
    Removing stm32f4xx_sdio.o(i.SDIO_SendSDIOSuspendCmd), (12 bytes).
    Removing stm32f4xx_sdio.o(i.SDIO_SetPowerState), (12 bytes).
    Removing stm32f4xx_sdio.o(i.SDIO_SetSDIOOperation), (12 bytes).
    Removing stm32f4xx_sdio.o(i.SDIO_SetSDIOReadWaitMode), (12 bytes).
    Removing stm32f4xx_sdio.o(i.SDIO_StartSDIOReadWait), (12 bytes).
    Removing stm32f4xx_sdio.o(i.SDIO_StopSDIOReadWait), (12 bytes).
    Removing stm32f4xx_sdio.o(i.SDIO_StructInit), (16 bytes).
    Removing stm32f4xx_sdio.o(i.SDIO_WriteData), (12 bytes).
    Removing stm32f4xx_spi.o(.rev16_text), (4 bytes).
    Removing stm32f4xx_spi.o(.revsh_text), (4 bytes).
    Removing stm32f4xx_spi.o(i.I2S_Cmd), (24 bytes).
    Removing stm32f4xx_spi.o(i.I2S_FullDuplexConfig), (80 bytes).
    Removing stm32f4xx_spi.o(i.I2S_Init), (408 bytes).
    Removing stm32f4xx_spi.o(i.I2S_StructInit), (20 bytes).
    Removing stm32f4xx_spi.o(i.SPI_BiDirectionalLineConfig), (28 bytes).
    Removing stm32f4xx_spi.o(i.SPI_CalculateCRC), (24 bytes).
    Removing stm32f4xx_spi.o(i.SPI_Cmd), (24 bytes).
    Removing stm32f4xx_spi.o(i.SPI_DataSizeConfig), (18 bytes).
    Removing stm32f4xx_spi.o(i.SPI_GetCRC), (16 bytes).
    Removing stm32f4xx_spi.o(i.SPI_GetCRCPolynomial), (6 bytes).
    Removing stm32f4xx_spi.o(i.SPI_I2S_ClearFlag), (6 bytes).
    Removing stm32f4xx_spi.o(i.SPI_I2S_ClearITPendingBit), (20 bytes).
    Removing stm32f4xx_spi.o(i.SPI_I2S_DMACmd), (18 bytes).
    Removing stm32f4xx_spi.o(i.SPI_I2S_DeInit), (176 bytes).
    Removing stm32f4xx_spi.o(i.SPI_I2S_GetFlagStatus), (18 bytes).
    Removing stm32f4xx_spi.o(i.SPI_I2S_GetITStatus), (52 bytes).
    Removing stm32f4xx_spi.o(i.SPI_I2S_ITConfig), (32 bytes).
    Removing stm32f4xx_spi.o(i.SPI_I2S_ReceiveData), (6 bytes).
    Removing stm32f4xx_spi.o(i.SPI_I2S_SendData), (4 bytes).
    Removing stm32f4xx_spi.o(i.SPI_Init), (60 bytes).
    Removing stm32f4xx_spi.o(i.SPI_NSSInternalSoftwareConfig), (30 bytes).
    Removing stm32f4xx_spi.o(i.SPI_SSOutputCmd), (24 bytes).
    Removing stm32f4xx_spi.o(i.SPI_StructInit), (24 bytes).
    Removing stm32f4xx_spi.o(i.SPI_TIModeCmd), (24 bytes).
    Removing stm32f4xx_spi.o(i.SPI_TransmitCRC), (10 bytes).
    Removing stm32f4xx_syscfg.o(.rev16_text), (4 bytes).
    Removing stm32f4xx_syscfg.o(.revsh_text), (4 bytes).
    Removing stm32f4xx_syscfg.o(i.SYSCFG_CompensationCellCmd), (12 bytes).
    Removing stm32f4xx_syscfg.o(i.SYSCFG_DeInit), (22 bytes).
    Removing stm32f4xx_syscfg.o(i.SYSCFG_ETH_MediaInterfaceConfig), (12 bytes).
    Removing stm32f4xx_syscfg.o(i.SYSCFG_EXTILineConfig), (64 bytes).
    Removing stm32f4xx_syscfg.o(i.SYSCFG_GetCompensationCellStatus), (24 bytes).
    Removing stm32f4xx_syscfg.o(i.SYSCFG_MemoryRemapConfig), (12 bytes).
    Removing stm32f4xx_syscfg.o(i.SYSCFG_MemorySwappingBank), (12 bytes).
    Removing stm32f4xx_tim.o(.rev16_text), (4 bytes).
    Removing stm32f4xx_tim.o(.revsh_text), (4 bytes).
    Removing stm32f4xx_tim.o(i.TI1_Config), (58 bytes).
    Removing stm32f4xx_tim.o(i.TI2_Config), (80 bytes).
    Removing stm32f4xx_tim.o(i.TI3_Config), (72 bytes).
    Removing stm32f4xx_tim.o(i.TI4_Config), (80 bytes).
    Removing stm32f4xx_tim.o(i.TIM_ARRPreloadConfig), (24 bytes).
    Removing stm32f4xx_tim.o(i.TIM_BDTRConfig), (32 bytes).
    Removing stm32f4xx_tim.o(i.TIM_BDTRStructInit), (18 bytes).
    Removing stm32f4xx_tim.o(i.TIM_CCPreloadControl), (24 bytes).
    Removing stm32f4xx_tim.o(i.TIM_CCxCmd), (30 bytes).
    Removing stm32f4xx_tim.o(i.TIM_CCxNCmd), (30 bytes).
    Removing stm32f4xx_tim.o(i.TIM_ClearFlag), (6 bytes).
    Removing stm32f4xx_tim.o(i.TIM_ClearOC1Ref), (18 bytes).
    Removing stm32f4xx_tim.o(i.TIM_ClearOC2Ref), (24 bytes).
    Removing stm32f4xx_tim.o(i.TIM_ClearOC3Ref), (18 bytes).
    Removing stm32f4xx_tim.o(i.TIM_ClearOC4Ref), (24 bytes).
    Removing stm32f4xx_tim.o(i.TIM_Cmd), (24 bytes).
    Removing stm32f4xx_tim.o(i.TIM_CounterModeConfig), (18 bytes).
    Removing stm32f4xx_tim.o(i.TIM_CtrlPWMOutputs), (30 bytes).
    Removing stm32f4xx_tim.o(i.TIM_DMACmd), (18 bytes).
    Removing stm32f4xx_tim.o(i.TIM_DMAConfig), (10 bytes).
    Removing stm32f4xx_tim.o(i.TIM_DeInit), (400 bytes).
    Removing stm32f4xx_tim.o(i.TIM_ETRClockMode1Config), (54 bytes).
    Removing stm32f4xx_tim.o(i.TIM_ETRClockMode2Config), (32 bytes).
    Removing stm32f4xx_tim.o(i.TIM_ETRConfig), (28 bytes).
    Removing stm32f4xx_tim.o(i.TIM_EncoderInterfaceConfig), (66 bytes).
    Removing stm32f4xx_tim.o(i.TIM_ForcedOC1Config), (18 bytes).
    Removing stm32f4xx_tim.o(i.TIM_ForcedOC2Config), (26 bytes).
    Removing stm32f4xx_tim.o(i.TIM_ForcedOC3Config), (18 bytes).
    Removing stm32f4xx_tim.o(i.TIM_ForcedOC4Config), (26 bytes).
    Removing stm32f4xx_tim.o(i.TIM_GenerateEvent), (4 bytes).
    Removing stm32f4xx_tim.o(i.TIM_GetCapture1), (6 bytes).
    Removing stm32f4xx_tim.o(i.TIM_GetCapture2), (6 bytes).
    Removing stm32f4xx_tim.o(i.TIM_GetCapture3), (6 bytes).
    Removing stm32f4xx_tim.o(i.TIM_GetCapture4), (6 bytes).
    Removing stm32f4xx_tim.o(i.TIM_GetCounter), (6 bytes).
    Removing stm32f4xx_tim.o(i.TIM_GetFlagStatus), (18 bytes).
    Removing stm32f4xx_tim.o(i.TIM_GetPrescaler), (6 bytes).
    Removing stm32f4xx_tim.o(i.TIM_ICInit), (110 bytes).
    Removing stm32f4xx_tim.o(i.TIM_ICStructInit), (18 bytes).
    Removing stm32f4xx_tim.o(i.TIM_ITConfig), (18 bytes).
    Removing stm32f4xx_tim.o(i.TIM_ITRxExternalClockConfig), (24 bytes).
    Removing stm32f4xx_tim.o(i.TIM_InternalClockConfig), (12 bytes).
    Removing stm32f4xx_tim.o(i.TIM_OC1FastConfig), (18 bytes).
    Removing stm32f4xx_tim.o(i.TIM_OC1Init), (124 bytes).
    Removing stm32f4xx_tim.o(i.TIM_OC1NPolarityConfig), (18 bytes).
    Removing stm32f4xx_tim.o(i.TIM_OC1PolarityConfig), (18 bytes).
    Removing stm32f4xx_tim.o(i.TIM_OC1PreloadConfig), (18 bytes).
    Removing stm32f4xx_tim.o(i.TIM_OC2FastConfig), (26 bytes).
    Removing stm32f4xx_tim.o(i.TIM_OC2Init), (164 bytes).
    Removing stm32f4xx_tim.o(i.TIM_OC2NPolarityConfig), (26 bytes).
    Removing stm32f4xx_tim.o(i.TIM_OC2PolarityConfig), (26 bytes).
    Removing stm32f4xx_tim.o(i.TIM_OC2PreloadConfig), (26 bytes).
    Removing stm32f4xx_tim.o(i.TIM_OC3FastConfig), (18 bytes).
    Removing stm32f4xx_tim.o(i.TIM_OC3Init), (160 bytes).
    Removing stm32f4xx_tim.o(i.TIM_OC3NPolarityConfig), (26 bytes).
    Removing stm32f4xx_tim.o(i.TIM_OC3PolarityConfig), (26 bytes).
    Removing stm32f4xx_tim.o(i.TIM_OC3PreloadConfig), (18 bytes).
    Removing stm32f4xx_tim.o(i.TIM_OC4FastConfig), (26 bytes).
    Removing stm32f4xx_tim.o(i.TIM_OC4Init), (120 bytes).
    Removing stm32f4xx_tim.o(i.TIM_OC4PolarityConfig), (26 bytes).
    Removing stm32f4xx_tim.o(i.TIM_OC4PreloadConfig), (26 bytes).
    Removing stm32f4xx_tim.o(i.TIM_OCStructInit), (20 bytes).
    Removing stm32f4xx_tim.o(i.TIM_PWMIConfig), (124 bytes).
    Removing stm32f4xx_tim.o(i.TIM_PrescalerConfig), (6 bytes).
    Removing stm32f4xx_tim.o(i.TIM_RemapConfig), (6 bytes).
    Removing stm32f4xx_tim.o(i.TIM_SelectCCDMA), (24 bytes).
    Removing stm32f4xx_tim.o(i.TIM_SelectCOM), (24 bytes).
    Removing stm32f4xx_tim.o(i.TIM_SelectHallSensor), (24 bytes).
    Removing stm32f4xx_tim.o(i.TIM_SelectInputTrigger), (18 bytes).
    Removing stm32f4xx_tim.o(i.TIM_SelectMasterSlaveMode), (18 bytes).
    Removing stm32f4xx_tim.o(i.TIM_SelectOCxM), (86 bytes).
    Removing stm32f4xx_tim.o(i.TIM_SelectOnePulseMode), (18 bytes).
    Removing stm32f4xx_tim.o(i.TIM_SelectOutputTrigger), (18 bytes).
    Removing stm32f4xx_tim.o(i.TIM_SelectSlaveMode), (18 bytes).
    Removing stm32f4xx_tim.o(i.TIM_SetAutoreload), (4 bytes).
    Removing stm32f4xx_tim.o(i.TIM_SetClockDivision), (18 bytes).
    Removing stm32f4xx_tim.o(i.TIM_SetCompare1), (4 bytes).
    Removing stm32f4xx_tim.o(i.TIM_SetCompare2), (4 bytes).
    Removing stm32f4xx_tim.o(i.TIM_SetCompare3), (4 bytes).
    Removing stm32f4xx_tim.o(i.TIM_SetCompare4), (4 bytes).
    Removing stm32f4xx_tim.o(i.TIM_SetCounter), (4 bytes).
    Removing stm32f4xx_tim.o(i.TIM_SetIC1Prescaler), (18 bytes).
    Removing stm32f4xx_tim.o(i.TIM_SetIC2Prescaler), (26 bytes).
    Removing stm32f4xx_tim.o(i.TIM_SetIC3Prescaler), (18 bytes).
    Removing stm32f4xx_tim.o(i.TIM_SetIC4Prescaler), (26 bytes).
    Removing stm32f4xx_tim.o(i.TIM_TIxExternalClockConfig), (62 bytes).
    Removing stm32f4xx_tim.o(i.TIM_TimeBaseInit), (132 bytes).
    Removing stm32f4xx_tim.o(i.TIM_TimeBaseStructInit), (18 bytes).
    Removing stm32f4xx_tim.o(i.TIM_UpdateDisableConfig), (24 bytes).
    Removing stm32f4xx_tim.o(i.TIM_UpdateRequestConfig), (24 bytes).
    Removing stm32f4xx_usart.o(.rev16_text), (4 bytes).
    Removing stm32f4xx_usart.o(.revsh_text), (4 bytes).
    Removing stm32f4xx_usart.o(i.USART_ClearFlag), (18 bytes).
    Removing stm32f4xx_usart.o(i.USART_ClockInit), (32 bytes).
    Removing stm32f4xx_usart.o(i.USART_ClockStructInit), (12 bytes).
    Removing stm32f4xx_usart.o(i.USART_DMACmd), (18 bytes).
    Removing stm32f4xx_usart.o(i.USART_DeInit), (240 bytes).
    Removing stm32f4xx_usart.o(i.USART_GetITStatus), (84 bytes).
    Removing stm32f4xx_usart.o(i.USART_HalfDuplexCmd), (24 bytes).
    Removing stm32f4xx_usart.o(i.USART_IrDACmd), (24 bytes).
    Removing stm32f4xx_usart.o(i.USART_IrDAConfig), (18 bytes).
    Removing stm32f4xx_usart.o(i.USART_LINBreakDetectLengthConfig), (18 bytes).
    Removing stm32f4xx_usart.o(i.USART_LINCmd), (24 bytes).
    Removing stm32f4xx_usart.o(i.USART_OneBitMethodCmd), (24 bytes).
    Removing stm32f4xx_usart.o(i.USART_OverSampling8Cmd), (22 bytes).
    Removing stm32f4xx_usart.o(i.USART_ReceiverWakeUpCmd), (24 bytes).
    Removing stm32f4xx_usart.o(i.USART_SendBreak), (10 bytes).
    Removing stm32f4xx_usart.o(i.USART_SetAddress), (18 bytes).
    Removing stm32f4xx_usart.o(i.USART_SetGuardTime), (16 bytes).
    Removing stm32f4xx_usart.o(i.USART_SetPrescaler), (16 bytes).
    Removing stm32f4xx_usart.o(i.USART_SmartCardCmd), (24 bytes).
    Removing stm32f4xx_usart.o(i.USART_SmartCardNACKCmd), (24 bytes).
    Removing stm32f4xx_usart.o(i.USART_StructInit), (24 bytes).
    Removing stm32f4xx_usart.o(i.USART_WakeUpConfig), (18 bytes).
    Removing stm32f4xx_wwdg.o(.rev16_text), (4 bytes).
    Removing stm32f4xx_wwdg.o(.revsh_text), (4 bytes).
    Removing stm32f4xx_wwdg.o(i.WWDG_ClearFlag), (12 bytes).
    Removing stm32f4xx_wwdg.o(i.WWDG_DeInit), (22 bytes).
    Removing stm32f4xx_wwdg.o(i.WWDG_Enable), (16 bytes).
    Removing stm32f4xx_wwdg.o(i.WWDG_EnableIT), (12 bytes).
    Removing stm32f4xx_wwdg.o(i.WWDG_GetFlagStatus), (20 bytes).
    Removing stm32f4xx_wwdg.o(i.WWDG_SetCounter), (16 bytes).
    Removing stm32f4xx_wwdg.o(i.WWDG_SetPrescaler), (24 bytes).
    Removing stm32f4xx_wwdg.o(i.WWDG_SetWindowValue), (40 bytes).
    Removing distance.o(.rev16_text), (4 bytes).
    Removing distance.o(.revsh_text), (4 bytes).
    Removing distance.o(i.ADC_Queue_Updata), (476 bytes).
    Removing distance.o(i.Dis_Caculate), (124 bytes).
    Removing distance.o(i.Dis_get), (8 bytes).
    Removing distance.o(i.Get_Beta), (144 bytes).
    Removing distance.o(.bss), (276 bytes).
    Removing distance.o(.data), (4 bytes).
    Removing protocol.o(.rev16_text), (4 bytes).
    Removing protocol.o(.revsh_text), (4 bytes).
    Removing protocol.o(i.pack_deal), (132 bytes).
    Removing protocol.o(i.unpack_deal), (218 bytes).
    Removing event_groups.o(i.prvTestWaitCondition), (30 bytes).
    Removing event_groups.o(i.uxEventGroupGetNumber), (14 bytes).
    Removing event_groups.o(i.vEventGroupClearBitsCallback), (16 bytes).
    Removing event_groups.o(i.vEventGroupDelete), (82 bytes).
    Removing event_groups.o(i.vEventGroupSetBitsCallback), (16 bytes).
    Removing event_groups.o(i.xEventGroupClearBits), (92 bytes).
    Removing event_groups.o(i.xEventGroupCreate), (26 bytes).
    Removing event_groups.o(i.xEventGroupGetBitsFromISR), (44 bytes).
    Removing event_groups.o(i.xEventGroupSetBits), (206 bytes).
    Removing event_groups.o(i.xEventGroupSync), (268 bytes).
    Removing event_groups.o(i.xEventGroupWaitBits), (340 bytes).
    Removing list.o(i.uxListRemove), (40 bytes).
    Removing list.o(i.vListInitialise), (26 bytes).
    Removing list.o(i.vListInitialiseItem), (6 bytes).
    Removing list.o(i.vListInsert), (52 bytes).
    Removing list.o(i.vListInsertEnd), (24 bytes).
    Removing queue.o(i.pcQueueGetName), (44 bytes).
    Removing queue.o(i.prvCopyDataFromQueue), (42 bytes).
    Removing queue.o(i.prvCopyDataToQueue), (124 bytes).
    Removing queue.o(i.prvInitialiseMutex), (28 bytes).
    Removing queue.o(i.prvInitialiseNewQueue), (42 bytes).
    Removing queue.o(i.prvIsQueueEmpty), (26 bytes).
    Removing queue.o(i.prvIsQueueFull), (30 bytes).
    Removing queue.o(i.prvUnlockQueue), (126 bytes).
    Removing queue.o(i.ucQueueGetQueueType), (8 bytes).
    Removing queue.o(i.uxQueueGetQueueNumber), (6 bytes).
    Removing queue.o(i.uxQueueMessagesWaiting), (42 bytes).
    Removing queue.o(i.uxQueueMessagesWaitingFromISR), (30 bytes).
    Removing queue.o(i.uxQueueSpacesAvailable), (48 bytes).
    Removing queue.o(i.vQueueAddToRegistry), (44 bytes).
    Removing queue.o(i.vQueueDelete), (44 bytes).
    Removing queue.o(i.vQueueSetQueueNumber), (4 bytes).
    Removing queue.o(i.vQueueUnregisterQueue), (48 bytes).
    Removing queue.o(i.xQueueCreateCountingSemaphore), (92 bytes).
    Removing queue.o(i.xQueueCreateMutex), (34 bytes).
    Removing queue.o(i.xQueueGenericCreate), (88 bytes).
    Removing queue.o(i.xQueueGenericReceive), (452 bytes).
    Removing queue.o(i.xQueueGenericReset), (152 bytes).
    Removing queue.o(i.xQueueGenericSend), (424 bytes).
    Removing queue.o(i.xQueueGenericSendFromISR), (248 bytes).
    Removing queue.o(i.xQueueGiveFromISR), (224 bytes).
    Removing queue.o(i.xQueueGiveMutexRecursive), (72 bytes).
    Removing queue.o(i.xQueueIsQueueEmptyFromISR), (38 bytes).
    Removing queue.o(i.xQueueIsQueueFullFromISR), (42 bytes).
    Removing queue.o(i.xQueuePeekFromISR), (176 bytes).
    Removing queue.o(i.xQueueReceiveFromISR), (202 bytes).
    Removing queue.o(i.xQueueTakeMutexRecursive), (82 bytes).
    Removing queue.o(.bss), (64 bytes).
    Removing tasks.o(i.eTaskGetState), (132 bytes).
    Removing tasks.o(i.pcTaskGetName), (48 bytes).
    Removing tasks.o(i.prvAddCurrentTaskToDelayedList), (152 bytes).
    Removing tasks.o(i.prvAddNewTaskToReadyList), (184 bytes).
    Removing tasks.o(i.prvCheckTasksWaitingTermination), (100 bytes).
    Removing tasks.o(i.prvDeleteTCB), (18 bytes).
    Removing tasks.o(i.prvIdleTask), (40 bytes).
    Removing tasks.o(i.prvInitialiseNewTask), (172 bytes).
    Removing tasks.o(i.prvInitialiseTaskLists), (104 bytes).
    Removing tasks.o(i.prvListTasksWithinSingleList), (106 bytes).
    Removing tasks.o(i.prvResetNextTaskUnblockTime), (52 bytes).
    Removing tasks.o(i.prvTaskCheckFreeStackSpace), (22 bytes).
    Removing tasks.o(i.prvTaskIsTaskSuspended), (88 bytes).
    Removing tasks.o(i.pvTaskIncrementMutexHeldCount), (32 bytes).
    Removing tasks.o(i.uxTaskGetNumberOfTasks), (12 bytes).
    Removing tasks.o(i.uxTaskGetSystemState), (176 bytes).
    Removing tasks.o(i.uxTaskGetTaskNumber), (14 bytes).
    Removing tasks.o(i.uxTaskPriorityGet), (36 bytes).
    Removing tasks.o(i.uxTaskPriorityGetFromISR), (68 bytes).
    Removing tasks.o(i.uxTaskResetEventItemValue), (28 bytes).
    Removing tasks.o(i.vTaskDelay), (92 bytes).
    Removing tasks.o(i.vTaskDelayUntil), (212 bytes).
    Removing tasks.o(i.vTaskDelete), (244 bytes).
    Removing tasks.o(i.vTaskEndScheduler), (36 bytes).
    Removing tasks.o(i.vTaskGetInfo), (120 bytes).
    Removing tasks.o(i.vTaskMissedYield), (12 bytes).
    Removing tasks.o(i.vTaskPlaceOnEventList), (56 bytes).
    Removing tasks.o(i.vTaskPlaceOnUnorderedEventList), (108 bytes).
    Removing tasks.o(i.vTaskPriorityInherit), (176 bytes).
    Removing tasks.o(i.vTaskPrioritySet), (276 bytes).
    Removing tasks.o(i.vTaskResume), (144 bytes).
    Removing tasks.o(i.vTaskSetTaskNumber), (8 bytes).
    Removing tasks.o(i.vTaskSetTimeOutState), (48 bytes).
    Removing tasks.o(i.vTaskStartScheduler), (136 bytes).
    Removing tasks.o(i.vTaskSuspend), (228 bytes).
    Removing tasks.o(i.vTaskSuspendAll), (16 bytes).
    Removing tasks.o(i.xTaskCheckForTimeOut), (140 bytes).
    Removing tasks.o(i.xTaskCreate), (96 bytes).
    Removing tasks.o(i.xTaskGetCurrentTaskHandle), (12 bytes).
    Removing tasks.o(i.xTaskGetSchedulerState), (32 bytes).
    Removing tasks.o(i.xTaskGetTickCount), (12 bytes).
    Removing tasks.o(i.xTaskGetTickCountFromISR), (20 bytes).
    Removing tasks.o(i.xTaskIncrementTick), (328 bytes).
    Removing tasks.o(i.xTaskPriorityDisinherit), (200 bytes).
    Removing tasks.o(i.xTaskRemoveFromEventList), (152 bytes).
    Removing tasks.o(i.xTaskRemoveFromUnorderedEventList), (176 bytes).
    Removing tasks.o(i.xTaskResumeAll), (260 bytes).
    Removing tasks.o(i.xTaskResumeFromISR), (180 bytes).
    Removing heap_4.o(i.prvHeapInit), (124 bytes).
    Removing heap_4.o(i.prvInsertBlockIntoFreeList), (104 bytes).
    Removing heap_4.o(i.pvPortMalloc), (316 bytes).
    Removing heap_4.o(i.vPortFree), (148 bytes).
    Removing heap_4.o(i.vPortInitialiseBlocks), (2 bytes).
    Removing heap_4.o(i.xPortGetFreeHeapSize), (12 bytes).
    Removing heap_4.o(i.xPortGetMinimumEverFreeHeapSize), (12 bytes).
    Removing heap_4.o(.bss), (76800 bytes).
    Removing heap_4.o(.data), (24 bytes).
    Removing port.o(i.prvTaskExitError), (64 bytes).
    Removing port.o(i.pxPortInitialiseStack), (44 bytes).
    Removing port.o(i.vPortEndScheduler), (48 bytes).
    Removing port.o(i.vPortEnterCritical), (84 bytes).
    Removing port.o(i.vPortExitCritical), (60 bytes).
    Removing port.o(i.vPortSetupTimerInterrupt), (32 bytes).
    Removing port.o(i.vPortValidateInterruptPriority), (120 bytes).
    Removing port.o(i.xPortStartScheduler), (316 bytes).
    Removing port.o(i.xPortSysTickHandler), (52 bytes).
    Removing port.o(.data), (12 bytes).
    Removing control_plate_connect.o(.rev16_text), (4 bytes).
    Removing control_plate_connect.o(.revsh_text), (4 bytes).
    Removing control_plate_connect.o(i.ControlPlate_API_Change_ConnectCan), (16 bytes).
    Removing control_plate_connect.o(i.ControlPlate_API_Change_PlateID), (32 bytes).
    Removing control_plate_connect.o(i.ControlPlate_API_GetAllCMD), (12 bytes).
    Removing control_plate_connect.o(i.ControlPlate_API_GetAngle), (40 bytes).
    Removing control_plate_connect.o(i.ControlPlate_API_GetControlInfo), (56 bytes).
    Removing control_plate_connect.o(i.ControlPlate_API_GetCurrent), (40 bytes).
    Removing control_plate_connect.o(i.ControlPlate_API_GetPlateID), (12 bytes).
    Removing control_plate_connect.o(i.ControlPlate_API_GetPlateRxInfo), (8 bytes).
    Removing control_plate_connect.o(i.ControlPlate_API_GetPosition), (40 bytes).
    Removing control_plate_connect.o(i.ControlPlate_API_GetSpeed), (40 bytes).
    Removing control_plate_connect.o(i.ControlPlate_API_Get_int16), (40 bytes).
    Removing control_plate_connect.o(i.ControlPlate_API_IsCmdToSelf), (32 bytes).
    Removing control_plate_connect.o(i.ControlPlate_API_Send_int16), (46 bytes).
    Removing control_plate_connect.o(i.ControlPlate_GetFeedbackInfo), (264 bytes).
    Removing control_plate_connect.o(i.ControlPlate_Info_Clear), (72 bytes).
    Removing control_plate_connect.o(i.ControlPlate_SendData), (172 bytes).
    Removing control_plate_connect.o(.bss), (17 bytes).
    Removing control_plate_connect.o(.data), (2 bytes).
    Removing control_plate_control.o(.rev16_text), (4 bytes).
    Removing control_plate_control.o(.revsh_text), (4 bytes).
    Removing control_plate_control.o(i.ControlPlate_API_Control_Task), (102 bytes).
    Removing control_plate_control.o(i.ControlPlate_API_OnlineSend), (40 bytes).
    Removing control_plate_control.o(i.ControlPlate_API_Plate_Config), (68 bytes).
    Removing control_plate_control.o(i.ControlPlate_API_Request_Data), (52 bytes).
    Removing control_plate_control.o(i.ControlPlate_API_Set_610_P_0), (188 bytes).
    Removing control_plate_control.o(i.ControlPlate_API_Stop_Moto), (48 bytes).
    Removing control_plate_control.o(i.ControlPlate_Deal_Online), (88 bytes).
    Removing control_plate_control.o(i.ControlPlate_Deal_Plate_Config), (64 bytes).
    Removing control_plate_control.o(i.ControlPlate_Deal_ReqData), (80 bytes).
    Removing control_plate_control.o(i.ControlPlate_Deal_RespData), (34 bytes).
    Removing control_plate_control.o(i.ControlPlate_Deal_Set_610_P_0), (56 bytes).
    Removing control_plate_control.o(i.ControlPlate_Deal_Stop_Moto), (2 bytes).
    Removing control_plate_control.o(i.Plate_Control_Test), (176 bytes).
    Removing control_plate_control.o(.bss), (16 bytes).
    Removing control_plate_control.o(.data), (2 bytes).
    Removing control_plate_master.o(.rev16_text), (4 bytes).
    Removing control_plate_master.o(.revsh_text), (4 bytes).
    Removing control_plate_master.o(i.ControlPlate_API_SendMotoAngle), (46 bytes).
    Removing control_plate_master.o(i.ControlPlate_API_SendMotoCurrent), (46 bytes).
    Removing control_plate_master.o(i.ControlPlate_API_SendMotoPosition), (62 bytes).
    Removing control_plate_master.o(i.ControlPlate_API_SendMotoSpeed), (46 bytes).
    Removing control_plate_master.o(i.Plate_Master_Can_Control_Deal), (2 bytes).
    Removing control_plate_master.o(i.Plate_Master_Init), (2 bytes).
    Removing control_plate_master.o(i.Plate_Master_Mode_Change), (16 bytes).
    Removing control_plate_master.o(i.Plate_Master_Mode_Get), (12 bytes).
    Removing control_plate_master.o(i.Plate_Master_Task), (2 bytes).
    Removing control_plate_master.o(i.Plate_Master_Test), (2 bytes).
    Removing control_plate_master.o(.data), (1 bytes).
    Removing control_plate_slave.o(.rev16_text), (4 bytes).
    Removing control_plate_slave.o(.revsh_text), (4 bytes).
    Removing control_plate_slave.o(i.Plate_AngleMode), (424 bytes).
    Removing control_plate_slave.o(i.Plate_CurrentMode), (104 bytes).
    Removing control_plate_slave.o(i.Plate_LoseFoce), (52 bytes).
    Removing control_plate_slave.o(i.Plate_Moto_Init), (120 bytes).
    Removing control_plate_slave.o(i.Plate_PositionMode), (392 bytes).
    Removing control_plate_slave.o(i.Plate_SCPA_Mode), (20 bytes).
    Removing control_plate_slave.o(i.Plate_Set_Zore_Position), (120 bytes).
    Removing control_plate_slave.o(i.Plate_Slave_Can_Control_Deal), (2 bytes).
    Removing control_plate_slave.o(i.Plate_Slave_Init), (16 bytes).
    Removing control_plate_slave.o(i.Plate_Slave_LoopBackMode), (164 bytes).
    Removing control_plate_slave.o(i.Plate_Slave_Mode_Change), (20 bytes).
    Removing control_plate_slave.o(i.Plate_Slave_Mode_Get), (12 bytes).
    Removing control_plate_slave.o(i.Plate_Slave_Moto_Use_Change), (20 bytes).
    Removing control_plate_slave.o(i.Plate_Slave_Moto_Use_Get), (12 bytes).
    Removing control_plate_slave.o(i.Plate_Slave_NoneMode), (2 bytes).
    Removing control_plate_slave.o(i.Plate_Slave_SetRunFlag), (12 bytes).
    Removing control_plate_slave.o(i.Plate_Slave_Task), (116 bytes).
    Removing control_plate_slave.o(i.Plate_Slave_Test), (148 bytes).
    Removing control_plate_slave.o(i.Plate_SpeedMode), (388 bytes).
    Removing control_plate_slave.o(.bss), (608 bytes).
    Removing control_plate_slave.o(.data), (13 bytes).
    Removing chassis.o(.rev16_text), (4 bytes).
    Removing chassis.o(.revsh_text), (4 bytes).
    Removing chassis.o(i.Chassis_API_Angle_Lock), (84 bytes).
    Removing chassis.o(i.Chassis_API_AxisSpeedSoften_Acclimit_Task_1ms), (164 bytes).
    Removing chassis.o(i.Chassis_API_CalcWheelSpeed), (184 bytes).
    Removing chassis.o(i.Chassis_API_Coordinate_Lock), (188 bytes).
    Removing chassis.o(i.Chassis_API_Coordinate_Tranform), (68 bytes).
    Removing chassis.o(i.Chassis_API_GetConfig), (8 bytes).
    Removing chassis.o(i.Chassis_API_GetStatus), (8 bytes).
    Removing chassis.o(i.Chassis_API_GetWheelV), (44 bytes).
    Removing chassis.o(i.Chassis_API_Init), (148 bytes).
    Removing chassis.o(i.Chassis_API_StatusReset), (128 bytes).
    Removing chassis.o(i.Chassis_API_getMaxSpeed), (12 bytes).
    Removing chassis.o(i.Chassis_API_getSta_XYA), (32 bytes).
    Removing chassis.o(i.Chassis_API_setSta_XYA), (20 bytes).
    Removing chassis.o(i.Chassis_API_setV), (336 bytes).
    Removing chassis.o(.bss), (112 bytes).
    Removing moto_control.o(.rev16_text), (4 bytes).
    Removing moto_control.o(.revsh_text), (4 bytes).
    Removing moto_control.o(i.Moto_API_Cal_GetCurrentPositionMode), (54 bytes).
    Removing moto_control.o(i.Moto_API_Cal_GetCurrentVelocityPositionMode), (68 bytes).
    Removing moto_control.o(i.Moto_API_PID_Init_C610), (148 bytes).
    Removing moto_control.o(i.Moto_API_PID_Init_C620), (12 bytes).
    Removing moto_control.o(i.Moto_API_SetPositionPID), (62 bytes).
    Removing moto_control.o(i.Moto_API_Set_Max_RPM), (6 bytes).
    Removing pack_deal.o(.rev16_text), (4 bytes).
    Removing pack_deal.o(.revsh_text), (4 bytes).
    Removing pack_deal.o(i.Online_State_Deal), (78 bytes).
    Removing pack_deal.o(i.Pack_Deal_API_Bit_Copy), (20 bytes).
    Removing pack_deal.o(i.Pack_Deal_API_Data_Pack), (108 bytes).
    Removing pack_deal.o(i.Pack_Deal_API_Read_Pack), (168 bytes).
    Removing pack_deal.o(i.Pack_Deal_API_SetPackInfo), (26 bytes).
    Removing pid.o(.rev16_text), (4 bytes).
    Removing pid.o(.revsh_text), (4 bytes).
    Removing pid.o(i.PID_API_inputData_getOutputIncrement), (26 bytes).
    Removing pid.o(i.PID_cal_increment_err), (38 bytes).
    Removing pid.o(i.PID_cal_increment_output), (196 bytes).
    Removing pid.o(i.PID_get_outPutIncrement), (6 bytes).
    Removing pid.o(i.PID_get_outPutPosition), (6 bytes).
    Removing pid.o(i.PID_set_feed_back), (6 bytes).
    Removing pid.o(i.PID_set_pid_parameter), (44 bytes).
    Removing pid.o(i.PID_t_all_clear), (120 bytes).
    Removing pid.o(i.PID_t_init), (132 bytes).
    Removing user_math.o(.rev16_text), (4 bytes).
    Removing user_math.o(.revsh_text), (4 bytes).
    Removing user_math.o(i.FlexibelValue), (66 bytes).
    Removing user_math.o(i.FlexibelValue_int16), (40 bytes).
    Removing user_math.o(i.InvSqrt), (60 bytes).
    Removing user_math.o(i.MaxAbs_f), (68 bytes).
    Removing user_math.o(i.Max_f), (26 bytes).
    Removing user_math.o(i.MinAbs_f), (68 bytes).
    Removing user_math.o(i.Min_f), (26 bytes).
    Removing user_math.o(i.ValueInRange_f), (28 bytes).
    Removing user_math.o(i.ValueInRange_i), (18 bytes).
    Removing user_math.o(i.ValueInRange_u), (18 bytes).
    Removing user_math.o(i.absLimit_int32), (22 bytes).
    Removing path_plan.o(.rev16_text), (4 bytes).
    Removing path_plan.o(.revsh_text), (4 bytes).
    Removing path_plan.o(i.Is_Position_In_Dead_Band_1), (120 bytes).
    Removing path_plan.o(i.Is_Position_In_Dead_Band_2), (86 bytes).
    Removing path_plan.o(i.PathPlan_Cla_Plan_V), (204 bytes).
    Removing path_plan.o(i.PathPlan_Cla_Theta), (92 bytes).
    Removing path_plan.o(i.PathPlan_GetV_XYA), (28 bytes).
    Removing path_plan.o(i.PathPlan_Init), (120 bytes).
    Removing path_plan.o(i.PathPlan_Point_Print), (224 bytes).
    Removing path_plan.o(i.PathPlan_Read_V), (18 bytes).
    Removing path_plan.o(i.PathPlan_Run_One_Time), (132 bytes).
    Removing path_plan.o(i.PathPlan_SetChassisInfo), (14 bytes).
    Removing path_plan.o(i.PathPlan_SetDeadBand), (18 bytes).
    Removing points.o(.rev16_text), (4 bytes).
    Removing points.o(.revsh_text), (4 bytes).
    Removing points.o(.bss), (24 bytes).
    Removing points.o(.conststring), (14 bytes).
    Removing points.o(.data), (1560 bytes).
    Removing free_rtos_test.o(.rev16_text), (4 bytes).
    Removing free_rtos_test.o(.revsh_text), (4 bytes).
    Removing free_rtos_test.o(i.Float_task), (68 bytes).
    Removing free_rtos_test.o(i.LED0_task), (40 bytes).
    Removing free_rtos_test.o(i.LED1_task), (40 bytes).
    Removing free_rtos_test.o(i.Print_task), (28 bytes).
    Removing free_rtos_test.o(i.Start_task), (14 bytes).
    Removing free_rtos_test.o(i.free_rtos), (44 bytes).
    Removing free_rtos_test.o(.data), (24 bytes).
    Removing demo_moto.o(.rev16_text), (4 bytes).
    Removing demo_moto.o(.revsh_text), (4 bytes).
    Removing drive.o(.rev16_text), (4 bytes).
    Removing drive.o(.revsh_text), (4 bytes).
    Removing drive.o(i.ChassisDebugTask), (224 bytes).
    Removing drive.o(i.ChassisLoseForce), (8 bytes).
    Removing drive.o(i.ChassisRemoteTask), (104 bytes).
    Removing drive.o(i.ChassisTask), (204 bytes).
    Removing drive.o(i.ChassisTask_1ms_SentData), (604 bytes).
    Removing drive.o(i.Chassis_Init), (148 bytes).
    Removing drive.o(i.Control_Info_Print), (184 bytes).
    Removing drive.o(i.Romote_Data2Control), (228 bytes).
    Removing drive.o(.bss), (1228 bytes).
    Removing drive.o(.data), (18 bytes).

1199 unused section(s) (total 150606 bytes) removed from the image.

==============================================================================

Memory Map of the image

  Image Entry point : 0x00000000

  Load Region LR_IROM1 (Base: 0x08000000, Size: 0x00004314, Max: 0x00100000, ABSOLUTE)

    Execution Region ER_IROM1 (Base: 0x08000000, Size: 0x000042ac, Max: 0x00100000, ABSOLUTE)

    Base Addr    Size         Type   Attr      Idx    E Section Name        Object

    0x08000000   0x00000188   Data   RO         1493    RESET               startup_stm32f40_41xxx.o
    0x08000188   0x00000008   Code   RO         8308  * !!!main             c_w.l(__main.o)
    0x08000190   0x00000000   Code   RO         8299    .ARM.Collect$$_printf_percent$$00000000  c_w.l(_printf_percent.o)
    0x08000190   0x00000006   Code   RO         8398    .ARM.Collect$$_printf_percent$$00000001  c_w.l(_printf_n.o)
    0x08000196   0x00000006   Code   RO         8399    .ARM.Collect$$_printf_percent$$00000002  c_w.l(_printf_p.o)
    0x0800019c   0x00000006   Code   RO         8298    .ARM.Collect$$_printf_percent$$00000003  c_w.l(_printf_f.o)
    0x080001a2   0x00000006   Code   RO         8403    .ARM.Collect$$_printf_percent$$00000004  c_w.l(_printf_e.o)
    0x080001a8   0x00000006   Code   RO         8404    .ARM.Collect$$_printf_percent$$00000005  c_w.l(_printf_g.o)
    0x080001ae   0x00000006   Code   RO         8405    .ARM.Collect$$_printf_percent$$00000006  c_w.l(_printf_a.o)
    0x080001b4   0x0000000a   Code   RO         8410    .ARM.Collect$$_printf_percent$$00000007  c_w.l(_printf_ll.o)
    0x080001be   0x00000006   Code   RO         8401    .ARM.Collect$$_printf_percent$$00000008  c_w.l(_printf_i.o)
    0x080001c4   0x00000006   Code   RO         8297    .ARM.Collect$$_printf_percent$$00000009  c_w.l(_printf_d.o)
    0x080001ca   0x00000006   Code   RO         8402    .ARM.Collect$$_printf_percent$$0000000A  c_w.l(_printf_u.o)
    0x080001d0   0x00000006   Code   RO         8400    .ARM.Collect$$_printf_percent$$0000000B  c_w.l(_printf_o.o)
    0x080001d6   0x00000006   Code   RO         8296    .ARM.Collect$$_printf_percent$$0000000C  c_w.l(_printf_x.o)
    0x080001dc   0x00000006   Code   RO         8407    .ARM.Collect$$_printf_percent$$0000000D  c_w.l(_printf_lli.o)
    0x080001e2   0x00000006   Code   RO         8408    .ARM.Collect$$_printf_percent$$0000000E  c_w.l(_printf_lld.o)
    0x080001e8   0x00000006   Code   RO         8409    .ARM.Collect$$_printf_percent$$0000000F  c_w.l(_printf_llu.o)
    0x080001ee   0x00000006   Code   RO         8414    .ARM.Collect$$_printf_percent$$00000010  c_w.l(_printf_llo.o)
    0x080001f4   0x00000006   Code   RO         8415    .ARM.Collect$$_printf_percent$$00000011  c_w.l(_printf_llx.o)
    0x080001fa   0x0000000a   Code   RO         8411    .ARM.Collect$$_printf_percent$$00000012  c_w.l(_printf_l.o)
    0x08000204   0x00000006   Code   RO         8396    .ARM.Collect$$_printf_percent$$00000013  c_w.l(_printf_c.o)
    0x0800020a   0x00000006   Code   RO         8397    .ARM.Collect$$_printf_percent$$00000014  c_w.l(_printf_s.o)
    0x08000210   0x00000006   Code   RO         8412    .ARM.Collect$$_printf_percent$$00000015  c_w.l(_printf_lc.o)
    0x08000216   0x00000006   Code   RO         8413    .ARM.Collect$$_printf_percent$$00000016  c_w.l(_printf_ls.o)
    0x0800021c   0x00000004   Code   RO         8406    .ARM.Collect$$_printf_percent$$00000017  c_w.l(_printf_percent_end.o)
    0x08000220   0x00000002   Code   RO         8566    .ARM.Collect$$libinit$$00000000  c_w.l(libinit.o)
    0x08000222   0x00000004   Code   RO         8567    .ARM.Collect$$libinit$$00000001  c_w.l(libinit2.o)
    0x08000226   0x00000000   Code   RO         8570    .ARM.Collect$$libinit$$00000004  c_w.l(libinit2.o)
    0x08000226   0x00000000   Code   RO         8573    .ARM.Collect$$libinit$$0000000A  c_w.l(libinit2.o)
    0x08000226   0x00000000   Code   RO         8575    .ARM.Collect$$libinit$$0000000C  c_w.l(libinit2.o)
    0x08000226   0x00000000   Code   RO         8577    .ARM.Collect$$libinit$$0000000E  c_w.l(libinit2.o)
    0x08000226   0x00000006   Code   RO         8578    .ARM.Collect$$libinit$$0000000F  c_w.l(libinit2.o)
    0x0800022c   0x00000000   Code   RO         8580    .ARM.Collect$$libinit$$00000011  c_w.l(libinit2.o)
    0x0800022c   0x0000000c   Code   RO         8581    .ARM.Collect$$libinit$$00000012  c_w.l(libinit2.o)
    0x08000238   0x00000000   Code   RO         8582    .ARM.Collect$$libinit$$00000013  c_w.l(libinit2.o)
    0x08000238   0x00000000   Code   RO         8584    .ARM.Collect$$libinit$$00000015  c_w.l(libinit2.o)
    0x08000238   0x0000000a   Code   RO         8585    .ARM.Collect$$libinit$$00000016  c_w.l(libinit2.o)
    0x08000242   0x00000000   Code   RO         8586    .ARM.Collect$$libinit$$00000017  c_w.l(libinit2.o)
    0x08000242   0x00000000   Code   RO         8588    .ARM.Collect$$libinit$$00000019  c_w.l(libinit2.o)
    0x08000242   0x00000000   Code   RO         8590    .ARM.Collect$$libinit$$0000001B  c_w.l(libinit2.o)
    0x08000242   0x00000000   Code   RO         8592    .ARM.Collect$$libinit$$0000001D  c_w.l(libinit2.o)
    0x08000242   0x00000000   Code   RO         8594    .ARM.Collect$$libinit$$0000001F  c_w.l(libinit2.o)
    0x08000242   0x00000000   Code   RO         8596    .ARM.Collect$$libinit$$00000021  c_w.l(libinit2.o)
    0x08000242   0x00000000   Code   RO         8598    .ARM.Collect$$libinit$$00000023  c_w.l(libinit2.o)
    0x08000242   0x00000000   Code   RO         8600    .ARM.Collect$$libinit$$00000025  c_w.l(libinit2.o)
    0x08000242   0x00000000   Code   RO         8604    .ARM.Collect$$libinit$$0000002C  c_w.l(libinit2.o)
    0x08000242   0x00000000   Code   RO         8606    .ARM.Collect$$libinit$$0000002E  c_w.l(libinit2.o)
    0x08000242   0x00000000   Code   RO         8608    .ARM.Collect$$libinit$$00000030  c_w.l(libinit2.o)
    0x08000242   0x00000000   Code   RO         8610    .ARM.Collect$$libinit$$00000032  c_w.l(libinit2.o)
    0x08000242   0x00000002   Code   RO         8611    .ARM.Collect$$libinit$$00000033  c_w.l(libinit2.o)
    0x08000244   0x00000002   Code   RO         8644    .ARM.Collect$$libshutdown$$00000000  c_w.l(libshutdown.o)
    0x08000246   0x00000000   Code   RO         8656    .ARM.Collect$$libshutdown$$00000003  c_w.l(libshutdown2.o)
    0x08000246   0x00000000   Code   RO         8659    .ARM.Collect$$libshutdown$$00000006  c_w.l(libshutdown2.o)
    0x08000246   0x00000000   Code   RO         8662    .ARM.Collect$$libshutdown$$00000009  c_w.l(libshutdown2.o)
    0x08000246   0x00000000   Code   RO         8664    .ARM.Collect$$libshutdown$$0000000B  c_w.l(libshutdown2.o)
    0x08000246   0x00000000   Code   RO         8667    .ARM.Collect$$libshutdown$$0000000E  c_w.l(libshutdown2.o)
    0x08000246   0x00000002   Code   RO         8668    .ARM.Collect$$libshutdown$$0000000F  c_w.l(libshutdown2.o)
    0x08000248   0x00000000   Code   RO         8366    .ARM.Collect$$rtentry$$00000000  c_w.l(__rtentry.o)
    0x08000248   0x00000000   Code   RO         8475    .ARM.Collect$$rtentry$$00000002  c_w.l(__rtentry2.o)
    0x08000248   0x00000006   Code   RO         8487    .ARM.Collect$$rtentry$$00000004  c_w.l(__rtentry4.o)
    0x0800024e   0x00000000   Code   RO         8477    .ARM.Collect$$rtentry$$00000009  c_w.l(__rtentry2.o)
    0x0800024e   0x00000004   Code   RO         8478    .ARM.Collect$$rtentry$$0000000A  c_w.l(__rtentry2.o)
    0x08000252   0x00000000   Code   RO         8480    .ARM.Collect$$rtentry$$0000000C  c_w.l(__rtentry2.o)
    0x08000252   0x00000008   Code   RO         8481    .ARM.Collect$$rtentry$$0000000D  c_w.l(__rtentry2.o)
    0x0800025a   0x00000002   Code   RO         8612    .ARM.Collect$$rtexit$$00000000  c_w.l(rtexit.o)
    0x0800025c   0x00000000   Code   RO         8622    .ARM.Collect$$rtexit$$00000002  c_w.l(rtexit2.o)
    0x0800025c   0x00000004   Code   RO         8623    .ARM.Collect$$rtexit$$00000003  c_w.l(rtexit2.o)
    0x08000260   0x00000006   Code   RO         8624    .ARM.Collect$$rtexit$$00000004  c_w.l(rtexit2.o)
    0x08000266   0x00000002   PAD
    0x08000268   0x000000b6   Code   RO         7025    .emb_text           port.o
    0x0800031e   0x00000002   PAD
    0x08000320   0x00000040   Code   RO         1494    .text               startup_stm32f40_41xxx.o
    0x08000360   0x00000024   Code   RO         8245    .text               c_w.l(vsprintf.o)
    0x08000384   0x0000002c   Code   RO         8247    .text               c_w.l(__2sprintf.o)
    0x080003b0   0x00000078   Code   RO         8253    .text               c_w.l(_printf_dec.o)
    0x08000428   0x00000094   Code   RO         8273    .text               c_w.l(_printf_hex_int_ll_ptr.o)
    0x080004bc   0x00000188   Code   RO         8293    .text               c_w.l(__printf_flags_ss_wp.o)
    0x08000644   0x0000003e   Code   RO         8300    .text               c_w.l(strlen.o)
    0x08000682   0x00000006   Code   RO         8306    .text               c_w.l(heapauxi.o)
    0x08000688   0x0000004e   Code   RO         8369    .text               c_w.l(_printf_pad.o)
    0x080006d6   0x00000024   Code   RO         8371    .text               c_w.l(_printf_truncate.o)
    0x080006fa   0x00000052   Code   RO         8373    .text               c_w.l(_printf_str.o)
    0x0800074c   0x000000b2   Code   RO         8375    .text               c_w.l(_printf_intcommon.o)
    0x080007fe   0x00000028   Code   RO         8377    .text               c_w.l(_printf_charcount.o)
    0x08000826   0x0000041a   Code   RO         8379    .text               c_w.l(_printf_fp_dec.o)
    0x08000c40   0x00000030   Code   RO         8381    .text               c_w.l(_printf_char_common.o)
    0x08000c70   0x0000000a   Code   RO         8383    .text               c_w.l(_sputc.o)
    0x08000c7a   0x00000002   PAD
    0x08000c7c   0x000000bc   Code   RO         8385    .text               c_w.l(_printf_wctomb.o)
    0x08000d38   0x0000007c   Code   RO         8388    .text               c_w.l(_printf_longlong_dec.o)
    0x08000db4   0x00000070   Code   RO         8394    .text               c_w.l(_printf_oct_int_ll.o)
    0x08000e24   0x00000008   Code   RO         8492    .text               c_w.l(rt_locale_intlibspace.o)
    0x08000e2c   0x0000008a   Code   RO         8499    .text               c_w.l(lludiv10.o)
    0x08000eb6   0x00000002   PAD
    0x08000eb8   0x000002fc   Code   RO         8501    .text               c_w.l(_printf_fp_hex.o)
    0x080011b4   0x00000080   Code   RO         8504    .text               c_w.l(_printf_fp_infnan.o)
    0x08001234   0x0000002c   Code   RO         8508    .text               c_w.l(_printf_char.o)
    0x08001260   0x0000002c   Code   RO         8510    .text               c_w.l(_printf_wchar.o)
    0x0800128c   0x000000dc   Code   RO         8512    .text               c_w.l(bigflt0.o)
    0x08001368   0x00000040   Code   RO         8537    .text               c_w.l(_wcrtomb.o)
    0x080013a8   0x00000008   Code   RO         8550    .text               c_w.l(libspace.o)
    0x080013b0   0x0000004a   Code   RO         8553    .text               c_w.l(sys_stackheap_outer.o)
    0x080013fa   0x00000002   PAD
    0x080013fc   0x00000010   Code   RO         8555    .text               c_w.l(rt_ctype_table.o)
    0x0800140c   0x0000000c   Code   RO         8557    .text               c_w.l(exit.o)
    0x08001418   0x00000080   Code   RO         8559    .text               c_w.l(strcmpv7m.o)
    0x08001498   0x0000000c   Code   RO         8634    .text               c_w.l(sys_exit.o)
    0x080014a4   0x00000002   Code   RO         8645    .text               c_w.l(use_no_semi.o)
    0x080014a6   0x00000000   Code   RO         8647    .text               c_w.l(indicate_semi.o)
    0x080014a6   0x0000003e   Code   RO         8515    CL$$btod_d2e        c_w.l(btod.o)
    0x080014e4   0x00000046   Code   RO         8517    CL$$btod_d2e_denorm_low  c_w.l(btod.o)
    0x0800152a   0x00000060   Code   RO         8516    CL$$btod_d2e_norm_op1  c_w.l(btod.o)
    0x0800158a   0x00000338   Code   RO         8525    CL$$btod_div_common  c_w.l(btod.o)
    0x080018c2   0x000000c6   Code   RO         8522    CL$$btod_e2e        c_w.l(btod.o)
    0x08001988   0x00000028   Code   RO         8519    CL$$btod_ediv       c_w.l(btod.o)
    0x080019b0   0x00000028   Code   RO         8518    CL$$btod_emul       c_w.l(btod.o)
    0x080019d8   0x00000244   Code   RO         8524    CL$$btod_mult_common  c_w.l(btod.o)
    0x08001c1c   0x00000004   Code   RO          143    i.BusFault_Handler  stm32f4xx_it.o
    0x08001c20   0x000000e4   Code   RO         1140    i.C620_GetMotorInfo  bsp_esc.o
    0x08001d04   0x00000080   Code   RO         1141    i.C620_SendCurrentVal  bsp_esc.o
    0x08001d84   0x000000fc   Code   RO          749    i.CAN1_Init         drv_can.o
    0x08001e80   0x00000038   Code   RO          144    i.CAN1_RX0_IRQHandler  stm32f4xx_it.o
    0x08001eb8   0x0000001c   Code   RO          145    i.CAN1_TX_IRQHandler  stm32f4xx_it.o
    0x08001ed4   0x00000030   Code   RO          146    i.CAN2_RX0_IRQHandler  stm32f4xx_it.o
    0x08001f04   0x0000001c   Code   RO          147    i.CAN2_TX_IRQHandler  stm32f4xx_it.o
    0x08001f20   0x00000038   Code   RO         1787    i.CAN_ClearFlag     stm32f4xx_can.o
    0x08001f58   0x000000a8   Code   RO         1788    i.CAN_ClearITPendingBit  stm32f4xx_can.o
    0x08002000   0x00000108   Code   RO         1792    i.CAN_FilterInit    stm32f4xx_can.o
    0x08002108   0x00000120   Code   RO         1794    i.CAN_GetITStatus   stm32f4xx_can.o
    0x08002228   0x00000012   Code   RO         1798    i.CAN_ITConfig      stm32f4xx_can.o
    0x0800223a   0x00000114   Code   RO         1799    i.CAN_Init          stm32f4xx_can.o
    0x0800234e   0x000000f0   Code   RO         1802    i.CAN_Receive       stm32f4xx_can.o
    0x0800243e   0x00000126   Code   RO         1807    i.CAN_Transmit      stm32f4xx_can.o
    0x08002564   0x00000012   Code   RO         1810    i.CheckITStatus     stm32f4xx_can.o
    0x08002576   0x00000002   Code   RO          148    i.DebugMon_Handler  stm32f4xx_it.o
    0x08002578   0x00000220   Code   RO          688    i.GPIO_Format_Init  drv_gpio.o
    0x08002798   0x00000090   Code   RO         3223    i.GPIO_Init         stm32f4xx_gpio.o
    0x08002828   0x00000046   Code   RO         3224    i.GPIO_PinAFConfig  stm32f4xx_gpio.o
    0x0800286e   0x00000004   Code   RO         3230    i.GPIO_ResetBits    stm32f4xx_gpio.o
    0x08002872   0x00000004   Code   RO         3231    i.GPIO_SetBits      stm32f4xx_gpio.o
    0x08002876   0x00000004   Code   RO          149    i.HardFault_Handler  stm32f4xx_it.o
    0x0800287a   0x00000002   PAD
    0x0800287c   0x00000024   Code   RO          961    i.LED_Init          bsp_led.o
    0x080028a0   0x00000050   Code   RO          962    i.LED_Task          bsp_led.o
    0x080028f0   0x00000004   Code   RO          150    i.MemManage_Handler  stm32f4xx_it.o
    0x080028f4   0x00000098   Code   RO         8132    i.Moto_1ms_task     demo_moto.o
    0x0800298c   0x00000042   Code   RO         7644    i.Moto_API_Cal_GetCurrentVelocityMode  moto_control.o
    0x080029ce   0x00000002   PAD
    0x080029d0   0x00000090   Code   RO         7646    i.Moto_API_PID_Init  moto_control.o
    0x08002a60   0x0000000a   Code   RO         7649    i.Moto_API_SetMotoInfo  moto_control.o
    0x08002a6a   0x0000003c   Code   RO         7651    i.Moto_API_SetVelocityPID  moto_control.o
    0x08002aa6   0x00000002   PAD
    0x08002aa8   0x00000010   Code   RO         8133    i.Moto_Init         demo_moto.o
    0x08002ab8   0x00000030   Code   RO         8134    i.Moto_Set_PID      demo_moto.o
    0x08002ae8   0x00000002   Code   RO          151    i.NMI_Handler       stm32f4xx_it.o
    0x08002aea   0x00000002   PAD
    0x08002aec   0x00000078   Code   RO         1500    i.NVIC_Init         misc.o
    0x08002b64   0x00000014   Code   RO         1501    i.NVIC_PriorityGroupConfig  misc.o
    0x08002b78   0x0000001a   Code   RO         7765    i.PID_API_inputData_getOutputPosition  pid.o
    0x08002b92   0x00000064   Code   RO         7766    i.PID_API_set_parameter  pid.o
    0x08002bf6   0x00000006   Code   RO         7767    i.PID_API_set_reference  pid.o
    0x08002bfc   0x0000006c   Code   RO         7770    i.PID_cal_positon_err  pid.o
    0x08002c68   0x000000a8   Code   RO         7771    i.PID_cal_positon_output  pid.o
    0x08002d10   0x00000040   Code   RO         7777    i.PID_t_data_clear  pid.o
    0x08002d50   0x00000020   Code   RO         4087    i.RCC_AHB1PeriphClockCmd  stm32f4xx_rcc.o
    0x08002d70   0x00000020   Code   RO         4096    i.RCC_APB1PeriphClockCmd  stm32f4xx_rcc.o
    0x08002d90   0x00000020   Code   RO         4099    i.RCC_APB2PeriphClockCmd  stm32f4xx_rcc.o
    0x08002db0   0x000000e8   Code   RO         4108    i.RCC_GetClocksFreq  stm32f4xx_rcc.o
    0x08002e98   0x00000134   Code   RO         1194    i.RemoteAnalyzeTask  bsp_joystick.o
    0x08002fcc   0x0000000c   Code   RO         1213    i.Remote_GetLX      bsp_joystick.o
    0x08002fd8   0x0000000c   Code   RO         1217    i.Remote_GetV1      bsp_joystick.o
    0x08002fe4   0x0000000c   Code   RO         1218    i.Remote_GetV2      bsp_joystick.o
    0x08002ff0   0x0000000c   Code   RO         1219    i.Remote_GetV3      bsp_joystick.o
    0x08002ffc   0x000001a8   Code   RO          531    i.Serial_Send       drv_uart.o
    0x080031a4   0x0000001e   Code   RO          532    i.Serial_SendByte   drv_uart.o
    0x080031c2   0x00000002   PAD
    0x080031c4   0x000000ec   Code   RO            3    i.SetSysClock       system_stm32f4xx.o
    0x080032b0   0x00000028   Code   RO         1504    i.SysTick_CLKSourceConfig  misc.o
    0x080032d8   0x00000002   Code   RO          485    i.SysTick_Handler   drv_systick.o
    0x080032da   0x00000002   PAD
    0x080032dc   0x00000068   Code   RO            5    i.SystemInit        system_stm32f4xx.o
    0x08003344   0x0000006c   Code   RO          404    i.System_Init       init.o
    0x080033b0   0x00000020   Code   RO          152    i.TIM2_IRQHandler   stm32f4xx_it.o
    0x080033d0   0x0000001c   Code   RO          153    i.TIM3_IRQHandler   stm32f4xx_it.o
    0x080033ec   0x00000006   Code   RO         5429    i.TIM_ClearITPendingBit  stm32f4xx_tim.o
    0x080033f2   0x00000022   Code   RO         5455    i.TIM_GetITStatus   stm32f4xx_tim.o
    0x08003414   0x0000001c   Code   RO          154    i.USART1_IRQHandler  stm32f4xx_it.o
    0x08003430   0x000000b4   Code   RO          533    i.USART1_Init       drv_uart.o
    0x080034e4   0x00000008   Code   RO          155    i.USART2_IRQHandler  stm32f4xx_it.o
    0x080034ec   0x000000b0   Code   RO          534    i.USART2_Init       drv_uart.o
    0x0800359c   0x00000020   Code   RO          156    i.USART3_IRQHandler  stm32f4xx_it.o
    0x080035bc   0x0000001c   Code   RO          157    i.USART6_IRQHandler  stm32f4xx_it.o
    0x080035d8   0x0000001e   Code   RO         5981    i.USART_ClearITPendingBit  stm32f4xx_usart.o
    0x080035f6   0x00000018   Code   RO         5984    i.USART_Cmd         stm32f4xx_usart.o
    0x0800360e   0x0000001a   Code   RO         5987    i.USART_GetFlagStatus  stm32f4xx_usart.o
    0x08003628   0x0000004a   Code   RO         5990    i.USART_ITConfig    stm32f4xx_usart.o
    0x08003672   0x00000002   PAD
    0x08003674   0x000000d4   Code   RO         5991    i.USART_Init        stm32f4xx_usart.o
    0x08003748   0x0000000a   Code   RO         5998    i.USART_ReceiveData  stm32f4xx_usart.o
    0x08003752   0x00000008   Code   RO         6001    i.USART_SendData    stm32f4xx_usart.o
    0x0800375a   0x00000002   PAD
    0x0800375c   0x000000dc   Code   RO         1220    i.UnPack            bsp_joystick.o
    0x08003838   0x000000a4   Code   RO         1221    i.UpdateRemoteInfo  bsp_joystick.o
    0x080038dc   0x00000004   Code   RO          158    i.UsageFault_Handler  stm32f4xx_it.o
    0x080038e0   0x00000030   Code   RO         8546    i.__ARM_fpclassify  m_wm.l(fpclassify.o)
    0x08003910   0x0000000e   Code   RO         8286    i._is_digit         c_w.l(__printf_wp.o)
    0x0800391e   0x0000002e   Code   RO         7878    i.absLimit          user_math.o
    0x0800394c   0x0000001c   Code   RO         7879    i.absLimit_int16    user_math.o
    0x08003968   0x0000003c   Code   RO          486    i.delay_init        drv_systick.o
    0x080039a4   0x00000012   Code   RO          487    i.delay_ms          drv_systick.o
    0x080039b6   0x00000002   PAD
    0x080039b8   0x00000048   Code   RO          488    i.delay_us          drv_systick.o
    0x08003a00   0x00000068   Code   RO          537    i.itoa              drv_uart.o
    0x08003a68   0x000000e0   Code   RO          344    i.main              main.o
    0x08003b48   0x00000050   Code   RO          538    i.my_printf         drv_uart.o
    0x08003b98   0x0000008c   Code   RO         6698    i.vTaskSwitchContext  tasks.o
    0x08003c24   0x0000002c   Code   RO         8540    locale$$code        c_w.l(lc_numeric_c.o)
    0x08003c50   0x0000002c   Code   RO         8615    locale$$code        c_w.l(lc_ctype_c.o)
    0x08003c7c   0x00000062   Code   RO         8310    x$fpl$d2f           fz_wm.l(d2f.o)
    0x08003cde   0x00000002   PAD
    0x08003ce0   0x000002b0   Code   RO         8319    x$fpl$ddiv          fz_wm.l(ddiv.o)
    0x08003f90   0x0000002e   Code   RO         8327    x$fpl$dflt          fz_wm.l(dflt_clz.o)
    0x08003fbe   0x0000009c   Code   RO         8424    x$fpl$dnaninf       fz_wm.l(dnaninf.o)
    0x0800405a   0x0000000c   Code   RO         8426    x$fpl$dretinf       fz_wm.l(dretinf.o)
    0x08004066   0x0000000a   Code   RO         8619    x$fpl$fpinit        fz_wm.l(fpinit.o)
    0x08004070   0x0000000a   Code   RO         8430    x$fpl$fretinf       fz_wm.l(fretinf.o)
    0x0800407a   0x00000004   Code   RO         8340    x$fpl$printf1       fz_wm.l(printf1.o)
    0x0800407e   0x00000004   Code   RO         8432    x$fpl$printf2       fz_wm.l(printf2.o)
    0x08004082   0x00000000   Code   RO         8438    x$fpl$usenofp       fz_wm.l(usenofp.o)
    0x08004082   0x00000028   Data   RO         8274    .constdata          c_w.l(_printf_hex_int_ll_ptr.o)
    0x080040aa   0x00000011   Data   RO         8294    .constdata          c_w.l(__printf_flags_ss_wp.o)
    0x080040bb   0x00000001   PAD
    0x080040bc   0x00000008   Data   RO         8386    .constdata          c_w.l(_printf_wctomb.o)
    0x080040c4   0x00000026   Data   RO         8502    .constdata          c_w.l(_printf_fp_hex.o)
    0x080040ea   0x00000002   PAD
    0x080040ec   0x00000094   Data   RO         8513    .constdata          c_w.l(bigflt0.o)
    0x08004180   0x00000000   Data   RO         8693    Region$$Table       anon$$obj.o
    0x08004180   0x0000001c   Data   RO         8539    locale$$data        c_w.l(lc_numeric_c.o)
    0x0800419c   0x00000110   Data   RO         8614    locale$$data        c_w.l(lc_ctype_c.o)


    Execution Region RW_IRAM1 (Base: 0x20000000, Size: 0x00000938, Max: 0x00020000, ABSOLUTE)

    Base Addr    Size         Type   Attr      Idx    E Section Name        Object

    0x20000000   0x00000001   Data   RW          490    .data               drv_systick.o
    0x20000001   0x00000001   PAD
    0x20000002   0x00000004   Data   RW          963    .data               bsp_led.o
    0x20000006   0x00000007   Data   RW         1223    .data               bsp_joystick.o
    0x2000000d   0x00000010   Data   RW         4140    .data               stm32f4xx_rcc.o
    0x2000001d   0x00000003   PAD
    0x20000020   0x0000003c   Data   RW         6712    .data               tasks.o
    0x2000005c   0x0000000c   Data   RW         8136    .data               demo_moto.o
    0x20000068   0x00000060   Zero   RW         1144    .bss                bsp_esc.o
    0x200000c8   0x0000004c   Zero   RW         1222    .bss                bsp_joystick.o
    0x20000114   0x0000012c   Zero   RW         6711    .bss                tasks.o
    0x20000240   0x00000094   Zero   RW         8135    .bss                demo_moto.o
    0x200002d4   0x00000060   Zero   RW         8551    .bss                c_w.l(libspace.o)
    0x20000334   0x00000004   PAD
    0x20000338   0x00000200   Zero   RW         1492    HEAP                startup_stm32f40_41xxx.o
    0x20000538   0x00000400   Zero   RW         1491    STACK               startup_stm32f40_41xxx.o

